<?xml version="1.0" encoding="ISO-8859-1" ?>
<link_info>
   <banner>TMS320C2000 Linker Unix v22.6.1.LTS</banner>
   <copyright>Copyright (c) 1996-2018 Texas Instruments Incorporated</copyright>
   <link_time>0x6864a37d</link_time>
   <link_errors>0x0</link_errors>
   <output_file>F280049_CLA_ADC.out</output_file>
   <entry_point>
      <name>code_start</name>
      <address>0x80000</address>
   </entry_point>
   <input_file_list>
      <input_file id="fl-2">
         <path>./syscfg/</path>
         <kind>object</kind>
         <file>board.obj</file>
         <name>board.obj</name>
      </input_file>
      <input_file id="fl-3">
         <path>./syscfg/</path>
         <kind>object</kind>
         <file>c2000ware_libraries.obj</file>
         <name>c2000ware_libraries.obj</name>
      </input_file>
      <input_file id="fl-4">
         <path>./</path>
         <kind>object</kind>
         <file>main.obj</file>
         <name>main.obj</name>
      </input_file>
      <input_file id="fl-5">
         <path>./</path>
         <kind>object</kind>
         <file>task.obj</file>
         <name>task.obj</name>
      </input_file>
      <input_file id="fl-6">
         <path>./device/</path>
         <kind>object</kind>
         <file>device.obj</file>
         <name>device.obj</name>
      </input_file>
      <input_file id="fl-7">
         <path>./device/</path>
         <kind>object</kind>
         <file>f28004x_codestartbranch.obj</file>
         <name>f28004x_codestartbranch.obj</name>
      </input_file>
      <input_file id="fl-d">
         <kind>object</kind>
         <file>&lt;internal&gt;</file>
         <name>&lt;internal&gt;</name>
      </input_file>
      <input_file id="fl-11">
         <path>/Applications/ti/c2000/C2000Ware_5_04_00_00/driverlib/f28004x/driverlib/ccs/Debug/</path>
         <kind>archive</kind>
         <file>driverlib_eabi.lib</file>
         <name>adc.obj</name>
      </input_file>
      <input_file id="fl-12">
         <path>/Applications/ti/c2000/C2000Ware_5_04_00_00/driverlib/f28004x/driverlib/ccs/Debug/</path>
         <kind>archive</kind>
         <file>driverlib_eabi.lib</file>
         <name>cla.obj</name>
      </input_file>
      <input_file id="fl-13">
         <path>/Applications/ti/c2000/C2000Ware_5_04_00_00/driverlib/f28004x/driverlib/ccs/Debug/</path>
         <kind>archive</kind>
         <file>driverlib_eabi.lib</file>
         <name>dcc.obj</name>
      </input_file>
      <input_file id="fl-14">
         <path>/Applications/ti/c2000/C2000Ware_5_04_00_00/driverlib/f28004x/driverlib/ccs/Debug/</path>
         <kind>archive</kind>
         <file>driverlib_eabi.lib</file>
         <name>epwm.obj</name>
      </input_file>
      <input_file id="fl-15">
         <path>/Applications/ti/c2000/C2000Ware_5_04_00_00/driverlib/f28004x/driverlib/ccs/Debug/</path>
         <kind>archive</kind>
         <file>driverlib_eabi.lib</file>
         <name>flash.obj</name>
      </input_file>
      <input_file id="fl-16">
         <path>/Applications/ti/c2000/C2000Ware_5_04_00_00/driverlib/f28004x/driverlib/ccs/Debug/</path>
         <kind>archive</kind>
         <file>driverlib_eabi.lib</file>
         <name>gpio.obj</name>
      </input_file>
      <input_file id="fl-17">
         <path>/Applications/ti/c2000/C2000Ware_5_04_00_00/driverlib/f28004x/driverlib/ccs/Debug/</path>
         <kind>archive</kind>
         <file>driverlib_eabi.lib</file>
         <name>interrupt.obj</name>
      </input_file>
      <input_file id="fl-18">
         <path>/Applications/ti/c2000/C2000Ware_5_04_00_00/driverlib/f28004x/driverlib/ccs/Debug/</path>
         <kind>archive</kind>
         <file>driverlib_eabi.lib</file>
         <name>memcfg.obj</name>
      </input_file>
      <input_file id="fl-19">
         <path>/Applications/ti/c2000/C2000Ware_5_04_00_00/driverlib/f28004x/driverlib/ccs/Debug/</path>
         <kind>archive</kind>
         <file>driverlib_eabi.lib</file>
         <name>sysctl.obj</name>
      </input_file>
      <input_file id="fl-25">
         <path>/Applications/ti/ccs2011/ccs/tools/compiler/ti-cgt-c2000_22.6.1.LTS/lib/</path>
         <kind>archive</kind>
         <file>rts2800_fpu32_eabi.lib</file>
         <name>boot28.asm.obj</name>
      </input_file>
      <input_file id="fl-26">
         <path>/Applications/ti/ccs2011/ccs/tools/compiler/ti-cgt-c2000_22.6.1.LTS/lib/</path>
         <kind>archive</kind>
         <file>rts2800_fpu32_eabi.lib</file>
         <name>fs_div28.asm.obj</name>
      </input_file>
      <input_file id="fl-27">
         <path>/Applications/ti/ccs2011/ccs/tools/compiler/ti-cgt-c2000_22.6.1.LTS/lib/</path>
         <kind>archive</kind>
         <file>rts2800_fpu32_eabi.lib</file>
         <name>memcpy.c.obj</name>
      </input_file>
      <input_file id="fl-28">
         <path>/Applications/ti/ccs2011/ccs/tools/compiler/ti-cgt-c2000_22.6.1.LTS/lib/</path>
         <kind>archive</kind>
         <file>rts2800_fpu32_eabi.lib</file>
         <name>pre_init.c.obj</name>
      </input_file>
      <input_file id="fl-29">
         <path>/Applications/ti/ccs2011/ccs/tools/compiler/ti-cgt-c2000_22.6.1.LTS/lib/</path>
         <kind>archive</kind>
         <file>rts2800_fpu32_eabi.lib</file>
         <name>autoinit.c.obj</name>
      </input_file>
      <input_file id="fl-2a">
         <path>/Applications/ti/ccs2011/ccs/tools/compiler/ti-cgt-c2000_22.6.1.LTS/lib/</path>
         <kind>archive</kind>
         <file>rts2800_fpu32_eabi.lib</file>
         <name>copy_zero_init.c.obj</name>
      </input_file>
      <input_file id="fl-2b">
         <path>/Applications/ti/ccs2011/ccs/tools/compiler/ti-cgt-c2000_22.6.1.LTS/lib/</path>
         <kind>archive</kind>
         <file>rts2800_fpu32_eabi.lib</file>
         <name>copy_decompress_none.c.obj</name>
      </input_file>
      <input_file id="fl-2c">
         <path>/Applications/ti/ccs2011/ccs/tools/compiler/ti-cgt-c2000_22.6.1.LTS/lib/</path>
         <kind>archive</kind>
         <file>rts2800_fpu32_eabi.lib</file>
         <name>copy_decompress_lzss.c.obj</name>
      </input_file>
      <input_file id="fl-2d">
         <path>/Applications/ti/ccs2011/ccs/tools/compiler/ti-cgt-c2000_22.6.1.LTS/lib/</path>
         <kind>archive</kind>
         <file>rts2800_fpu32_eabi.lib</file>
         <name>exit.c.obj</name>
      </input_file>
      <input_file id="fl-2e">
         <path>/Applications/ti/ccs2011/ccs/tools/compiler/ti-cgt-c2000_22.6.1.LTS/lib/</path>
         <kind>archive</kind>
         <file>rts2800_fpu32_eabi.lib</file>
         <name>_lock.c.obj</name>
      </input_file>
      <input_file id="fl-2f">
         <path>/Applications/ti/ccs2011/ccs/tools/compiler/ti-cgt-c2000_22.6.1.LTS/lib/</path>
         <kind>archive</kind>
         <file>rts2800_fpu32_eabi.lib</file>
         <name>args_main.c.obj</name>
      </input_file>
      <input_file id="fl-30">
         <path>/Applications/ti/ccs2011/ccs/tools/compiler/ti-cgt-c2000_22.6.1.LTS/lib/</path>
         <kind>archive</kind>
         <file>rts2800_fpu32_eabi.lib</file>
         <name>memset.c.obj</name>
      </input_file>
      <input_file id="fl-31">
         <path>/Applications/ti/ccs2011/ccs/tools/compiler/ti-cgt-c2000_22.6.1.LTS/lib/</path>
         <kind>archive</kind>
         <file>rts2800_fpu32_eabi.lib</file>
         <name>cpy_tbl.c.obj</name>
      </input_file>
      <input_file id="fl-32">
         <path>/Applications/ti/ccs2011/ccs/tools/compiler/ti-cgt-c2000_22.6.1.LTS/lib/</path>
         <kind>archive</kind>
         <file>rts2800_fpu32_eabi.lib</file>
         <name>startup.c.obj</name>
      </input_file>
   </input_file_list>
   <object_component_list>
      <object_component id="oc-517">
         <name>.cinit..data.load</name>
         <load_address>0x8112c</load_address>
         <run_address>0x8112c</run_address>
         <size>0xb</size>
      </object_component>
      <object_component id="oc-514">
         <name>__TI_handler_table</name>
         <load_address>0x81138</load_address>
         <run_address>0x81138</run_address>
         <size>0x6</size>
      </object_component>
      <object_component id="oc-516">
         <name>.cinit..bss.load</name>
         <load_address>0x8113e</load_address>
         <run_address>0x8113e</run_address>
         <size>0x4</size>
      </object_component>
      <object_component id="oc-51a">
         <name>.cinit..bss_cla.load</name>
         <load_address>0x81142</load_address>
         <run_address>0x81142</run_address>
         <size>0x4</size>
      </object_component>
      <object_component id="oc-519">
         <name>.cinit..scratchpad.load</name>
         <load_address>0x81146</load_address>
         <run_address>0x81146</run_address>
         <size>0x4</size>
      </object_component>
      <object_component id="oc-518">
         <name>.cinit.Cla1ToCpuMsgRAM.load</name>
         <load_address>0x8114a</load_address>
         <run_address>0x8114a</run_address>
         <size>0x4</size>
      </object_component>
      <object_component id="oc-515">
         <name>__TI_cinit_table</name>
         <load_address>0x8114e</load_address>
         <run_address>0x8114e</run_address>
         <size>0x14</size>
      </object_component>
      <object_component id="oc-1c6">
         <name>.text:Device_enableAllPeripherals</name>
         <load_address>0x82000</load_address>
         <run_address>0x82000</run_address>
         <size>0xe0</size>
         <input_file_ref idref="fl-6"/>
      </object_component>
      <object_component id="oc-1ad">
         <name>.text:SysCtl_setClock</name>
         <load_address>0x820e0</load_address>
         <run_address>0x820e0</run_address>
         <size>0xc8</size>
         <input_file_ref idref="fl-19"/>
      </object_component>
      <object_component id="oc-211">
         <name>.text:EPWM_init</name>
         <load_address>0x821a8</load_address>
         <run_address>0x821a8</run_address>
         <size>0xc0</size>
         <input_file_ref idref="fl-2"/>
      </object_component>
      <object_component id="oc-275">
         <name>.text:SysCtl_isPLLValid</name>
         <load_address>0x82268</load_address>
         <run_address>0x82268</run_address>
         <size>0xbd</size>
         <input_file_ref idref="fl-19"/>
      </object_component>
      <object_component id="oc-205">
         <name>.text:MEMCFG_init</name>
         <load_address>0x82325</load_address>
         <run_address>0x82325</run_address>
         <size>0x99</size>
         <input_file_ref idref="fl-2"/>
      </object_component>
      <object_component id="oc-348">
         <name>.text:EPWM_setADCTriggerSource</name>
         <load_address>0x823be</load_address>
         <run_address>0x823be</run_address>
         <size>0x75</size>
         <input_file_ref idref="fl-2"/>
      </object_component>
      <object_component id="oc-3a5">
         <name>.text:DCC_setCounterSeeds</name>
         <load_address>0x82433</load_address>
         <run_address>0x82433</run_address>
         <size>0x73</size>
         <input_file_ref idref="fl-19"/>
      </object_component>
      <object_component id="oc-2d4">
         <name>.text:MemCfg_setProtection</name>
         <load_address>0x824a6</load_address>
         <run_address>0x824a6</run_address>
         <size>0x72</size>
         <input_file_ref idref="fl-18"/>
      </object_component>
      <object_component id="oc-16a">
         <name>.text:Device_init</name>
         <load_address>0x82518</load_address>
         <run_address>0x82518</run_address>
         <size>0x62</size>
         <input_file_ref idref="fl-6"/>
      </object_component>
      <object_component id="oc-1b9">
         <name>.text:SysCtl_getClock</name>
         <load_address>0x8257a</load_address>
         <run_address>0x8257a</run_address>
         <size>0x5e</size>
         <input_file_ref idref="fl-19"/>
      </object_component>
      <object_component id="oc-1d2">
         <name>.text:GPIO_setPadConfig</name>
         <load_address>0x825d8</load_address>
         <run_address>0x825d8</run_address>
         <size>0x52</size>
         <input_file_ref idref="fl-16"/>
      </object_component>
      <object_component id="oc-26e">
         <name>.text:SysCtl_selectOscSource</name>
         <load_address>0x8262a</load_address>
         <run_address>0x8262a</run_address>
         <size>0x4d</size>
         <input_file_ref idref="fl-19"/>
      </object_component>
      <object_component id="oc-406">
         <name>.text:ADC_setVREF</name>
         <load_address>0x82677</load_address>
         <run_address>0x82677</run_address>
         <size>0x4c</size>
         <input_file_ref idref="fl-11"/>
      </object_component>
      <object_component id="oc-2e7">
         <name>.text:myADCA_init</name>
         <load_address>0x826c3</load_address>
         <run_address>0x826c3</run_address>
         <size>0x49</size>
         <input_file_ref idref="fl-2"/>
      </object_component>
      <object_component id="oc-3b">
         <name>.text:cla1Isr1</name>
         <load_address>0x8270c</load_address>
         <run_address>0x8270c</run_address>
         <size>0x48</size>
         <input_file_ref idref="fl-4"/>
      </object_component>
      <object_component id="oc-42a">
         <name>.text:ADC_setupSOC</name>
         <load_address>0x82754</load_address>
         <run_address>0x82754</run_address>
         <size>0x46</size>
         <input_file_ref idref="fl-2"/>
      </object_component>
      <object_component id="oc-46e">
         <name>.text:SysCtl_pollX1Counter</name>
         <load_address>0x8279a</load_address>
         <run_address>0x8279a</run_address>
         <size>0x45</size>
         <input_file_ref idref="fl-19"/>
      </object_component>
      <object_component id="oc-324">
         <name>.text:EPWM_setActionQualifierAction</name>
         <load_address>0x827df</load_address>
         <run_address>0x827df</run_address>
         <size>0x40</size>
         <input_file_ref idref="fl-2"/>
      </object_component>
      <object_component id="oc-368">
         <name>.text:SysCtl_selectXTAL</name>
         <load_address>0x8281f</load_address>
         <run_address>0x8281f</run_address>
         <size>0x40</size>
         <input_file_ref idref="fl-19"/>
      </object_component>
      <object_component id="oc-31e">
         <name>.text:EPWM_setCounterCompareShadowLoadMode</name>
         <load_address>0x8285f</load_address>
         <run_address>0x8285f</run_address>
         <size>0x3e</size>
         <input_file_ref idref="fl-2"/>
      </object_component>
      <object_component id="oc-176">
         <name>.text:Interrupt_initModule</name>
         <load_address>0x8289d</load_address>
         <run_address>0x8289d</run_address>
         <size>0x3d</size>
         <input_file_ref idref="fl-17"/>
      </object_component>
      <object_component id="oc-34e">
         <name>.text:EPWM_setADCTriggerEventPrescale</name>
         <load_address>0x828da</load_address>
         <run_address>0x828da</run_address>
         <size>0x3a</size>
         <input_file_ref idref="fl-2"/>
      </object_component>
      <object_component id="oc-1de">
         <name>.text:GPIO_setAnalogMode</name>
         <load_address>0x82914</load_address>
         <run_address>0x82914</run_address>
         <size>0x3a</size>
         <input_file_ref idref="fl-16"/>
      </object_component>
      <object_component id="oc-2c8">
         <name>.text:MemCfg_setLSRAMControllerSel</name>
         <load_address>0x8294e</load_address>
         <run_address>0x8294e</run_address>
         <size>0x39</size>
         <input_file_ref idref="fl-18"/>
      </object_component>
      <object_component id="oc-294">
         <name>.text:GPIO_setPinConfig</name>
         <load_address>0x82987</load_address>
         <run_address>0x82987</run_address>
         <size>0x37</size>
         <input_file_ref idref="fl-16"/>
      </object_component>
      <object_component id="oc-29a">
         <name>.text:GPIO_setQualificationMode</name>
         <load_address>0x829be</load_address>
         <run_address>0x829be</run_address>
         <size>0x37</size>
         <input_file_ref idref="fl-16"/>
      </object_component>
      <object_component id="oc-97">
         <name>.text:Interrupt_enable</name>
         <load_address>0x829f5</load_address>
         <run_address>0x829f5</run_address>
         <size>0x37</size>
         <input_file_ref idref="fl-17"/>
      </object_component>
      <object_component id="oc-1d8">
         <name>.text:GPIO_setDirectionMode</name>
         <load_address>0x82a2c</load_address>
         <run_address>0x82a2c</run_address>
         <size>0x31</size>
         <input_file_ref idref="fl-16"/>
      </object_component>
      <object_component id="oc-1d">
         <name>.text:decompress:lzss</name>
         <load_address>0x82a5d</load_address>
         <run_address>0x82a5d</run_address>
         <size>0x30</size>
         <input_file_ref idref="fl-2c"/>
      </object_component>
      <object_component id="oc-436">
         <name>.text:ADC_setInterruptSource</name>
         <load_address>0x82a8d</load_address>
         <run_address>0x82a8d</run_address>
         <size>0x2f</size>
         <input_file_ref idref="fl-2"/>
      </object_component>
      <object_component id="oc-430">
         <name>.text:ADC_setInterruptSOCTrigger</name>
         <load_address>0x82abc</load_address>
         <run_address>0x82abc</run_address>
         <size>0x2e</size>
         <input_file_ref idref="fl-2"/>
      </object_component>
      <object_component id="oc-458">
         <name>.text:EPWM_isBaseValid</name>
         <load_address>0x82aea</load_address>
         <run_address>0x82aea</run_address>
         <size>0x2b</size>
         <input_file_ref idref="fl-2"/>
      </object_component>
      <object_component id="oc-44f">
         <name>.text:EPWM_isBaseValid</name>
         <load_address>0x82b15</load_address>
         <run_address>0x82b15</run_address>
         <size>0x2b</size>
         <input_file_ref idref="fl-14"/>
      </object_component>
      <object_component id="oc-10f">
         <name>.text:__TI_auto_init_nobinit_nopinit</name>
         <load_address>0x82b40</load_address>
         <run_address>0x82b40</run_address>
         <size>0x2b</size>
         <input_file_ref idref="fl-29"/>
      </object_component>
      <object_component id="oc-fe">
         <name>.text</name>
         <load_address>0x82b6b</load_address>
         <run_address>0x82b6b</run_address>
         <size>0x29</size>
         <input_file_ref idref="fl-2d"/>
      </object_component>
      <object_component id="oc-4b2">
         <name>.text:ADC_setOffsetTrimAll</name>
         <load_address>0x82b94</load_address>
         <run_address>0x82b94</run_address>
         <size>0x28</size>
         <input_file_ref idref="fl-11"/>
      </object_component>
      <object_component id="oc-2a7">
         <name>.text:SysCtl_setSyncInputConfig</name>
         <load_address>0x82bbc</load_address>
         <run_address>0x82bbc</run_address>
         <size>0x27</size>
         <input_file_ref idref="fl-2"/>
      </object_component>
      <object_component id="oc-3e0">
         <name>.text:CLA_setTriggerSource</name>
         <load_address>0x82be3</load_address>
         <run_address>0x82be3</run_address>
         <size>0x26</size>
         <input_file_ref idref="fl-12"/>
      </object_component>
      <object_component id="oc-36e">
         <name>.text:SysCtl_selectXTALSingleEnded</name>
         <load_address>0x82c09</load_address>
         <run_address>0x82c09</run_address>
         <size>0x25</size>
         <input_file_ref idref="fl-19"/>
      </object_component>
      <object_component id="oc-3ab">
         <name>.text:DCC_enableSingleShotMode</name>
         <load_address>0x82c2e</load_address>
         <run_address>0x82c2e</run_address>
         <size>0x24</size>
         <input_file_ref idref="fl-19"/>
      </object_component>
      <object_component id="oc-2ce">
         <name>.text:MemCfg_setCLAMemType</name>
         <load_address>0x82c52</load_address>
         <run_address>0x82c52</run_address>
         <size>0x24</size>
         <input_file_ref idref="fl-2"/>
      </object_component>
      <object_component id="oc-2c1">
         <name>.text:myCLA0_init</name>
         <load_address>0x82c76</load_address>
         <run_address>0x82c76</run_address>
         <size>0x24</size>
         <input_file_ref idref="fl-2"/>
      </object_component>
      <object_component id="oc-318">
         <name>.text:EPWM_setCounterCompareValue</name>
         <load_address>0x82c9a</load_address>
         <run_address>0x82c9a</run_address>
         <size>0x22</size>
         <input_file_ref idref="fl-2"/>
      </object_component>
      <object_component id="oc-442">
         <name>.text:ADC_enableContinuousMode</name>
         <load_address>0x82cbc</load_address>
         <run_address>0x82cbc</run_address>
         <size>0x20</size>
         <input_file_ref idref="fl-2"/>
      </object_component>
      <object_component id="oc-448">
         <name>.text:ADC_enableInterrupt</name>
         <load_address>0x82cdc</load_address>
         <run_address>0x82cdc</run_address>
         <size>0x20</size>
         <input_file_ref idref="fl-2"/>
      </object_component>
      <object_component id="oc-336">
         <name>.text:EPWM_setFallingEdgeDelayCountShadowLoadMode</name>
         <load_address>0x82cfc</load_address>
         <run_address>0x82cfc</run_address>
         <size>0x1f</size>
         <input_file_ref idref="fl-2"/>
      </object_component>
      <object_component id="oc-32a">
         <name>.text:EPWM_setRisingEdgeDelayCountShadowLoadMode</name>
         <load_address>0x82d1b</load_address>
         <run_address>0x82d1b</run_address>
         <size>0x1f</size>
         <input_file_ref idref="fl-2"/>
      </object_component>
      <object_component id="oc-39f">
         <name>.text:DCC_setCounter1ClkSource</name>
         <load_address>0x82d3a</load_address>
         <run_address>0x82d3a</run_address>
         <size>0x1e</size>
         <input_file_ref idref="fl-19"/>
      </object_component>
      <object_component id="oc-312">
         <name>.text:EPWM_setPhaseShift</name>
         <load_address>0x82d58</load_address>
         <run_address>0x82d58</run_address>
         <size>0x1e</size>
         <input_file_ref idref="fl-2"/>
      </object_component>
      <object_component id="oc-48">
         <name>.text:Interrupt_initVectorTable</name>
         <load_address>0x82d76</load_address>
         <run_address>0x82d76</run_address>
         <size>0x1e</size>
         <input_file_ref idref="fl-17"/>
      </object_component>
      <object_component id="oc-1ed">
         <name>.text:PinMux_init</name>
         <load_address>0x82d94</load_address>
         <run_address>0x82d94</run_address>
         <size>0x1e</size>
         <input_file_ref idref="fl-2"/>
      </object_component>
      <object_component id="oc-1f3">
         <name>.text:SYNC_init</name>
         <load_address>0x82db2</load_address>
         <run_address>0x82db2</run_address>
         <size>0x1e</size>
         <input_file_ref idref="fl-2"/>
      </object_component>
      <object_component id="oc-62">
         <name>.text</name>
         <load_address>0x82dd0</load_address>
         <run_address>0x82dd0</run_address>
         <size>0x1d</size>
         <input_file_ref idref="fl-27"/>
      </object_component>
      <object_component id="oc-424">
         <name>.text:ADC_setSOCPriority</name>
         <load_address>0x82ded</load_address>
         <run_address>0x82ded</run_address>
         <size>0x1c</size>
         <input_file_ref idref="fl-2"/>
      </object_component>
      <object_component id="oc-399">
         <name>.text:DCC_setCounter0ClkSource</name>
         <load_address>0x82e09</load_address>
         <run_address>0x82e09</run_address>
         <size>0x1c</size>
         <input_file_ref idref="fl-19"/>
      </object_component>
      <object_component id="oc-342">
         <name>.text:EPWM_enableADCTrigger</name>
         <load_address>0x82e25</load_address>
         <run_address>0x82e25</run_address>
         <size>0x1c</size>
         <input_file_ref idref="fl-2"/>
      </object_component>
      <object_component id="oc-2f4">
         <name>.text:EPWM_setClockPrescaler</name>
         <load_address>0x82e41</load_address>
         <run_address>0x82e41</run_address>
         <size>0x1c</size>
         <input_file_ref idref="fl-2"/>
      </object_component>
      <object_component id="oc-1c0">
         <name>.text:SysCtl_getLowSpeedClock</name>
         <load_address>0x82e5d</load_address>
         <run_address>0x82e5d</run_address>
         <size>0x1a</size>
         <input_file_ref idref="fl-19"/>
      </object_component>
      <object_component id="oc-2ba">
         <name>.text:ASysCtl_setAnalogReferenceExternal</name>
         <load_address>0x82e77</load_address>
         <run_address>0x82e77</run_address>
         <size>0x18</size>
         <input_file_ref idref="fl-2"/>
      </object_component>
      <object_component id="oc-33c">
         <name>.text:EPWM_disableFallingEdgeDelayCountShadowLoadMode</name>
         <load_address>0x82e8f</load_address>
         <run_address>0x82e8f</run_address>
         <size>0x18</size>
         <input_file_ref idref="fl-2"/>
      </object_component>
      <object_component id="oc-330">
         <name>.text:EPWM_disableRisingEdgeDelayCountShadowLoadMode</name>
         <load_address>0x82ea7</load_address>
         <run_address>0x82ea7</run_address>
         <size>0x18</size>
         <input_file_ref idref="fl-2"/>
      </object_component>
      <object_component id="oc-4ba">
         <name>.text:ADC_isBaseValid</name>
         <load_address>0x82ebf</load_address>
         <run_address>0x82ebf</run_address>
         <size>0x17</size>
         <input_file_ref idref="fl-2"/>
      </object_component>
      <object_component id="oc-4ab">
         <name>.text:ADC_isBaseValid</name>
         <load_address>0x82ed6</load_address>
         <run_address>0x82ed6</run_address>
         <size>0x17</size>
         <input_file_ref idref="fl-11"/>
      </object_component>
      <object_component id="oc-be">
         <name>.text:ADC_isBaseValid</name>
         <load_address>0x82eed</load_address>
         <run_address>0x82eed</run_address>
         <size>0x17</size>
         <input_file_ref idref="fl-4"/>
      </object_component>
      <object_component id="oc-1ff">
         <name>.text:CLA_init</name>
         <load_address>0x82f04</load_address>
         <run_address>0x82f04</run_address>
         <size>0x17</size>
         <input_file_ref idref="fl-2"/>
      </object_component>
      <object_component id="oc-280">
         <name>.text:SysCtl_enablePeripheral</name>
         <load_address>0x82f1b</load_address>
         <run_address>0x82f1b</run_address>
         <size>0x17</size>
         <input_file_ref idref="fl-6"/>
      </object_component>
      <object_component id="oc-375">
         <name>.text:SysCtl_enablePeripheral</name>
         <load_address>0x82f32</load_address>
         <run_address>0x82f32</run_address>
         <size>0x17</size>
         <input_file_ref idref="fl-19"/>
      </object_component>
      <object_component id="oc-b7">
         <name>.text</name>
         <load_address>0x82f49</load_address>
         <run_address>0x82f49</run_address>
         <size>0x17</size>
         <input_file_ref idref="fl-25"/>
      </object_component>
      <object_component id="oc-412">
         <name>.text:ADC_setInterruptPulseMode</name>
         <load_address>0x82f60</load_address>
         <run_address>0x82f60</run_address>
         <size>0x16</size>
         <input_file_ref idref="fl-2"/>
      </object_component>
      <object_component id="oc-40c">
         <name>.text:ADC_setPrescaler</name>
         <load_address>0x82f76</load_address>
         <run_address>0x82f76</run_address>
         <size>0x16</size>
         <input_file_ref idref="fl-2"/>
      </object_component>
      <object_component id="oc-3f8">
         <name>.text:CLA_enableTasks</name>
         <load_address>0x82f8c</load_address>
         <run_address>0x82f8c</run_address>
         <size>0x16</size>
         <input_file_ref idref="fl-2"/>
      </object_component>
      <object_component id="oc-3da">
         <name>.text:CLA_mapTaskVector</name>
         <load_address>0x82fa2</load_address>
         <run_address>0x82fa2</run_address>
         <size>0x16</size>
         <input_file_ref idref="fl-2"/>
      </object_component>
      <object_component id="oc-393">
         <name>.text:DCC_disableDoneSignal</name>
         <load_address>0x82fb8</load_address>
         <run_address>0x82fb8</run_address>
         <size>0x16</size>
         <input_file_ref idref="fl-19"/>
      </object_component>
      <object_component id="oc-3b7">
         <name>.text:DCC_enableDoneSignal</name>
         <load_address>0x82fce</load_address>
         <run_address>0x82fce</run_address>
         <size>0x16</size>
         <input_file_ref idref="fl-19"/>
      </object_component>
      <object_component id="oc-2ee">
         <name>.text:EPWM_setEmulationMode</name>
         <load_address>0x82fe4</load_address>
         <run_address>0x82fe4</run_address>
         <size>0x16</size>
         <input_file_ref idref="fl-14"/>
      </object_component>
      <object_component id="oc-1f9">
         <name>.text:ASYSCTL_init</name>
         <load_address>0x82ffa</load_address>
         <run_address>0x82ffa</run_address>
         <size>0x6</size>
         <input_file_ref idref="fl-2"/>
      </object_component>
      <object_component id="oc-47">
         <name>.text:Interrupt_defaultHandler</name>
         <load_address>0x83000</load_address>
         <run_address>0x83000</run_address>
         <size>0x16</size>
         <input_file_ref idref="fl-17"/>
      </object_component>
      <object_component id="oc-41e">
         <name>.text:ADC_disableBurstMode</name>
         <load_address>0x83016</load_address>
         <run_address>0x83016</run_address>
         <size>0x15</size>
         <input_file_ref idref="fl-2"/>
      </object_component>
      <object_component id="oc-3ec">
         <name>.text:CLA_disableBackgroundTask</name>
         <load_address>0x8302b</load_address>
         <run_address>0x8302b</run_address>
         <size>0x15</size>
         <input_file_ref idref="fl-2"/>
      </object_component>
      <object_component id="oc-3f2">
         <name>.text:CLA_enableIACK</name>
         <load_address>0x83040</load_address>
         <run_address>0x83040</run_address>
         <size>0x15</size>
         <input_file_ref idref="fl-2"/>
      </object_component>
      <object_component id="oc-381">
         <name>.text:DCC_clearDoneFlag</name>
         <load_address>0x83055</load_address>
         <run_address>0x83055</run_address>
         <size>0x15</size>
         <input_file_ref idref="fl-19"/>
      </object_component>
      <object_component id="oc-37b">
         <name>.text:DCC_clearErrorFlag</name>
         <load_address>0x8306a</load_address>
         <run_address>0x8306a</run_address>
         <size>0x15</size>
         <input_file_ref idref="fl-19"/>
      </object_component>
      <object_component id="oc-38d">
         <name>.text:DCC_disableErrorSignal</name>
         <load_address>0x8307f</load_address>
         <run_address>0x8307f</run_address>
         <size>0x15</size>
         <input_file_ref idref="fl-19"/>
      </object_component>
      <object_component id="oc-3b1">
         <name>.text:DCC_enableErrorSignal</name>
         <load_address>0x83094</load_address>
         <run_address>0x83094</run_address>
         <size>0x15</size>
         <input_file_ref idref="fl-19"/>
      </object_component>
      <object_component id="oc-1e5">
         <name>.text:GPIO_unlockPortConfig</name>
         <load_address>0x830a9</load_address>
         <run_address>0x830a9</run_address>
         <size>0x15</size>
         <input_file_ref idref="fl-6"/>
      </object_component>
      <object_component id="oc-43c">
         <name>.text:ADC_clearInterruptStatus</name>
         <load_address>0x830be</load_address>
         <run_address>0x830be</run_address>
         <size>0x14</size>
         <input_file_ref idref="fl-2"/>
      </object_component>
      <object_component id="oc-82">
         <name>.text:ADC_clearInterruptStatus</name>
         <load_address>0x830d2</load_address>
         <run_address>0x830d2</run_address>
         <size>0x14</size>
         <input_file_ref idref="fl-4"/>
      </object_component>
      <object_component id="oc-387">
         <name>.text:DCC_disableModule</name>
         <load_address>0x830e6</load_address>
         <run_address>0x830e6</run_address>
         <size>0x14</size>
         <input_file_ref idref="fl-19"/>
      </object_component>
      <object_component id="oc-3bd">
         <name>.text:DCC_enableModule</name>
         <load_address>0x830fa</load_address>
         <run_address>0x830fa</run_address>
         <size>0x14</size>
         <input_file_ref idref="fl-19"/>
      </object_component>
      <object_component id="oc-306">
         <name>.text:EPWM_setTimeBaseCounterMode</name>
         <load_address>0x8310e</load_address>
         <run_address>0x8310e</run_address>
         <size>0x14</size>
         <input_file_ref idref="fl-2"/>
      </object_component>
      <object_component id="oc-2fa">
         <name>.text:EPWM_setTimeBasePeriod</name>
         <load_address>0x83122</load_address>
         <run_address>0x83122</run_address>
         <size>0x14</size>
         <input_file_ref idref="fl-2"/>
      </object_component>
      <object_component id="oc-288">
         <name>.text:GPIO_isPinValid</name>
         <load_address>0x83136</load_address>
         <run_address>0x83136</run_address>
         <size>0x14</size>
         <input_file_ref idref="fl-16"/>
      </object_component>
      <object_component id="oc-418">
         <name>.text:ADC_enableConverter</name>
         <load_address>0x8314a</load_address>
         <run_address>0x8314a</run_address>
         <size>0x13</size>
         <input_file_ref idref="fl-2"/>
      </object_component>
      <object_component id="oc-17c">
         <name>.text:Board_init</name>
         <load_address>0x8315d</load_address>
         <run_address>0x8315d</run_address>
         <size>0x13</size>
         <input_file_ref idref="fl-2"/>
      </object_component>
      <object_component id="oc-300">
         <name>.text:EPWM_setTimeBaseCounter</name>
         <load_address>0x83170</load_address>
         <run_address>0x83170</run_address>
         <size>0x12</size>
         <input_file_ref idref="fl-2"/>
      </object_component>
      <object_component id="oc-2a1">
         <name>.text:SysCtl_setSyncOutputConfig</name>
         <load_address>0x83182</load_address>
         <run_address>0x83182</run_address>
         <size>0x12</size>
         <input_file_ref idref="fl-2"/>
      </object_component>
      <object_component id="oc-30c">
         <name>.text:EPWM_disablePhaseShiftLoad</name>
         <load_address>0x83194</load_address>
         <run_address>0x83194</run_address>
         <size>0x11</size>
         <input_file_ref idref="fl-2"/>
      </object_component>
      <object_component id="oc-47d">
         <name>.text:DCC_isBaseValid</name>
         <load_address>0x831a5</load_address>
         <run_address>0x831a5</run_address>
         <size>0x10</size>
         <input_file_ref idref="fl-19"/>
      </object_component>
      <object_component id="oc-170">
         <name>.text:Device_initGPIO</name>
         <load_address>0x831b5</load_address>
         <run_address>0x831b5</run_address>
         <size>0x10</size>
         <input_file_ref idref="fl-6"/>
      </object_component>
      <object_component id="oc-228">
         <name>.text:Flash_isCtrlBaseValid</name>
         <load_address>0x831c5</load_address>
         <run_address>0x831c5</run_address>
         <size>0x10</size>
         <input_file_ref idref="fl-15"/>
      </object_component>
      <object_component id="oc-22f">
         <name>.text:Flash_isECCBaseValid</name>
         <load_address>0x831d5</load_address>
         <run_address>0x831d5</run_address>
         <size>0x10</size>
         <input_file_ref idref="fl-15"/>
      </object_component>
      <object_component id="oc-1cc">
         <name>.text:ASysCtl_disableDCDC</name>
         <load_address>0x831e5</load_address>
         <run_address>0x831e5</run_address>
         <size>0xf</size>
         <input_file_ref idref="fl-6"/>
      </object_component>
      <object_component id="oc-49b">
         <name>.text:CLA_isBaseValid</name>
         <load_address>0x831f4</load_address>
         <run_address>0x831f4</run_address>
         <size>0xf</size>
         <input_file_ref idref="fl-2"/>
      </object_component>
      <object_component id="oc-91">
         <name>.text:Interrupt_register</name>
         <load_address>0x83203</load_address>
         <run_address>0x83203</run_address>
         <size>0xf</size>
         <input_file_ref idref="fl-2"/>
      </object_component>
      <object_component id="oc-13f">
         <name>.text:main</name>
         <load_address>0x83212</load_address>
         <run_address>0x83212</run_address>
         <size>0xf</size>
         <input_file_ref idref="fl-4"/>
      </object_component>
      <object_component id="oc-3c">
         <name>.text:INTERRUPT_init</name>
         <load_address>0x83221</load_address>
         <run_address>0x83221</run_address>
         <size>0xd</size>
         <input_file_ref idref="fl-2"/>
      </object_component>
      <object_component id="oc-d3">
         <name>.text:Interrupt_disableGlobal</name>
         <load_address>0x8322e</load_address>
         <run_address>0x8322e</run_address>
         <size>0xd</size>
         <input_file_ref idref="fl-17"/>
      </object_component>
      <object_component id="oc-d9">
         <name>.text:Interrupt_enableGlobal</name>
         <load_address>0x8323b</load_address>
         <run_address>0x8323b</run_address>
         <size>0xd</size>
         <input_file_ref idref="fl-17"/>
      </object_component>
      <object_component id="oc-1b3">
         <name>.text:SysCtl_setLowSpeedClock</name>
         <load_address>0x83248</load_address>
         <run_address>0x83248</run_address>
         <size>0xd</size>
         <input_file_ref idref="fl-6"/>
      </object_component>
      <object_component id="oc-6a">
         <name>.text:decompress:ZI:__TI_zero_init_nomemset</name>
         <load_address>0x83255</load_address>
         <run_address>0x83255</run_address>
         <size>0xd</size>
         <input_file_ref idref="fl-2a"/>
      </object_component>
      <object_component id="oc-2ad">
         <name>.text:SysCtl_enableExtADCSOCSource</name>
         <load_address>0x83262</load_address>
         <run_address>0x83262</run_address>
         <size>0xc</size>
         <input_file_ref idref="fl-2"/>
      </object_component>
      <object_component id="oc-f8">
         <name>.text</name>
         <load_address>0x8326e</load_address>
         <run_address>0x8326e</run_address>
         <size>0xc</size>
         <input_file_ref idref="fl-2f"/>
      </object_component>
      <object_component id="oc-2e0">
         <name>.text:MemCfg_disableCorrErrorInterrupt</name>
         <load_address>0x8327a</load_address>
         <run_address>0x8327a</run_address>
         <size>0xb</size>
         <input_file_ref idref="fl-2"/>
      </object_component>
      <object_component id="oc-1a1">
         <name>.text:SysCtl_disableWatchdog</name>
         <load_address>0x83285</load_address>
         <run_address>0x83285</run_address>
         <size>0xb</size>
         <input_file_ref idref="fl-6"/>
      </object_component>
      <object_component id="oc-268">
         <name>.text:SysCtl_isMCDClockFailureDetected</name>
         <load_address>0x83290</load_address>
         <run_address>0x83290</run_address>
         <size>0xb</size>
         <input_file_ref idref="fl-19"/>
      </object_component>
      <object_component id="oc-53">
         <name>.text:Interrupt_illegalOperationHandler</name>
         <load_address>0x8329b</load_address>
         <run_address>0x8329b</run_address>
         <size>0xa</size>
         <input_file_ref idref="fl-17"/>
      </object_component>
      <object_component id="oc-59">
         <name>.text:Interrupt_nmiHandler</name>
         <load_address>0x832a5</load_address>
         <run_address>0x832a5</run_address>
         <size>0xa</size>
         <input_file_ref idref="fl-17"/>
      </object_component>
      <object_component id="oc-2da">
         <name>.text:MemCfg_setCorrErrorThreshold</name>
         <load_address>0x832af</load_address>
         <run_address>0x832af</run_address>
         <size>0x9</size>
         <input_file_ref idref="fl-2"/>
      </object_component>
      <object_component id="oc-18e">
         <name>.text</name>
         <load_address>0x832b8</load_address>
         <run_address>0x832b8</run_address>
         <size>0x9</size>
         <input_file_ref idref="fl-2e"/>
      </object_component>
      <object_component id="oc-23">
         <name>.text:decompress:none</name>
         <load_address>0x832c1</load_address>
         <run_address>0x832c1</run_address>
         <size>0x8</size>
         <input_file_ref idref="fl-2b"/>
      </object_component>
      <object_component id="oc-76">
         <name>.text</name>
         <load_address>0x832c9</load_address>
         <run_address>0x832c9</run_address>
         <size>0x8</size>
         <input_file_ref idref="fl-7"/>
      </object_component>
      <object_component id="oc-2b4">
         <name>.text:ASysCtl_disableTemperatureSensor</name>
         <load_address>0x832d1</load_address>
         <run_address>0x832d1</run_address>
         <size>0x7</size>
         <input_file_ref idref="fl-2"/>
      </object_component>
      <object_component id="oc-474">
         <name>.text:SysCtl_resetMCD</name>
         <load_address>0x832d8</load_address>
         <run_address>0x832d8</run_address>
         <size>0x7</size>
         <input_file_ref idref="fl-19"/>
      </object_component>
      <object_component id="oc-c5">
         <name>.text:__error__</name>
         <load_address>0x832df</load_address>
         <run_address>0x832df</run_address>
         <size>0x7</size>
         <input_file_ref idref="fl-6"/>
      </object_component>
      <object_component id="oc-7c">
         <name>.text:Interrupt_clearACKGroup</name>
         <load_address>0x832e6</load_address>
         <run_address>0x832e6</run_address>
         <size>0x6</size>
         <input_file_ref idref="fl-4"/>
      </object_component>
      <object_component id="oc-20b">
         <name>.text:ADC_init</name>
         <load_address>0x832ec</load_address>
         <run_address>0x832ec</run_address>
         <size>0x3</size>
         <input_file_ref idref="fl-2"/>
      </object_component>
      <object_component id="oc-f1">
         <name>.text</name>
         <load_address>0x832ef</load_address>
         <run_address>0x832ef</run_address>
         <size>0x2</size>
         <input_file_ref idref="fl-28"/>
      </object_component>
      <object_component id="oc-182">
         <name>.text:C2000Ware_libraries_init</name>
         <load_address>0x832f1</load_address>
         <run_address>0x832f1</run_address>
         <size>0x1</size>
         <input_file_ref idref="fl-3"/>
      </object_component>
      <object_component id="oc-155">
         <name>.text</name>
         <load_address>0x832f2</load_address>
         <run_address>0x832f2</run_address>
         <size>0x1</size>
         <input_file_ref idref="fl-32"/>
      </object_component>
      <object_component id="oc-2a">
         <name>codestart</name>
         <load_address>0x80000</load_address>
         <run_address>0x80000</run_address>
         <size>0x2</size>
         <input_file_ref idref="fl-7"/>
      </object_component>
      <object_component id="oc-5f">
         <name>.stack</name>
         <uninitialized>true</uninitialized>
         <run_address>0x400</run_address>
         <size>0x0</size>
         <input_file_ref idref="fl-25"/>
      </object_component>
      <object_component id="oc-51b">
         <name>.stack</name>
         <uninitialized>true</uninitialized>
         <run_address>0x400</run_address>
         <size>0x0</size>
      </object_component>
      <object_component id="oc-88">
         <name>.bss:AdcBuf</name>
         <uninitialized>true</uninitialized>
         <run_address>0xa800</run_address>
         <size>0x1f4</size>
         <input_file_ref idref="fl-4"/>
      </object_component>
      <object_component id="oc-8b">
         <name>.data</name>
         <load_address>0xb00a</load_address>
         <run_address>0xb00a</run_address>
         <size>0x2</size>
         <input_file_ref idref="fl-4"/>
      </object_component>
      <object_component id="oc-147">
         <name>.data</name>
         <load_address>0xb000</load_address>
         <run_address>0xb000</run_address>
         <size>0x6</size>
         <input_file_ref idref="fl-2d"/>
      </object_component>
      <object_component id="oc-14a">
         <name>.data:_lock</name>
         <load_address>0xb006</load_address>
         <run_address>0xb006</run_address>
         <size>0x2</size>
         <input_file_ref idref="fl-2e"/>
      </object_component>
      <object_component id="oc-21a">
         <name>.data:_unlock</name>
         <load_address>0xb008</load_address>
         <run_address>0xb008</run_address>
         <size>0x2</size>
         <input_file_ref idref="fl-2e"/>
      </object_component>
      <object_component id="oc-3d2">
         <name>.const:.string</name>
         <load_address>0x84000</load_address>
         <run_address>0x84000</run_address>
         <size>0x18f</size>
         <input_file_ref idref="fl-2"/>
      </object_component>
      <object_component id="oc-22e">
         <name>.const:.string</name>
         <load_address>0x84190</load_address>
         <run_address>0x84190</run_address>
         <size>0x9b</size>
         <input_file_ref idref="fl-15"/>
      </object_component>
      <object_component id="oc-267">
         <name>.const:.string</name>
         <load_address>0x8422c</load_address>
         <run_address>0x8422c</run_address>
         <size>0x9a</size>
         <input_file_ref idref="fl-19"/>
      </object_component>
      <object_component id="oc-455">
         <name>.const:.string</name>
         <load_address>0x842c6</load_address>
         <run_address>0x842c6</run_address>
         <size>0x98</size>
         <input_file_ref idref="fl-14"/>
      </object_component>
      <object_component id="oc-28e">
         <name>.const:.string</name>
         <load_address>0x8435e</load_address>
         <run_address>0x8435e</run_address>
         <size>0x98</size>
         <input_file_ref idref="fl-16"/>
      </object_component>
      <object_component id="oc-1bf">
         <name>.const:.string</name>
         <load_address>0x843f6</load_address>
         <run_address>0x843f6</run_address>
         <size>0x65</size>
         <input_file_ref idref="fl-6"/>
      </object_component>
      <object_component id="oc-3ff">
         <name>.const:.string</name>
         <load_address>0x8445c</load_address>
         <run_address>0x8445c</run_address>
         <size>0x4e</size>
         <input_file_ref idref="fl-18"/>
      </object_component>
      <object_component id="oc-c4">
         <name>.const:.string</name>
         <load_address>0x844aa</load_address>
         <run_address>0x844aa</run_address>
         <size>0x4e</size>
         <input_file_ref idref="fl-4"/>
      </object_component>
      <object_component id="oc-4b1">
         <name>.const:.string</name>
         <load_address>0x844f8</load_address>
         <run_address>0x844f8</run_address>
         <size>0x4b</size>
         <input_file_ref idref="fl-11"/>
      </object_component>
      <object_component id="oc-48f">
         <name>Cla1Prog:ADC_readResult</name>
         <load_address>0x84544</load_address>
         <run_address>0x8000</run_address>
         <size>0x68</size>
         <input_file_ref idref="fl-5"/>
      </object_component>
      <object_component id="oc-3d4">
         <name>Cla1Prog:Cla1Task1</name>
         <load_address>0x845ac</load_address>
         <run_address>0x8068</run_address>
         <size>0x4a</size>
         <input_file_ref idref="fl-5"/>
      </object_component>
      <object_component id="oc-3e6">
         <name>Cla1Prog:Cla1Task8</name>
         <load_address>0x845f6</load_address>
         <run_address>0x80b2</run_address>
         <size>0xc</size>
         <input_file_ref idref="fl-5"/>
      </object_component>
      <object_component id="oc-8e">
         <name>Cla1ToCpuMsgRAM</name>
         <uninitialized>true</uninitialized>
         <run_address>0x1480</run_address>
         <size>0x4</size>
         <input_file_ref idref="fl-4"/>
      </object_component>
      <object_component id="oc-1a7">
         <name>.TI.ramfunc:Flash_initModule</name>
         <load_address>0x81000</load_address>
         <run_address>0xa000</run_address>
         <size>0x44</size>
         <input_file_ref idref="fl-15"/>
      </object_component>
      <object_component id="oc-235">
         <name>.TI.ramfunc:Flash_setBankPowerMode</name>
         <load_address>0x81044</load_address>
         <run_address>0xa044</run_address>
         <size>0x2c</size>
         <input_file_ref idref="fl-15"/>
      </object_component>
      <object_component id="oc-24d">
         <name>.TI.ramfunc:Flash_setWaitstates</name>
         <load_address>0x81070</load_address>
         <run_address>0xa070</run_address>
         <size>0x24</size>
         <input_file_ref idref="fl-15"/>
      </object_component>
      <object_component id="oc-23b">
         <name>.TI.ramfunc:Flash_setPumpPowerMode</name>
         <load_address>0x81094</load_address>
         <run_address>0xa094</run_address>
         <size>0x1d</size>
         <input_file_ref idref="fl-15"/>
      </object_component>
      <object_component id="oc-241">
         <name>.TI.ramfunc:Flash_disableCache</name>
         <load_address>0x810b1</load_address>
         <run_address>0xa0b1</run_address>
         <size>0x18</size>
         <input_file_ref idref="fl-15"/>
      </object_component>
      <object_component id="oc-247">
         <name>.TI.ramfunc:Flash_disablePrefetch</name>
         <load_address>0x810c9</load_address>
         <run_address>0xa0c9</run_address>
         <size>0x18</size>
         <input_file_ref idref="fl-15"/>
      </object_component>
      <object_component id="oc-253">
         <name>.TI.ramfunc:Flash_enableCache</name>
         <load_address>0x810e1</load_address>
         <run_address>0xa0e1</run_address>
         <size>0x17</size>
         <input_file_ref idref="fl-15"/>
      </object_component>
      <object_component id="oc-259">
         <name>.TI.ramfunc:Flash_enablePrefetch</name>
         <load_address>0x810f8</load_address>
         <run_address>0xa0f8</run_address>
         <size>0x17</size>
         <input_file_ref idref="fl-15"/>
      </object_component>
      <object_component id="oc-25f">
         <name>.TI.ramfunc:Flash_enableECC</name>
         <load_address>0x8110f</load_address>
         <run_address>0xa10f</run_address>
         <size>0x16</size>
         <input_file_ref idref="fl-15"/>
      </object_component>
      <object_component id="oc-274">
         <name>.TI.ramfunc</name>
         <load_address>0x81125</load_address>
         <run_address>0xa125</run_address>
         <size>0x4</size>
         <input_file_ref idref="fl-19"/>
      </object_component>
      <object_component id="oc-4d3">
         <name>.scratchpad:Cla1Prog:ADC_readResult</name>
         <uninitialized>true</uninitialized>
         <run_address>0x8800</run_address>
         <size>0x4</size>
         <input_file_ref idref="fl-5"/>
      </object_component>
      <object_component id="oc-495">
         <name>.scratchpad:Cla1Prog:Cla1Task1</name>
         <uninitialized>true</uninitialized>
         <run_address>0x8804</run_address>
         <size>0x4</size>
         <input_file_ref idref="fl-5"/>
      </object_component>
      <object_component id="oc-496">
         <name>.bss_cla</name>
         <uninitialized>true</uninitialized>
         <run_address>0x8808</run_address>
         <size>0x2</size>
         <input_file_ref idref="fl-5"/>
      </object_component>
      <object_component id="oc-9e">
         <name>.debug_types</name>
         <load_address>0x0</load_address>
         <run_address>0x0</run_address>
         <size>0x2e30</size>
         <input_file_ref idref="fl-2"/>
      </object_component>
      <object_component id="oc-219">
         <name>.debug_types</name>
         <load_address>0x0</load_address>
         <run_address>0x0</run_address>
         <size>0x0</size>
         <input_file_ref idref="fl-3"/>
      </object_component>
      <object_component id="oc-a0">
         <name>.debug_types</name>
         <load_address>0x2e30</load_address>
         <run_address>0x2e30</run_address>
         <size>0x5e</size>
         <input_file_ref idref="fl-4"/>
      </object_component>
      <object_component id="oc-49a">
         <name>.debug_types</name>
         <load_address>0x2e8e</load_address>
         <run_address>0x2e8e</run_address>
         <size>0x3c8</size>
         <input_file_ref idref="fl-5"/>
      </object_component>
      <object_component id="oc-107">
         <name>.debug_types</name>
         <load_address>0x3256</load_address>
         <run_address>0x3256</run_address>
         <size>0xcd2</size>
         <input_file_ref idref="fl-6"/>
      </object_component>
      <object_component id="oc-4b9">
         <name>.debug_types</name>
         <load_address>0x3f28</load_address>
         <run_address>0x3f28</run_address>
         <size>0x151</size>
         <input_file_ref idref="fl-11"/>
      </object_component>
      <object_component id="oc-4a3">
         <name>.debug_types</name>
         <load_address>0x0</load_address>
         <run_address>0x0</run_address>
         <size>0x0</size>
         <input_file_ref idref="fl-12"/>
      </object_component>
      <object_component id="oc-457">
         <name>.debug_types</name>
         <load_address>0x4079</load_address>
         <run_address>0x4079</run_address>
         <size>0x19d</size>
         <input_file_ref idref="fl-14"/>
      </object_component>
      <object_component id="oc-266">
         <name>.debug_types</name>
         <load_address>0x4216</load_address>
         <run_address>0x4216</run_address>
         <size>0x1e9</size>
         <input_file_ref idref="fl-15"/>
      </object_component>
      <object_component id="oc-290">
         <name>.debug_types</name>
         <load_address>0x43ff</load_address>
         <run_address>0x43ff</run_address>
         <size>0x2e2</size>
         <input_file_ref idref="fl-16"/>
      </object_component>
      <object_component id="oc-a2">
         <name>.debug_types</name>
         <load_address>0x0</load_address>
         <run_address>0x0</run_address>
         <size>0x0</size>
         <input_file_ref idref="fl-17"/>
      </object_component>
      <object_component id="oc-401">
         <name>.debug_types</name>
         <load_address>0x46e1</load_address>
         <run_address>0x46e1</run_address>
         <size>0xdc</size>
         <input_file_ref idref="fl-18"/>
      </object_component>
      <object_component id="oc-27c">
         <name>.debug_types</name>
         <load_address>0x47bd</load_address>
         <run_address>0x47bd</run_address>
         <size>0x1d4</size>
         <input_file_ref idref="fl-19"/>
      </object_component>
      <object_component id="oc-aa">
         <name>.debug_types</name>
         <load_address>0x4991</load_address>
         <run_address>0x4991</run_address>
         <size>0x142</size>
         <input_file_ref idref="fl-27"/>
      </object_component>
      <object_component id="oc-10e">
         <name>.debug_types</name>
         <load_address>0x0</load_address>
         <run_address>0x0</run_address>
         <size>0x0</size>
         <input_file_ref idref="fl-28"/>
      </object_component>
      <object_component id="oc-15c">
         <name>.debug_types</name>
         <load_address>0x4ad3</load_address>
         <run_address>0x4ad3</run_address>
         <size>0x470</size>
         <input_file_ref idref="fl-29"/>
      </object_component>
      <object_component id="oc-af">
         <name>.debug_types</name>
         <load_address>0x4f43</load_address>
         <run_address>0x4f43</run_address>
         <size>0x194</size>
         <input_file_ref idref="fl-2a"/>
      </object_component>
      <object_component id="oc-69">
         <name>.debug_types</name>
         <load_address>0x0</load_address>
         <run_address>0x0</run_address>
         <size>0x0</size>
         <input_file_ref idref="fl-2b"/>
      </object_component>
      <object_component id="oc-61">
         <name>.debug_types</name>
         <load_address>0x50d7</load_address>
         <run_address>0x50d7</run_address>
         <size>0x191</size>
         <input_file_ref idref="fl-2c"/>
      </object_component>
      <object_component id="oc-14e">
         <name>.debug_types</name>
         <load_address>0x5268</load_address>
         <run_address>0x5268</run_address>
         <size>0xbf</size>
         <input_file_ref idref="fl-2d"/>
      </object_component>
      <object_component id="oc-196">
         <name>.debug_types</name>
         <load_address>0x5327</load_address>
         <run_address>0x5327</run_address>
         <size>0x2f</size>
         <input_file_ref idref="fl-2e"/>
      </object_component>
      <object_component id="oc-146">
         <name>.debug_types</name>
         <load_address>0x5356</load_address>
         <run_address>0x5356</run_address>
         <size>0xe1</size>
         <input_file_ref idref="fl-2f"/>
      </object_component>
      <object_component id="oc-19b">
         <name>.debug_types</name>
         <load_address>0x0</load_address>
         <run_address>0x0</run_address>
         <size>0x0</size>
         <input_file_ref idref="fl-32"/>
      </object_component>
      <object_component id="oc-4bb">
         <name>.debug_info</name>
         <load_address>0x0</load_address>
         <run_address>0x0</run_address>
         <size>0x185</size>
         <input_file_ref idref="fl-2"/>
      </object_component>
      <object_component id="oc-40d">
         <name>.debug_info</name>
         <load_address>0x185</load_address>
         <run_address>0x185</run_address>
         <size>0x1d2</size>
         <input_file_ref idref="fl-2"/>
      </object_component>
      <object_component id="oc-42b">
         <name>.debug_info</name>
         <load_address>0x357</load_address>
         <run_address>0x357</run_address>
         <size>0x251</size>
         <input_file_ref idref="fl-2"/>
      </object_component>
      <object_component id="oc-431">
         <name>.debug_info</name>
         <load_address>0x5a8</load_address>
         <run_address>0x5a8</run_address>
         <size>0x21e</size>
         <input_file_ref idref="fl-2"/>
      </object_component>
      <object_component id="oc-413">
         <name>.debug_info</name>
         <load_address>0x7c6</load_address>
         <run_address>0x7c6</run_address>
         <size>0x1e0</size>
         <input_file_ref idref="fl-2"/>
      </object_component>
      <object_component id="oc-419">
         <name>.debug_info</name>
         <load_address>0x9a6</load_address>
         <run_address>0x9a6</run_address>
         <size>0x1a9</size>
         <input_file_ref idref="fl-2"/>
      </object_component>
      <object_component id="oc-43d">
         <name>.debug_info</name>
         <load_address>0xb4f</load_address>
         <run_address>0xb4f</run_address>
         <size>0x1de</size>
         <input_file_ref idref="fl-2"/>
      </object_component>
      <object_component id="oc-41f">
         <name>.debug_info</name>
         <load_address>0xd2d</load_address>
         <run_address>0xd2d</run_address>
         <size>0x1ab</size>
         <input_file_ref idref="fl-2"/>
      </object_component>
      <object_component id="oc-425">
         <name>.debug_info</name>
         <load_address>0xed8</load_address>
         <run_address>0xed8</run_address>
         <size>0x1ce</size>
         <input_file_ref idref="fl-2"/>
      </object_component>
      <object_component id="oc-449">
         <name>.debug_info</name>
         <load_address>0x10a6</load_address>
         <run_address>0x10a6</run_address>
         <size>0x200</size>
         <input_file_ref idref="fl-2"/>
      </object_component>
      <object_component id="oc-437">
         <name>.debug_info</name>
         <load_address>0x12a6</load_address>
         <run_address>0x12a6</run_address>
         <size>0x242</size>
         <input_file_ref idref="fl-2"/>
      </object_component>
      <object_component id="oc-443">
         <name>.debug_info</name>
         <load_address>0x14e8</load_address>
         <run_address>0x14e8</run_address>
         <size>0x20a</size>
         <input_file_ref idref="fl-2"/>
      </object_component>
      <object_component id="oc-92">
         <name>.debug_info</name>
         <load_address>0x16f2</load_address>
         <run_address>0x16f2</run_address>
         <size>0x1d9</size>
         <input_file_ref idref="fl-2"/>
      </object_component>
      <object_component id="oc-2a8">
         <name>.debug_info</name>
         <load_address>0x18cb</load_address>
         <run_address>0x18cb</run_address>
         <size>0x1db</size>
         <input_file_ref idref="fl-2"/>
      </object_component>
      <object_component id="oc-2a2">
         <name>.debug_info</name>
         <load_address>0x1aa6</load_address>
         <run_address>0x1aa6</run_address>
         <size>0x19c</size>
         <input_file_ref idref="fl-2"/>
      </object_component>
      <object_component id="oc-2ae">
         <name>.debug_info</name>
         <load_address>0x1c42</load_address>
         <run_address>0x1c42</run_address>
         <size>0x1a4</size>
         <input_file_ref idref="fl-2"/>
      </object_component>
      <object_component id="oc-2b5">
         <name>.debug_info</name>
         <load_address>0x1de6</load_address>
         <run_address>0x1de6</run_address>
         <size>0x180</size>
         <input_file_ref idref="fl-2"/>
      </object_component>
      <object_component id="oc-2bb">
         <name>.debug_info</name>
         <load_address>0x1f66</load_address>
         <run_address>0x1f66</run_address>
         <size>0x1bf</size>
         <input_file_ref idref="fl-2"/>
      </object_component>
      <object_component id="oc-49c">
         <name>.debug_info</name>
         <load_address>0x2125</load_address>
         <run_address>0x2125</run_address>
         <size>0x185</size>
         <input_file_ref idref="fl-2"/>
      </object_component>
      <object_component id="oc-3db">
         <name>.debug_info</name>
         <load_address>0x22aa</load_address>
         <run_address>0x22aa</run_address>
         <size>0x201</size>
         <input_file_ref idref="fl-2"/>
      </object_component>
      <object_component id="oc-3f3">
         <name>.debug_info</name>
         <load_address>0x24ab</load_address>
         <run_address>0x24ab</run_address>
         <size>0x19f</size>
         <input_file_ref idref="fl-2"/>
      </object_component>
      <object_component id="oc-3f9">
         <name>.debug_info</name>
         <load_address>0x264a</load_address>
         <run_address>0x264a</run_address>
         <size>0x1cc</size>
         <input_file_ref idref="fl-2"/>
      </object_component>
      <object_component id="oc-3ed">
         <name>.debug_info</name>
         <load_address>0x2816</load_address>
         <run_address>0x2816</run_address>
         <size>0x1b5</size>
         <input_file_ref idref="fl-2"/>
      </object_component>
      <object_component id="oc-459">
         <name>.debug_info</name>
         <load_address>0x29cb</load_address>
         <run_address>0x29cb</run_address>
         <size>0x188</size>
         <input_file_ref idref="fl-2"/>
      </object_component>
      <object_component id="oc-301">
         <name>.debug_info</name>
         <load_address>0x2b53</load_address>
         <run_address>0x2b53</run_address>
         <size>0x1d6</size>
         <input_file_ref idref="fl-2"/>
      </object_component>
      <object_component id="oc-2f5">
         <name>.debug_info</name>
         <load_address>0x2d29</load_address>
         <run_address>0x2d29</run_address>
         <size>0x219</size>
         <input_file_ref idref="fl-2"/>
      </object_component>
      <object_component id="oc-30d">
         <name>.debug_info</name>
         <load_address>0x2f42</load_address>
         <run_address>0x2f42</run_address>
         <size>0x1b9</size>
         <input_file_ref idref="fl-2"/>
      </object_component>
      <object_component id="oc-307">
         <name>.debug_info</name>
         <load_address>0x30fb</load_address>
         <run_address>0x30fb</run_address>
         <size>0x1ea</size>
         <input_file_ref idref="fl-2"/>
      </object_component>
      <object_component id="oc-313">
         <name>.debug_info</name>
         <load_address>0x32e5</load_address>
         <run_address>0x32e5</run_address>
         <size>0x1d6</size>
         <input_file_ref idref="fl-2"/>
      </object_component>
      <object_component id="oc-2fb">
         <name>.debug_info</name>
         <load_address>0x34bb</load_address>
         <run_address>0x34bb</run_address>
         <size>0x1e0</size>
         <input_file_ref idref="fl-2"/>
      </object_component>
      <object_component id="oc-31f">
         <name>.debug_info</name>
         <load_address>0x369b</load_address>
         <run_address>0x369b</run_address>
         <size>0x291</size>
         <input_file_ref idref="fl-2"/>
      </object_component>
      <object_component id="oc-319">
         <name>.debug_info</name>
         <load_address>0x392c</load_address>
         <run_address>0x392c</run_address>
         <size>0x22e</size>
         <input_file_ref idref="fl-2"/>
      </object_component>
      <object_component id="oc-325">
         <name>.debug_info</name>
         <load_address>0x3b5a</load_address>
         <run_address>0x3b5a</run_address>
         <size>0x25a</size>
         <input_file_ref idref="fl-2"/>
      </object_component>
      <object_component id="oc-32b">
         <name>.debug_info</name>
         <load_address>0x3db4</load_address>
         <run_address>0x3db4</run_address>
         <size>0x202</size>
         <input_file_ref idref="fl-2"/>
      </object_component>
      <object_component id="oc-331">
         <name>.debug_info</name>
         <load_address>0x3fb6</load_address>
         <run_address>0x3fb6</run_address>
         <size>0x1e1</size>
         <input_file_ref idref="fl-2"/>
      </object_component>
      <object_component id="oc-337">
         <name>.debug_info</name>
         <load_address>0x4197</load_address>
         <run_address>0x4197</run_address>
         <size>0x204</size>
         <input_file_ref idref="fl-2"/>
      </object_component>
      <object_component id="oc-33d">
         <name>.debug_info</name>
         <load_address>0x439b</load_address>
         <run_address>0x439b</run_address>
         <size>0x1e3</size>
         <input_file_ref idref="fl-2"/>
      </object_component>
      <object_component id="oc-343">
         <name>.debug_info</name>
         <load_address>0x457e</load_address>
         <run_address>0x457e</run_address>
         <size>0x1dc</size>
         <input_file_ref idref="fl-2"/>
      </object_component>
      <object_component id="oc-349">
         <name>.debug_info</name>
         <load_address>0x475a</load_address>
         <run_address>0x475a</run_address>
         <size>0x220</size>
         <input_file_ref idref="fl-2"/>
      </object_component>
      <object_component id="oc-34f">
         <name>.debug_info</name>
         <load_address>0x497a</load_address>
         <run_address>0x497a</run_address>
         <size>0x232</size>
         <input_file_ref idref="fl-2"/>
      </object_component>
      <object_component id="oc-2cf">
         <name>.debug_info</name>
         <load_address>0x4bac</load_address>
         <run_address>0x4bac</run_address>
         <size>0x1d4</size>
         <input_file_ref idref="fl-2"/>
      </object_component>
      <object_component id="oc-2db">
         <name>.debug_info</name>
         <load_address>0x4d80</load_address>
         <run_address>0x4d80</run_address>
         <size>0x1a4</size>
         <input_file_ref idref="fl-2"/>
      </object_component>
      <object_component id="oc-2e1">
         <name>.debug_info</name>
         <load_address>0x4f24</load_address>
         <run_address>0x4f24</run_address>
         <size>0x1aa</size>
         <input_file_ref idref="fl-2"/>
      </object_component>
      <object_component id="oc-17d">
         <name>.debug_info</name>
         <load_address>0x50ce</load_address>
         <run_address>0x50ce</run_address>
         <size>0x193</size>
         <input_file_ref idref="fl-2"/>
      </object_component>
      <object_component id="oc-1ee">
         <name>.debug_info</name>
         <load_address>0x5261</load_address>
         <run_address>0x5261</run_address>
         <size>0x1ad</size>
         <input_file_ref idref="fl-2"/>
      </object_component>
      <object_component id="oc-20c">
         <name>.debug_info</name>
         <load_address>0x540e</load_address>
         <run_address>0x540e</run_address>
         <size>0x11e</size>
         <input_file_ref idref="fl-2"/>
      </object_component>
      <object_component id="oc-2e8">
         <name>.debug_info</name>
         <load_address>0x552c</load_address>
         <run_address>0x552c</run_address>
         <size>0x259</size>
         <input_file_ref idref="fl-2"/>
      </object_component>
      <object_component id="oc-1fa">
         <name>.debug_info</name>
         <load_address>0x5785</load_address>
         <run_address>0x5785</run_address>
         <size>0x163</size>
         <input_file_ref idref="fl-2"/>
      </object_component>
      <object_component id="oc-2c2">
         <name>.debug_info</name>
         <load_address>0x58e8</load_address>
         <run_address>0x58e8</run_address>
         <size>0x1bd</size>
         <input_file_ref idref="fl-2"/>
      </object_component>
      <object_component id="oc-200">
         <name>.debug_info</name>
         <load_address>0x5aa5</load_address>
         <run_address>0x5aa5</run_address>
         <size>0x136</size>
         <input_file_ref idref="fl-2"/>
      </object_component>
      <object_component id="oc-212">
         <name>.debug_info</name>
         <load_address>0x5bdb</load_address>
         <run_address>0x5bdb</run_address>
         <size>0x53b</size>
         <input_file_ref idref="fl-2"/>
      </object_component>
      <object_component id="oc-3d">
         <name>.debug_info</name>
         <load_address>0x6116</load_address>
         <run_address>0x6116</run_address>
         <size>0x149</size>
         <input_file_ref idref="fl-2"/>
      </object_component>
      <object_component id="oc-206">
         <name>.debug_info</name>
         <load_address>0x625f</load_address>
         <run_address>0x625f</run_address>
         <size>0x3d9</size>
         <input_file_ref idref="fl-2"/>
      </object_component>
      <object_component id="oc-1f4">
         <name>.debug_info</name>
         <load_address>0x6638</load_address>
         <run_address>0x6638</run_address>
         <size>0x210</size>
         <input_file_ref idref="fl-2"/>
      </object_component>
      <object_component id="oc-183">
         <name>.debug_info</name>
         <load_address>0x6848</load_address>
         <run_address>0x6848</run_address>
         <size>0x149</size>
         <input_file_ref idref="fl-3"/>
      </object_component>
      <object_component id="oc-8c">
         <name>.debug_info</name>
         <load_address>0x6991</load_address>
         <run_address>0x6991</run_address>
         <size>0xec</size>
         <input_file_ref idref="fl-4"/>
      </object_component>
      <object_component id="oc-8f">
         <name>.debug_info</name>
         <load_address>0x6a7d</load_address>
         <run_address>0x6a7d</run_address>
         <size>0x110</size>
         <input_file_ref idref="fl-4"/>
      </object_component>
      <object_component id="oc-89">
         <name>.debug_info</name>
         <load_address>0x6b8d</load_address>
         <run_address>0x6b8d</run_address>
         <size>0xe6</size>
         <input_file_ref idref="fl-4"/>
      </object_component>
      <object_component id="oc-bf">
         <name>.debug_info</name>
         <load_address>0x6c73</load_address>
         <run_address>0x6c73</run_address>
         <size>0x180</size>
         <input_file_ref idref="fl-4"/>
      </object_component>
      <object_component id="oc-83">
         <name>.debug_info</name>
         <load_address>0x6df3</load_address>
         <run_address>0x6df3</run_address>
         <size>0x1d9</size>
         <input_file_ref idref="fl-4"/>
      </object_component>
      <object_component id="oc-7d">
         <name>.debug_info</name>
         <load_address>0x6fcc</load_address>
         <run_address>0x6fcc</run_address>
         <size>0x190</size>
         <input_file_ref idref="fl-4"/>
      </object_component>
      <object_component id="oc-140">
         <name>.debug_info</name>
         <load_address>0x715c</load_address>
         <run_address>0x715c</run_address>
         <size>0x183</size>
         <input_file_ref idref="fl-4"/>
      </object_component>
      <object_component id="oc-42">
         <name>.debug_info</name>
         <load_address>0x72df</load_address>
         <run_address>0x72df</run_address>
         <size>0x13e</size>
         <input_file_ref idref="fl-4"/>
      </object_component>
      <object_component id="oc-497">
         <name>.debug_info</name>
         <load_address>0x741d</load_address>
         <run_address>0x741d</run_address>
         <size>0xff</size>
         <input_file_ref idref="fl-5"/>
      </object_component>
      <object_component id="oc-490">
         <name>.debug_info</name>
         <load_address>0x751c</load_address>
         <run_address>0x751c</run_address>
         <size>0x1d6</size>
         <input_file_ref idref="fl-5"/>
      </object_component>
      <object_component id="oc-3d5">
         <name>.debug_info</name>
         <load_address>0x76f2</load_address>
         <run_address>0x76f2</run_address>
         <size>0x15a</size>
         <input_file_ref idref="fl-5"/>
      </object_component>
      <object_component id="oc-3e7">
         <name>.debug_info</name>
         <load_address>0x784c</load_address>
         <run_address>0x784c</run_address>
         <size>0x122</size>
         <input_file_ref idref="fl-5"/>
      </object_component>
      <object_component id="oc-281">
         <name>.debug_info</name>
         <load_address>0x796e</load_address>
         <run_address>0x796e</run_address>
         <size>0x1ca</size>
         <input_file_ref idref="fl-6"/>
      </object_component>
      <object_component id="oc-1b4">
         <name>.debug_info</name>
         <load_address>0x7b38</load_address>
         <run_address>0x7b38</run_address>
         <size>0x19e</size>
         <input_file_ref idref="fl-6"/>
      </object_component>
      <object_component id="oc-1a2">
         <name>.debug_info</name>
         <load_address>0x7cd6</load_address>
         <run_address>0x7cd6</run_address>
         <size>0x171</size>
         <input_file_ref idref="fl-6"/>
      </object_component>
      <object_component id="oc-1cd">
         <name>.debug_info</name>
         <load_address>0x7e47</load_address>
         <run_address>0x7e47</run_address>
         <size>0x17e</size>
         <input_file_ref idref="fl-6"/>
      </object_component>
      <object_component id="oc-1e6">
         <name>.debug_info</name>
         <load_address>0x7fc5</load_address>
         <run_address>0x7fc5</run_address>
         <size>0x1cd</size>
         <input_file_ref idref="fl-6"/>
      </object_component>
      <object_component id="oc-16b">
         <name>.debug_info</name>
         <load_address>0x8192</load_address>
         <run_address>0x8192</run_address>
         <size>0x2a9</size>
         <input_file_ref idref="fl-6"/>
      </object_component>
      <object_component id="oc-1c7">
         <name>.debug_info</name>
         <load_address>0x843b</load_address>
         <run_address>0x843b</run_address>
         <size>0x807</size>
         <input_file_ref idref="fl-6"/>
      </object_component>
      <object_component id="oc-171">
         <name>.debug_info</name>
         <load_address>0x8c42</load_address>
         <run_address>0x8c42</run_address>
         <size>0x175</size>
         <input_file_ref idref="fl-6"/>
      </object_component>
      <object_component id="oc-c6">
         <name>.debug_info</name>
         <load_address>0x8db7</load_address>
         <run_address>0x8db7</run_address>
         <size>0x163</size>
         <input_file_ref idref="fl-6"/>
      </object_component>
      <object_component id="oc-2b">
         <name>.debug_info</name>
         <load_address>0x8f1a</load_address>
         <run_address>0x8f1a</run_address>
         <size>0x116</size>
         <input_file_ref idref="fl-7"/>
      </object_component>
      <object_component id="oc-77">
         <name>.debug_info</name>
         <load_address>0x9030</load_address>
         <run_address>0x9030</run_address>
         <size>0x117</size>
         <input_file_ref idref="fl-7"/>
      </object_component>
      <object_component id="oc-4ac">
         <name>.debug_info</name>
         <load_address>0x9147</load_address>
         <run_address>0x9147</run_address>
         <size>0x1d1</size>
         <input_file_ref idref="fl-11"/>
      </object_component>
      <object_component id="oc-407">
         <name>.debug_info</name>
         <load_address>0x9318</load_address>
         <run_address>0x9318</run_address>
         <size>0x26c</size>
         <input_file_ref idref="fl-11"/>
      </object_component>
      <object_component id="oc-4b3">
         <name>.debug_info</name>
         <load_address>0x9584</load_address>
         <run_address>0x9584</run_address>
         <size>0x234</size>
         <input_file_ref idref="fl-11"/>
      </object_component>
      <object_component id="oc-3e1">
         <name>.debug_info</name>
         <load_address>0x97b8</load_address>
         <run_address>0x97b8</run_address>
         <size>0x22f</size>
         <input_file_ref idref="fl-12"/>
      </object_component>
      <object_component id="oc-450">
         <name>.debug_info</name>
         <load_address>0x99e7</load_address>
         <run_address>0x99e7</run_address>
         <size>0x1d5</size>
         <input_file_ref idref="fl-14"/>
      </object_component>
      <object_component id="oc-2ef">
         <name>.debug_info</name>
         <load_address>0x9bbc</load_address>
         <run_address>0x9bbc</run_address>
         <size>0x22d</size>
         <input_file_ref idref="fl-14"/>
      </object_component>
      <object_component id="oc-229">
         <name>.debug_info</name>
         <load_address>0x9de9</load_address>
         <run_address>0x9de9</run_address>
         <size>0x1e7</size>
         <input_file_ref idref="fl-15"/>
      </object_component>
      <object_component id="oc-230">
[...]
      <memory_area display="yes" color="green">
         <name>RAMLS2</name>
         <page_id>0x1</page_id>
         <origin>0x9000</origin>
         <length>0x800</length>
         <used_space>0x0</used_space>
         <unused_space>0x800</unused_space>
         <attributes>RWIX</attributes>
         <usage_details>
         </usage_details>
      </memory_area>
      <memory_area display="yes" color="green">
         <name>RAMLS5</name>
         <page_id>0x1</page_id>
         <origin>0xa800</origin>
         <length>0x800</length>
         <used_space>0x1f4</used_space>
         <unused_space>0x60c</unused_space>
         <attributes>RWIX</attributes>
         <usage_details>
            <allocated_space>
               <start_address>0xa800</start_address>
               <size>0x1f4</size>
               <logical_group_ref idref="lg-8"/>
            </allocated_space>
            <available_space>
               <start_address>0xa9f4</start_address>
               <size>0x60c</size>
            </available_space>
         </usage_details>
      </memory_area>
      <memory_area display="yes" color="green">
         <name>RAMLS6</name>
         <page_id>0x1</page_id>
         <origin>0xb000</origin>
         <length>0x800</length>
         <used_space>0xc</used_space>
         <unused_space>0x7f4</unused_space>
         <attributes>RWIX</attributes>
         <usage_details>
            <allocated_space>
               <start_address>0xb000</start_address>
               <size>0xc</size>
               <logical_group_ref idref="lg-b"/>
            </allocated_space>
            <available_space>
               <start_address>0xb00c</start_address>
               <size>0x7f4</size>
            </available_space>
         </usage_details>
      </memory_area>
      <memory_area display="yes" color="green">
         <name>RAMLS7</name>
         <page_id>0x1</page_id>
         <origin>0xb800</origin>
         <length>0x800</length>
         <used_space>0x0</used_space>
         <unused_space>0x800</unused_space>
         <attributes>RWIX</attributes>
         <usage_details>
         </usage_details>
      </memory_area>
      <memory_area display="yes" color="green">
         <name>RAMGS0</name>
         <page_id>0x1</page_id>
         <origin>0xc000</origin>
         <length>0x2000</length>
         <used_space>0x0</used_space>
         <unused_space>0x2000</unused_space>
         <attributes>RWIX</attributes>
         <usage_details>
         </usage_details>
      </memory_area>
      <memory_area display="yes" color="green">
         <name>RAMGS1</name>
         <page_id>0x1</page_id>
         <origin>0xe000</origin>
         <length>0x2000</length>
         <used_space>0x0</used_space>
         <unused_space>0x2000</unused_space>
         <attributes>RWIX</attributes>
         <usage_details>
         </usage_details>
      </memory_area>
      <memory_area display="yes" color="green">
         <name>RAMGS2</name>
         <page_id>0x1</page_id>
         <origin>0x10000</origin>
         <length>0x2000</length>
         <used_space>0x0</used_space>
         <unused_space>0x2000</unused_space>
         <attributes>RWIX</attributes>
         <usage_details>
         </usage_details>
      </memory_area>
      <memory_area display="yes" color="green">
         <name>RAMGS3</name>
         <page_id>0x1</page_id>
         <origin>0x12000</origin>
         <length>0x1ff8</length>
         <used_space>0x0</used_space>
         <unused_space>0x1ff8</unused_space>
         <attributes>RWIX</attributes>
         <usage_details>
         </usage_details>
      </memory_area>
   </placement_map>
   <cptbl_list>
      <cptbl>
         <name>__TI_cinit_table</name>
         <cprec>
            <name>.data</name>
            <load_address>0x8112c</load_address>
            <load_size>0xb</load_size>
            <run_address>0xb000</run_address>
            <run_size>0xc</run_size>
            <compression>lzss</compression>
         </cprec>
         <cprec>
            <name>.bss</name>
            <load_address>0x8113e</load_address>
            <load_size>0x4</load_size>
            <run_address>0xa800</run_address>
            <run_size>0x1f4</run_size>
            <compression>zero_init</compression>
         </cprec>
         <cprec>
            <name>.bss_cla</name>
            <load_address>0x81142</load_address>
            <load_size>0x4</load_size>
            <run_address>0x8808</run_address>
            <run_size>0x2</run_size>
            <compression>zero_init</compression>
         </cprec>
         <cprec>
            <name>.scratchpad</name>
            <load_address>0x81146</load_address>
            <load_size>0x4</load_size>
            <run_address>0x8800</run_address>
            <run_size>0x8</run_size>
            <compression>zero_init</compression>
         </cprec>
         <cprec>
            <name>Cla1ToCpuMsgRAM</name>
            <load_address>0x8114a</load_address>
            <load_size>0x4</load_size>
            <run_address>0x1480</run_address>
            <run_size>0x4</run_size>
            <compression>zero_init</compression>
         </cprec>
      </cptbl>
   </cptbl_list>
   <handler_table>
      <handler_table_name>__TI_handler_table</handler_table_name>
      <handler>
         <index>0x0</index>
         <name>__TI_zero_init</name>
      </handler>
      <handler>
         <index>0x1</index>
         <name>__TI_decompress_lzss</name>
      </handler>
      <handler>
         <index>0x2</index>
         <name>__TI_decompress_none</name>
      </handler>
   </handler_table>
   <symbol_table>
      <symbol id="sm-1">
         <name>Cla1ProgLoadStart</name>
         <value>0x84544</value>
      </symbol>
      <symbol id="sm-2">
         <name>Cla1ProgRunStart</name>
         <value>0x8000</value>
      </symbol>
      <symbol id="sm-3">
         <name>Cla1ProgLoadSize</name>
         <value>0xbe</value>
      </symbol>
      <symbol id="sm-4">
         <name>RamfuncsLoadStart</name>
         <value>0x81000</value>
      </symbol>
      <symbol id="sm-5">
         <name>RamfuncsLoadSize</name>
         <value>0x129</value>
      </symbol>
      <symbol id="sm-6">
         <name>RamfuncsLoadEnd</name>
         <value>0x81129</value>
      </symbol>
      <symbol id="sm-7">
         <name>RamfuncsRunStart</name>
         <value>0xa000</value>
      </symbol>
      <symbol id="sm-8">
         <name>RamfuncsRunSize</name>
         <value>0x129</value>
      </symbol>
      <symbol id="sm-9">
         <name>RamfuncsRunEnd</name>
         <value>0xa129</value>
      </symbol>
      <symbol id="sm-a">
         <name>Cla1ConstRunStart</name>
         <value>0x9800</value>
      </symbol>
      <symbol id="sm-b">
         <name>Cla1ConstLoadStart</name>
         <value>0x9800</value>
      </symbol>
      <symbol id="sm-c">
         <name>Cla1ConstLoadSize</name>
         <value>0x0</value>
      </symbol>
      <symbol id="sm-d">
         <name>__TI_CINIT_Base</name>
         <value>0x8114e</value>
      </symbol>
      <symbol id="sm-e">
         <name>__TI_CINIT_Limit</name>
         <value>0x81162</value>
      </symbol>
      <symbol id="sm-f">
         <name>__TI_CINIT_Warm</name>
         <value>0x81162</value>
      </symbol>
      <symbol id="sm-10">
         <name>__TI_Handler_Table_Base</name>
         <value>0x81138</value>
      </symbol>
      <symbol id="sm-11">
         <name>__TI_Handler_Table_Limit</name>
         <value>0x8113e</value>
      </symbol>
      <symbol id="sm-12">
         <name>__TI_STACK_SIZE</name>
         <value>0x3f8</value>
      </symbol>
      <symbol id="sm-13">
         <name>__TI_STACK_END</name>
         <value>0x7f8</value>
      </symbol>
      <symbol id="sm-14">
         <name>__TI_pprof_out_hndl</name>
         <value>0xffffffff</value>
      </symbol>
      <symbol id="sm-15">
         <name>__TI_prof_data_start</name>
         <value>0xffffffff</value>
      </symbol>
      <symbol id="sm-16">
         <name>__TI_prof_data_size</name>
         <value>0xffffffff</value>
      </symbol>
      <symbol id="sm-231">
         <name>INTERRUPT_init</name>
         <value>0x83221</value>
         <object_component_ref idref="oc-3c"/>
      </symbol>
      <symbol id="sm-232">
         <name>PinMux_init</name>
         <value>0x82d94</value>
         <object_component_ref idref="oc-1ed"/>
      </symbol>
      <symbol id="sm-233">
         <name>Board_init</name>
         <value>0x8315d</value>
         <object_component_ref idref="oc-17c"/>
      </symbol>
      <symbol id="sm-234">
         <name>MEMCFG_init</name>
         <value>0x82325</value>
         <object_component_ref idref="oc-205"/>
      </symbol>
      <symbol id="sm-235">
         <name>ADC_init</name>
         <value>0x832ec</value>
         <object_component_ref idref="oc-20b"/>
      </symbol>
      <symbol id="sm-236">
         <name>SYNC_init</name>
         <value>0x82db2</value>
         <object_component_ref idref="oc-1f3"/>
      </symbol>
      <symbol id="sm-237">
         <name>myADCA_init</name>
         <value>0x826c3</value>
         <object_component_ref idref="oc-2e7"/>
      </symbol>
      <symbol id="sm-238">
         <name>CLA_init</name>
         <value>0x82f04</value>
         <object_component_ref idref="oc-1ff"/>
      </symbol>
      <symbol id="sm-239">
         <name>EPWM_init</name>
         <value>0x821a8</value>
         <object_component_ref idref="oc-211"/>
      </symbol>
      <symbol id="sm-23a">
         <name>myCLA0_init</name>
         <value>0x82c76</value>
         <object_component_ref idref="oc-2c1"/>
      </symbol>
      <symbol id="sm-23b">
         <name>ASYSCTL_init</name>
         <value>0x82ffa</value>
         <object_component_ref idref="oc-1f9"/>
      </symbol>
      <symbol id="sm-248">
         <name>C2000Ware_libraries_init</name>
         <value>0x832f1</value>
         <object_component_ref idref="oc-182"/>
      </symbol>
      <symbol id="sm-28a">
         <name>AdcBuf</name>
         <value>0xa800</value>
         <object_component_ref idref="oc-88"/>
      </symbol>
      <symbol id="sm-28b">
         <name>filterIn</name>
         <value>0x1482</value>
         <object_component_ref idref="oc-8e"/>
      </symbol>
      <symbol id="sm-28c">
         <name>main</name>
         <value>0x83212</value>
         <object_component_ref idref="oc-13f"/>
      </symbol>
      <symbol id="sm-28d">
         <name>AdcBufPtr</name>
         <value>0xb00a</value>
         <object_component_ref idref="oc-8b"/>
      </symbol>
      <symbol id="sm-28e">
         <name>filterOut</name>
         <value>0x1480</value>
         <object_component_ref idref="oc-8e"/>
      </symbol>
      <symbol id="sm-28f">
         <name>cla1Isr1</name>
         <value>0x8270c</value>
         <object_component_ref idref="oc-3b"/>
      </symbol>
      <symbol id="sm-2b8">
         <name>Cla1Task1</name>
         <value>0x8068</value>
         <object_component_ref idref="oc-3d4"/>
      </symbol>
      <symbol id="sm-2b9">
         <name>Cla1Task8</name>
         <value>0x80b2</value>
         <object_component_ref idref="oc-3e6"/>
      </symbol>
      <symbol id="sm-2ba">
         <name>lastY</name>
         <value>0x8808</value>
         <object_component_ref idref="oc-496"/>
      </symbol>
      <symbol id="sm-309">
         <name>Device_enableAllPeripherals</name>
         <value>0x82000</value>
         <object_component_ref idref="oc-1c6"/>
      </symbol>
      <symbol id="sm-30a">
         <name>Device_initGPIO</name>
         <value>0x831b5</value>
         <object_component_ref idref="oc-170"/>
      </symbol>
      <symbol id="sm-30b">
         <name>Device_init</name>
         <value>0x82518</value>
         <object_component_ref idref="oc-16a"/>
      </symbol>
      <symbol id="sm-30c">
         <name>__error__</name>
         <value>0x832df</value>
         <object_component_ref idref="oc-c5"/>
      </symbol>
      <symbol id="sm-31b">
         <name>code_start</name>
         <value>0x80000</value>
         <object_component_ref idref="oc-2a"/>
      </symbol>
      <symbol id="sm-347">
         <name>ADC_setOffsetTrimAll</name>
         <value>0x82b94</value>
         <object_component_ref idref="oc-4b2"/>
      </symbol>
      <symbol id="sm-348">
         <name>ADC_setVREF</name>
         <value>0x82677</value>
         <object_component_ref idref="oc-406"/>
      </symbol>
      <symbol id="sm-357">
         <name>CLA_setTriggerSource</name>
         <value>0x82be3</value>
         <object_component_ref idref="oc-3e0"/>
      </symbol>
      <symbol id="sm-373">
         <name>EPWM_setEmulationMode</name>
         <value>0x82fe4</value>
         <object_component_ref idref="oc-2ee"/>
      </symbol>
      <symbol id="sm-3e3">
         <name>Flash_initModule</name>
         <value>0xa000</value>
         <object_component_ref idref="oc-1a7"/>
      </symbol>
      <symbol id="sm-429">
         <name>GPIO_setQualificationMode</name>
         <value>0x829be</value>
         <object_component_ref idref="oc-29a"/>
      </symbol>
      <symbol id="sm-42a">
         <name>GPIO_setPadConfig</name>
         <value>0x825d8</value>
         <object_component_ref idref="oc-1d2"/>
      </symbol>
      <symbol id="sm-42b">
         <name>GPIO_setAnalogMode</name>
         <value>0x82914</value>
         <object_component_ref idref="oc-1de"/>
      </symbol>
      <symbol id="sm-42c">
         <name>GPIO_setDirectionMode</name>
         <value>0x82a2c</value>
         <object_component_ref idref="oc-1d8"/>
      </symbol>
      <symbol id="sm-42d">
         <name>GPIO_setPinConfig</name>
         <value>0x82987</value>
         <object_component_ref idref="oc-294"/>
      </symbol>
      <symbol id="sm-47c">
         <name>Interrupt_defaultHandler</name>
         <value>0x83000</value>
         <object_component_ref idref="oc-47"/>
      </symbol>
      <symbol id="sm-47d">
         <name>Interrupt_initModule</name>
         <value>0x8289d</value>
         <object_component_ref idref="oc-176"/>
      </symbol>
      <symbol id="sm-47e">
         <name>Interrupt_nmiHandler</name>
         <value>0x832a5</value>
         <object_component_ref idref="oc-59"/>
      </symbol>
      <symbol id="sm-47f">
         <name>Interrupt_enable</name>
         <value>0x829f5</value>
         <object_component_ref idref="oc-97"/>
      </symbol>
      <symbol id="sm-480">
         <name>Interrupt_initVectorTable</name>
         <value>0x82d76</value>
         <object_component_ref idref="oc-48"/>
      </symbol>
      <symbol id="sm-481">
         <name>Interrupt_illegalOperationHandler</name>
         <value>0x8329b</value>
         <object_component_ref idref="oc-53"/>
      </symbol>
      <symbol id="sm-4a1">
         <name>MemCfg_setLSRAMControllerSel</name>
         <value>0x8294e</value>
         <object_component_ref idref="oc-2c8"/>
      </symbol>
      <symbol id="sm-4a2">
         <name>MemCfg_setProtection</name>
         <value>0x824a6</value>
         <object_component_ref idref="oc-2d4"/>
      </symbol>
      <symbol id="sm-5b6">
         <name>SysCtl_isPLLValid</name>
         <value>0x82268</value>
         <object_component_ref idref="oc-275"/>
      </symbol>
      <symbol id="sm-5b7">
         <name>SysCtl_delay</name>
         <value>0xa125</value>
         <object_component_ref idref="oc-274"/>
      </symbol>
      <symbol id="sm-5b8">
         <name>SysCtl_selectXTALSingleEnded</name>
         <value>0x82c09</value>
         <object_component_ref idref="oc-36e"/>
      </symbol>
      <symbol id="sm-5b9">
         <name>SysCtl_selectXTAL</name>
         <value>0x8281f</value>
         <object_component_ref idref="oc-368"/>
      </symbol>
      <symbol id="sm-5ba">
         <name>SysCtl_selectOscSource</name>
         <value>0x8262a</value>
         <object_component_ref idref="oc-26e"/>
      </symbol>
      <symbol id="sm-5bb">
         <name>SysCtl_getLowSpeedClock</name>
         <value>0x82e5d</value>
         <object_component_ref idref="oc-1c0"/>
      </symbol>
      <symbol id="sm-5bc">
         <name>SysCtl_setClock</name>
         <value>0x820e0</value>
         <object_component_ref idref="oc-1ad"/>
      </symbol>
      <symbol id="sm-5bd">
         <name>SysCtl_getClock</name>
         <value>0x8257a</value>
         <object_component_ref idref="oc-1b9"/>
      </symbol>
      <symbol id="sm-5c7">
         <name>_c_int00</name>
         <value>0x82f49</value>
         <object_component_ref idref="oc-b7"/>
      </symbol>
      <symbol id="sm-5c8">
         <name>__stack</name>
         <value>0x400</value>
         <object_component_ref idref="oc-5f"/>
      </symbol>
      <symbol id="sm-5db">
         <name>memcpy</name>
         <value>0x82dd0</value>
         <object_component_ref idref="oc-62"/>
      </symbol>
      <symbol id="sm-5e8">
         <name>_system_pre_init</name>
         <value>0x832ef</value>
         <object_component_ref idref="oc-f1"/>
      </symbol>
      <symbol id="sm-5f7">
         <name>__TI_auto_init_nobinit_nopinit</name>
         <value>0x82b40</value>
         <object_component_ref idref="oc-10f"/>
      </symbol>
      <symbol id="sm-606">
         <name>__TI_zero_init_nomemset</name>
         <value>0x83255</value>
         <object_component_ref idref="oc-6a"/>
      </symbol>
      <symbol id="sm-613">
         <name>__TI_decompress_none</name>
         <value>0x832c1</value>
         <object_component_ref idref="oc-23"/>
      </symbol>
      <symbol id="sm-627">
         <name>__TI_decompress_lzss</name>
         <value>0x82a5d</value>
         <object_component_ref idref="oc-1d"/>
      </symbol>
      <symbol id="sm-63d">
         <name>C$$EXIT</name>
         <value>0x82b6b</value>
         <object_component_ref idref="oc-fe"/>
      </symbol>
      <symbol id="sm-63e">
         <name>abort</name>
         <value>0x82b6b</value>
         <object_component_ref idref="oc-fe"/>
      </symbol>
      <symbol id="sm-63f">
         <name>exit</name>
         <value>0x82b6d</value>
         <object_component_ref idref="oc-fe"/>
      </symbol>
      <symbol id="sm-640">
         <name>__TI_dtors_ptr</name>
         <value>0xb004</value>
         <object_component_ref idref="oc-147"/>
      </symbol>
      <symbol id="sm-641">
         <name>__TI_cleanup_ptr</name>
         <value>0xb002</value>
         <object_component_ref idref="oc-147"/>
      </symbol>
      <symbol id="sm-642">
         <name>__TI_enable_exit_profile_output</name>
         <value>0xb000</value>
         <object_component_ref idref="oc-147"/>
      </symbol>
      <symbol id="sm-659">
         <name>_nop</name>
         <value>0x832c0</value>
         <object_component_ref idref="oc-18e"/>
      </symbol>
      <symbol id="sm-65a">
         <name>_lock</name>
         <value>0xb006</value>
         <object_component_ref idref="oc-14a"/>
      </symbol>
      <symbol id="sm-65b">
         <name>_unlock</name>
         <value>0xb008</value>
         <object_component_ref idref="oc-21a"/>
      </symbol>
      <symbol id="sm-65c">
         <name>_register_lock</name>
         <value>0x832bc</value>
         <object_component_ref idref="oc-18e"/>
      </symbol>
      <symbol id="sm-65d">
         <name>_register_unlock</name>
         <value>0x832b8</value>
         <object_component_ref idref="oc-18e"/>
      </symbol>
      <symbol id="sm-66c">
         <name>_args_main</name>
         <value>0x8326e</value>
         <object_component_ref idref="oc-f8"/>
      </symbol>
      <symbol id="sm-67b">
         <name>_system_post_cinit</name>
         <value>0x832f2</value>
         <object_component_ref idref="oc-155"/>
      </symbol>
      <symbol id="sm-67d">
         <name>__c_args__</name>
         <value>0x0</value>
      </symbol>
   </symbol_table>
   <title>Link successful</title>
</link_info>
