******************************************************************************
             TMS320C2000 Linker Unix v22.6.1                   
******************************************************************************
>> Linked Wed Jul  2 11:23:34 2025

OUTPUT FILE NAME:   <F280049_CLA_ADC.out>
ENTRY POINT SYMBOL: "code_start"  address: 00000000


MEMORY CONFIGURATION

         name            origin    length      used     unused   attr    fill
----------------------  --------  ---------  --------  --------  ----  --------
PAGE 0:
  BEGIN                 00000000   00000002  00000002  00000000  RWIX
  RAMM0                 000000f6   0000030a  00000038  000002d2  RWIX
  RAMLS0                00008000   00000800  000000be  00000742  RWIX
  RAMLS3                00009800   00000800  00000800  00000000  RWIX
  RAMLS4                0000a000   00000800  00000800  00000000  RWIX
  RAMLS7                0000b800   00000800  000002c2  0000053e  RWIX
  FLASH_BANK0_SEC0      00080000   00001000  00000000  00001000  RWIX
  FLASH_BANK0_SEC1      00081000   00001000  00000000  00001000  RWIX
  FLASH_BANK0_SEC2      00082000   00001000  00000000  00001000  RWIX
  FLASH_BANK0_SEC3      00083000   00001000  00000000  00001000  RWIX
  FLASH_BANK0_SEC4      00084000   00001000  00000000  00001000  RWIX
  FLASH_BANK0_SEC5      00085000   00001000  00000000  00001000  RWIX
  FLASH_BANK0_SEC6      00086000   00001000  00000000  00001000  RWIX
  FLASH_BANK0_SEC7      00087000   00001000  00000000  00001000  RWIX
  FLASH_BANK0_SEC8      00088000   00001000  00000000  00001000  RWIX
  FLASH_BANK0_SEC9      00089000   00001000  00000000  00001000  RWIX
  FLASH_BANK0_SEC10     0008a000   00001000  00000000  00001000  RWIX
  FLASH_BANK0_SEC11     0008b000   00001000  00000000  00001000  RWIX
  FLASH_BANK0_SEC12     0008c000   00001000  00000000  00001000  RWIX
  FLASH_BANK0_SEC13     0008d000   00001000  00000000  00001000  RWIX
  FLASH_BANK0_SEC14     0008e000   00001000  00000000  00001000  RWIX
  FLASH_BANK0_SEC15     0008f000   00001000  00000000  00001000  RWIX
  FLASH_BANK1_SEC0      00090000   00001000  00000000  00001000  RWIX
  FLASH_BANK1_SEC1      00091000   00001000  00000000  00001000  RWIX
  FLASH_BANK1_SEC2      00092000   00001000  00000000  00001000  RWIX
  FLASH_BANK1_SEC3      00093000   00001000  00000000  00001000  RWIX
  FLASH_BANK1_SEC4      00094000   00001000  00000000  00001000  RWIX
  FLASH_BANK1_SEC5      00095000   00001000  00000000  00001000  RWIX
  FLASH_BANK1_SEC6      00096000   00001000  00000000  00001000  RWIX
  FLASH_BANK1_SEC7      00097000   00001000  00000000  00001000  RWIX
  FLASH_BANK1_SEC8      00098000   00001000  00000000  00001000  RWIX
  FLASH_BANK1_SEC9      00099000   00001000  00000000  00001000  RWIX
  FLASH_BANK1_SEC10     0009a000   00001000  00000000  00001000  RWIX
  FLASH_BANK1_SEC11     0009b000   00001000  00000000  00001000  RWIX
  FLASH_BANK1_SEC12     0009c000   00001000  00000000  00001000  RWIX
  FLASH_BANK1_SEC13     0009d000   00001000  00000000  00001000  RWIX
  FLASH_BANK1_SEC14     0009e000   00001000  00000000  00001000  RWIX
  FLASH_BANK1_SEC15     0009f000   00001000  00000000  00001000  RWIX
  RESET                 003fffc0   00000002  00000000  00000002  RWIX

PAGE 1:
  BOOT_RSVD             00000002   000000f1  00000000  000000f1  RWIX
  RAMM1                 00000400   000003f8  000003f8  00000000  RWIX
  CLA1_MSGRAMLOW        00001480   00000080  00000004  0000007c  RWIX
  CLA1_MSGRAMHIGH       00001500   00000080  00000000  00000080  RWIX
  RAMLS1                00008800   00000800  0000000a  000007f6  RWIX
  RAMLS2                00009000   00000800  00000000  00000800  RWIX
  RAMLS5                0000a800   00000800  000003e8  00000418  RWIX
  RAMLS6                0000b000   00000800  000004b3  0000034d  RWIX
  RAMGS0                0000c000   00002000  00000000  00002000  RWIX
  RAMGS1                0000e000   00002000  00000000  00002000  RWIX
  RAMGS2                00010000   00002000  00000000  00002000  RWIX
  RAMGS3                00012000   00001ff8  00000000  00001ff8  RWIX


SECTION ALLOCATION MAP

 output                                  attributes/
section   page    origin      length       input sections
--------  ----  ----------  ----------   ----------------
codestart 
*          0    00000000    00000002     
                  00000000    00000002     f28004x_codestartbranch.obj (codestart)

.TI.ramfunc 
*          0    000000f6    00000004     
                  000000f6    00000004     driverlib_eabi.lib : sysctl.obj (.TI.ramfunc)

.cinit     0    000000fa    00000034     
                  000000fa    0000000a     (.cinit..data.load) [load image, compression = lzss]
                  00000104    00000006     (__TI_handler_table)
                  0000010a    00000004     (.cinit..bss.load) [load image, compression = zero_init]
                  0000010e    00000004     (.cinit..bss_cla.load) [load image, compression = zero_init]
                  00000112    00000004     (.cinit..scratchpad.load) [load image, compression = zero_init]
                  00000116    00000004     (.cinit.Cla1ToCpuMsgRAM.load) [load image, compression = zero_init]
                  0000011a    00000014     (__TI_cinit_table)

.reset     0    003fffc0    00000000     DSECT

.stack     1    00000400    000003f8     UNINITIALIZED
                  00000400    000003f8     --HOLE--

.bss       1    0000a800    000003e8     UNINITIALIZED
                  0000a800    000003e8     main.obj (.bss:AdcBuf)

.init_array 
*          0    000000f6    00000000     UNINITIALIZED

.const     1    0000b000    000004a7     
                  0000b000    0000018f     board.obj (.const:.string)
                  0000b18f    00000001     --HOLE-- [fill = 0]
                  0000b190    0000009a     driverlib_eabi.lib : sysctl.obj (.const:.string)
                  0000b22a    00000098                        : epwm.obj (.const:.string)
                  0000b2c2    00000098                        : gpio.obj (.const:.string)
                  0000b35a    00000065     device.obj (.const:.string)
                  0000b3bf    00000001     --HOLE-- [fill = 0]
                  0000b3c0    0000004e     driverlib_eabi.lib : memcfg.obj (.const:.string)
                  0000b40e    0000004e     main.obj (.const:.string)
                  0000b45c    0000004b     driverlib_eabi.lib : adc.obj (.const:.string)

.data      1    0000b4a8    0000000c     UNINITIALIZED
                  0000b4a8    00000006     rts2800_fpu32_eabi.lib : exit.c.obj (.data)
                  0000b4ae    00000002                            : _lock.c.obj (.data:_lock)
                  0000b4b0    00000002                            : _lock.c.obj (.data:_unlock)
                  0000b4b2    00000002     main.obj (.data)

Cla1Prog   0    00008000    000000be     
                  00008000    00000068     task.obj (Cla1Prog:ADC_readResult)
                  00008068    0000004a     task.obj (Cla1Prog:Cla1Task1)
                  000080b2    0000000c     task.obj (Cla1Prog:Cla1Task8)

.scratchpad 
*          1    00008800    00000008     UNINITIALIZED
                  00008800    00000004     task.obj (.scratchpad:Cla1Prog:ADC_readResult)
                  00008804    00000004     task.obj (.scratchpad:Cla1Prog:Cla1Task1)

.bss_cla   1    00008808    00000002     UNINITIALIZED
                  00008808    00000002     task.obj (.bss_cla)

Cla1ToCpuMsgRAM 
*          1    00001480    00000004     UNINITIALIZED
                  00001480    00000004     main.obj (Cla1ToCpuMsgRAM)

.text.1    0    00009800    00000800     
                  00009800    000000e0     device.obj (.text:Device_enableAllPeripherals)
                  000098e0    000000c8     driverlib_eabi.lib : sysctl.obj (.text:SysCtl_setClock)
                  000099a8    000000c0     board.obj (.text:EPWM_init)
                  00009a68    000000bd     driverlib_eabi.lib : sysctl.obj (.text:SysCtl_isPLLValid)
                  00009b25    00000099     board.obj (.text:MEMCFG_init)
                  00009bbe    00000075     board.obj (.text:EPWM_setADCTriggerSource)
                  00009c33    00000073     driverlib_eabi.lib : sysctl.obj (.text:DCC_setCounterSeeds)
                  00009ca6    00000072                        : memcfg.obj (.text:MemCfg_setProtection)
                  00009d18    0000005e                        : sysctl.obj (.text:SysCtl_getClock)
                  00009d76    00000052                        : gpio.obj (.text:GPIO_setPadConfig)
                  00009dc8    00000051     device.obj (.text:Device_init)
                  00009e19    0000004d     driverlib_eabi.lib : sysctl.obj (.text:SysCtl_selectOscSource)
                  00009e66    0000004c                        : adc.obj (.text:ADC_setVREF)
                  00009eb2    00000049     board.obj (.text:myADCA_init)
                  00009efb    00000048     main.obj (.text:cla1Isr1)
                  00009f43    00000046     board.obj (.text:ADC_setupSOC)
                  00009f89    00000045     driverlib_eabi.lib : sysctl.obj (.text:SysCtl_pollX1Counter)
                  00009fce    00000031                        : gpio.obj (.text:GPIO_setDirectionMode)
                  00009fff    00000001     c2000ware_libraries.obj (.text:C2000Ware_libraries_init)

.text.2    0    0000a000    00000800     
                  0000a000    00000040     board.obj (.text:EPWM_setActionQualifierAction)
                  0000a040    00000040     driverlib_eabi.lib : sysctl.obj (.text:SysCtl_selectXTAL)
                  0000a080    0000003e     board.obj (.text:EPWM_setCounterCompareShadowLoadMode)
                  0000a0be    0000003d     driverlib_eabi.lib : interrupt.obj (.text:Interrupt_initModule)
                  0000a0fb    0000003a     board.obj (.text:EPWM_setADCTriggerEventPrescale)
                  0000a135    0000003a     driverlib_eabi.lib : gpio.obj (.text:GPIO_setAnalogMode)
                  0000a16f    00000039                        : memcfg.obj (.text:MemCfg_setLSRAMControllerSel)
                  0000a1a8    00000037                        : gpio.obj (.text:GPIO_setPinConfig)
                  0000a1df    00000037                        : gpio.obj (.text:GPIO_setQualificationMode)
                  0000a216    00000037                        : interrupt.obj (.text:Interrupt_enable)
                  0000a24d    00000030     rts2800_fpu32_eabi.lib : copy_decompress_lzss.c.obj (.text:decompress:lzss)
                  0000a27d    0000002f     board.obj (.text:ADC_setInterruptSource)
                  0000a2ac    0000002e     board.obj (.text:ADC_setInterruptSOCTrigger)
                  0000a2da    0000002b     board.obj (.text:EPWM_isBaseValid)
                  0000a305    0000002b     driverlib_eabi.lib : epwm.obj (.text:EPWM_isBaseValid)
                  0000a330    0000002b     rts2800_fpu32_eabi.lib : autoinit.c.obj (.text:__TI_auto_init_nobinit_nopinit)
                  0000a35b    00000029                            : exit.c.obj (.text)
                  0000a384    00000028     driverlib_eabi.lib : adc.obj (.text:ADC_setOffsetTrimAll)
                  0000a3ac    00000027     board.obj (.text:SysCtl_setSyncInputConfig)
                  0000a3d3    00000026     driverlib_eabi.lib : cla.obj (.text:CLA_setTriggerSource)
                  0000a3f9    00000025                        : sysctl.obj (.text:SysCtl_selectXTALSingleEnded)
                  0000a41e    00000024                        : sysctl.obj (.text:DCC_enableSingleShotMode)
                  0000a442    00000024     board.obj (.text:MemCfg_setCLAMemType)
                  0000a466    00000024     board.obj (.text:myCLA0_init)
                  0000a48a    00000022     board.obj (.text:EPWM_setCounterCompareValue)
                  0000a4ac    00000020     board.obj (.text:ADC_enableContinuousMode)
                  0000a4cc    00000020     board.obj (.text:ADC_enableInterrupt)
                  0000a4ec    0000001f     board.obj (.text:EPWM_setFallingEdgeDelayCountShadowLoadMode)
                  0000a50b    0000001f     board.obj (.text:EPWM_setRisingEdgeDelayCountShadowLoadMode)
                  0000a52a    0000001e     driverlib_eabi.lib : sysctl.obj (.text:DCC_setCounter1ClkSource)
                  0000a548    0000001e     board.obj (.text:EPWM_setPhaseShift)
                  0000a566    0000001e     driverlib_eabi.lib : interrupt.obj (.text:Interrupt_initVectorTable)
                  0000a584    0000001e     board.obj (.text:PinMux_init)
                  0000a5a2    0000001e     board.obj (.text:SYNC_init)
                  0000a5c0    0000001d     rts2800_fpu32_eabi.lib : memcpy.c.obj (.text)
                  0000a5dd    0000001c     board.obj (.text:ADC_setSOCPriority)
                  0000a5f9    0000001c     driverlib_eabi.lib : sysctl.obj (.text:DCC_setCounter0ClkSource)
                  0000a615    0000001c     board.obj (.text:EPWM_enableADCTrigger)
                  0000a631    0000001c     board.obj (.text:EPWM_setClockPrescaler)
                  0000a64d    0000001a     driverlib_eabi.lib : sysctl.obj (.text:SysCtl_getLowSpeedClock)
                  0000a667    00000018     board.obj (.text:ASysCtl_setAnalogReferenceExternal)
                  0000a67f    00000018     board.obj (.text:EPWM_disableFallingEdgeDelayCountShadowLoadMode)
                  0000a697    00000018     board.obj (.text:EPWM_disableRisingEdgeDelayCountShadowLoadMode)
                  0000a6af    00000017     board.obj (.text:ADC_isBaseValid)
                  0000a6c6    00000017     driverlib_eabi.lib : adc.obj (.text:ADC_isBaseValid)
                  0000a6dd    00000017     main.obj (.text:ADC_isBaseValid)
                  0000a6f4    00000017     device.obj (.text:SysCtl_enablePeripheral)
                  0000a70b    00000017     driverlib_eabi.lib : sysctl.obj (.text:SysCtl_enablePeripheral)
                  0000a722    00000017     rts2800_fpu32_eabi.lib : boot28.asm.obj (.text)
                  0000a739    00000016     board.obj (.text:ADC_setInterruptPulseMode)
                  0000a74f    00000016     board.obj (.text:ADC_setPrescaler)
                  0000a765    00000016     board.obj (.text:CLA_enableTasks)
                  0000a77b    00000016     board.obj (.text:CLA_mapTaskVector)
                  0000a791    00000016     driverlib_eabi.lib : sysctl.obj (.text:DCC_disableDoneSignal)
                  0000a7a7    00000016                        : sysctl.obj (.text:DCC_enableDoneSignal)
                  0000a7bd    00000016                        : epwm.obj (.text:EPWM_setEmulationMode)
                  0000a7d3    00000016                        : interrupt.obj (.text:Interrupt_defaultHandler)
                  0000a7e9    00000015     board.obj (.text:ADC_disableBurstMode)
                  0000a7fe    00000002     rts2800_fpu32_eabi.lib : pre_init.c.obj (.text)

.text.3    0    0000b800    000002c2     
                  0000b800    00000015     board.obj (.text:CLA_disableBackgroundTask)
                  0000b815    00000015     board.obj (.text:CLA_enableIACK)
                  0000b82a    00000015     driverlib_eabi.lib : sysctl.obj (.text:DCC_clearDoneFlag)
                  0000b83f    00000015                        : sysctl.obj (.text:DCC_clearErrorFlag)
                  0000b854    00000015                        : sysctl.obj (.text:DCC_disableErrorSignal)
                  0000b869    00000015                        : sysctl.obj (.text:DCC_enableErrorSignal)
                  0000b87e    00000015     device.obj (.text:GPIO_unlockPortConfig)
                  0000b893    00000014     board.obj (.text:ADC_clearInterruptStatus)
                  0000b8a7    00000014     main.obj (.text:ADC_clearInterruptStatus)
                  0000b8bb    00000014     driverlib_eabi.lib : sysctl.obj (.text:DCC_disableModule)
                  0000b8cf    00000014                        : sysctl.obj (.text:DCC_enableModule)
                  0000b8e3    00000014     board.obj (.text:EPWM_setTimeBaseCounterMode)
                  0000b8f7    00000014     board.obj (.text:EPWM_setTimeBasePeriod)
                  0000b90b    00000014     driverlib_eabi.lib : gpio.obj (.text:GPIO_isPinValid)
                  0000b91f    00000014     device.obj (.text:SysCtl_deviceCal)
                  0000b933    00000013     board.obj (.text:ADC_enableConverter)
                  0000b946    00000013     board.obj (.text:Board_init)
                  0000b959    00000012     board.obj (.text:EPWM_setTimeBaseCounter)
                  0000b96b    00000012     board.obj (.text:SysCtl_setSyncOutputConfig)
                  0000b97d    00000011     board.obj (.text:EPWM_disablePhaseShiftLoad)
                  0000b98e    00000010     driverlib_eabi.lib : sysctl.obj (.text:DCC_isBaseValid)
                  0000b99e    00000010     device.obj (.text:Device_initGPIO)
                  0000b9ae    0000000f     device.obj (.text:ASysCtl_disableDCDC)
                  0000b9bd    0000000f     board.obj (.text:CLA_isBaseValid)
                  0000b9cc    0000000f     board.obj (.text:Interrupt_register)
                  0000b9db    0000000f     main.obj (.text:main)
                  0000b9ea    0000000d     board.obj (.text:INTERRUPT_init)
                  0000b9f7    0000000d     driverlib_eabi.lib : interrupt.obj (.text:Interrupt_disableGlobal)
                  0000ba04    0000000d                        : interrupt.obj (.text:Interrupt_enableGlobal)
                  0000ba11    0000000d     device.obj (.text:SysCtl_setLowSpeedClock)
                  0000ba1e    0000000c     board.obj (.text:SysCtl_enableExtADCSOCSource)
                  0000ba2a    0000000c     rts2800_fpu32_eabi.lib : args_main.c.obj (.text)
                  0000ba36    0000000b     board.obj (.text:MemCfg_disableCorrErrorInterrupt)
                  0000ba41    0000000b     device.obj (.text:SysCtl_disableWatchdog)
                  0000ba4c    0000000b     driverlib_eabi.lib : sysctl.obj (.text:SysCtl_isMCDClockFailureDetected)
                  0000ba57    0000000a                        : interrupt.obj (.text:Interrupt_illegalOperationHandler)
                  0000ba61    0000000a                        : interrupt.obj (.text:Interrupt_nmiHandler)
                  0000ba6b    00000009     board.obj (.text:MemCfg_setCorrErrorThreshold)
                  0000ba74    00000009     rts2800_fpu32_eabi.lib : _lock.c.obj (.text)
                  0000ba7d    00000008                            : copy_decompress_none.c.obj (.text:decompress:none)
                  0000ba85    00000008     f28004x_codestartbranch.obj (.text)
                  0000ba8d    00000007     board.obj (.text:ASysCtl_disableTemperatureSensor)
                  0000ba94    00000007     driverlib_eabi.lib : sysctl.obj (.text:SysCtl_resetMCD)
                  0000ba9b    00000007     device.obj (.text:__error__)
                  0000baa2    00000007     rts2800_fpu32_eabi.lib : memset.c.obj (.text)
                  0000baa9    00000006     board.obj (.text:ASYSCTL_init)
                  0000baaf    00000006     main.obj (.text:Interrupt_clearACKGroup)
                  0000bab5    00000006     rts2800_fpu32_eabi.lib : copy_zero_init.c.obj (.text:decompress:ZI)
                  0000babb    00000003     board.obj (.text:ADC_init)
                  0000babe    00000003     board.obj (.text:CLA_init)
                  0000bac1    00000001     rts2800_fpu32_eabi.lib : startup.c.obj (.text)

MODULE SUMMARY

       Module                        code   ro data   rw data
       ------                        ----   -------   -------
    ./
       main.obj                      136    78        1006   
       task.obj                      190    0         10     
    +--+-----------------------------+------+---------+---------+
       Total:                        326    78        1016   
                                                             
    ./device/
       device.obj                    431    101       0      
       f28004x_codestartbranch.obj   10     0         0      
    +--+-----------------------------+------+---------+---------+
       Total:                        441    101       0      
                                                             
    ./syscfg/
       board.obj                     1861   399       0      
       c2000ware_libraries.obj       1      0         0      
    +--+-----------------------------+------+---------+---------+
       Total:                        1862   399       0      
                                                             
    /Applications/ti/c2000/C2000Ware_5_04_00_00/driverlib/f28004x/driverlib/ccs/Debug/driverlib_eabi.lib
       sysctl.obj                    1194   154       0      
       gpio.obj                      319    152       0      
       memcfg.obj                    171    78        0      
       epwm.obj                      65     152       0      
       adc.obj                       139    75        0      
       interrupt.obj                 214    0         0      
       cla.obj                       38     0         0      
    +--+-----------------------------+------+---------+---------+
       Total:                        2140   611       0      
                                                             
    /Applications/ti/ccs2011/ccs/tools/compiler/ti-cgt-c2000_22.6.1.LTS/lib/rts2800_fpu32_eabi.lib
       copy_decompress_lzss.c.obj    48     0         0      
       exit.c.obj                    41     0         6      
       autoinit.c.obj                43     0         0      
       memcpy.c.obj                  29     0         0      
       boot28.asm.obj                23     0         0      
       _lock.c.obj                   9      0         4      
       args_main.c.obj               12     0         0      
       copy_decompress_none.c.obj    8      0         0      
       memset.c.obj                  7      0         0      
       copy_zero_init.c.obj          6      0         0      
       pre_init.c.obj                2      0         0      
       startup.c.obj                 1      0         0      
    +--+-----------------------------+------+---------+---------+
       Total:                        229    0         10     
                                                             
       Stack:                        0      0         1016   
       Linker Generated:             0      52        0      
    +--+-----------------------------+------+---------+---------+
       Grand Total:                  4998   1241      2042   


LINKER GENERATED COPY TABLES

__TI_cinit_table @ 0000011a records: 5, size/record: 4, table size: 20
	.data: load addr=000000fa, load size=0000000a bytes, run addr=0000b4a8, run size=0000000c bytes, compression=lzss
	.bss: load addr=0000010a, load size=00000004 bytes, run addr=0000a800, run size=000003e8 bytes, compression=zero_init
	.bss_cla: load addr=0000010e, load size=00000004 bytes, run addr=00008808, run size=00000002 bytes, compression=zero_init
	.scratchpad: load addr=00000112, load size=00000004 bytes, run addr=00008800, run size=00000008 bytes, compression=zero_init
	Cla1ToCpuMsgRAM: load addr=00000116, load size=00000004 bytes, run addr=00001480, run size=00000004 bytes, compression=zero_init


LINKER GENERATED HANDLER TABLE

__TI_handler_table @ 00000104 records: 3, size/record: 2, table size: 6
	index: 0, handler: __TI_zero_init
	index: 1, handler: __TI_decompress_lzss
	index: 2, handler: __TI_decompress_none


GLOBAL DATA SYMBOLS: SORTED BY DATA PAGE

address     data page           name
--------    ----------------    ----
00000400      10 (00000400)     __stack

00001480      52 (00001480)     filterOut
00001482      52 (00001480)     filterIn

00008808     220 (00008800)     lastY

0000a800     2a0 (0000a800)     AdcBuf

0000b4a8     2d2 (0000b480)     __TI_enable_exit_profile_output
0000b4aa     2d2 (0000b480)     __TI_cleanup_ptr
0000b4ac     2d2 (0000b480)     __TI_dtors_ptr
0000b4ae     2d2 (0000b480)     _lock
0000b4b0     2d2 (0000b480)     _unlock
0000b4b2     2d2 (0000b480)     AdcBufPtr


GLOBAL SYMBOLS: SORTED ALPHABETICALLY BY Name 

page  address   name                             
----  -------   ----                             
0     0000babb  ADC_init                         
0     0000a384  ADC_setOffsetTrimAll             
0     00009e66  ADC_setVREF                      
0     0000baa9  ASYSCTL_init                     
1     0000a800  AdcBuf                           
1     0000b4b2  AdcBufPtr                        
0     0000b946  Board_init                       
0     0000a35b  C$$EXIT                          
0     00009fff  C2000Ware_libraries_init         
0     0000babe  CLA_init                         
0     0000a3d3  CLA_setTriggerSource             
0     00008068  Cla1Task1                        
0     000080b2  Cla1Task8                        
0     00009800  Device_enableAllPeripherals      
0     00009dc8  Device_init                      
0     0000b99e  Device_initGPIO                  
0     000099a8  EPWM_init                        
0     0000a7bd  EPWM_setEmulationMode            
0     0000a135  GPIO_setAnalogMode               
0     00009fce  GPIO_setDirectionMode            
0     00009d76  GPIO_setPadConfig                
0     0000a1a8  GPIO_setPinConfig                
0     0000a1df  GPIO_setQualificationMode        
0     0000b9ea  INTERRUPT_init                   
0     0000a7d3  Interrupt_defaultHandler         
0     0000a216  Interrupt_enable                 
0     0000ba57  Interrupt_illegalOperationHandler
0     0000a0be  Interrupt_initModule             
0     0000a566  Interrupt_initVectorTable        
0     0000ba61  Interrupt_nmiHandler             
0     00009b25  MEMCFG_init                      
0     0000a16f  MemCfg_setLSRAMControllerSel     
0     00009ca6  MemCfg_setProtection             
0     0000a584  PinMux_init                      
0     0000a5a2  SYNC_init                        
0     000000f6  SysCtl_delay                     
0     00009d18  SysCtl_getClock                  
0     0000a64d  SysCtl_getLowSpeedClock          
0     00009a68  SysCtl_isPLLValid                
0     00009e19  SysCtl_selectOscSource           
0     0000a040  SysCtl_selectXTAL                
0     0000a3f9  SysCtl_selectXTALSingleEnded     
0     000098e0  SysCtl_setClock                  
0     0000011a  __TI_CINIT_Base                  
0     0000012e  __TI_CINIT_Limit                 
0     0000012e  __TI_CINIT_Warm                  
0     00000104  __TI_Handler_Table_Base          
0     0000010a  __TI_Handler_Table_Limit         
1     000007f8  __TI_STACK_END                   
abs   000003f8  __TI_STACK_SIZE                  
0     0000a330  __TI_auto_init_nobinit_nopinit   
1     0000b4aa  __TI_cleanup_ptr                 
0     0000a24d  __TI_decompress_lzss             
0     0000ba7d  __TI_decompress_none             
1     0000b4ac  __TI_dtors_ptr                   
1     0000b4a8  __TI_enable_exit_profile_output  
abs   ffffffff  __TI_pprof_out_hndl              
abs   ffffffff  __TI_prof_data_size              
abs   ffffffff  __TI_prof_data_start             
0     0000bab5  __TI_zero_init                   
n/a   UNDEFED   __c_args__                       
0     0000ba9b  __error__                        
1     00000400  __stack                          
0     0000ba2a  _args_main                       
0     0000a722  _c_int00                         
1     0000b4ae  _lock                            
0     0000ba7c  _nop                             
0     0000ba78  _register_lock                   
0     0000ba74  _register_unlock                 
0     0000bac1  _system_post_cinit               
0     0000a7fe  _system_pre_init                 
1     0000b4b0  _unlock                          
0     0000a35b  abort                            
0     00009efb  cla1Isr1                         
0     00000000  code_start                       
0     0000a35d  exit                             
1     00001482  filterIn                         
1     00001480  filterOut                        
1     00008808  lastY                            
0     0000b9db  main                             
0     0000a5c0  memcpy                           
0     0000baa2  memset                           
0     00009eb2  myADCA_init                      
0     0000a466  myCLA0_init                      


GLOBAL SYMBOLS: SORTED BY Symbol Address 

page  address   name                             
----  -------   ----                             
0     00000000  code_start                       
0     000000f6  SysCtl_delay                     
0     00000104  __TI_Handler_Table_Base          
0     0000010a  __TI_Handler_Table_Limit         
0     0000011a  __TI_CINIT_Base                  
0     0000012e  __TI_CINIT_Limit                 
0     0000012e  __TI_CINIT_Warm                  
0     00008068  Cla1Task1                        
0     000080b2  Cla1Task8                        
0     00009800  Device_enableAllPeripherals      
0     000098e0  SysCtl_setClock                  
0     000099a8  EPWM_init                        
0     00009a68  SysCtl_isPLLValid                
0     00009b25  MEMCFG_init                      
0     00009ca6  MemCfg_setProtection             
0     00009d18  SysCtl_getClock                  
0     00009d76  GPIO_setPadConfig                
0     00009dc8  Device_init                      
0     00009e19  SysCtl_selectOscSource           
0     00009e66  ADC_setVREF                      
0     00009eb2  myADCA_init                      
0     00009efb  cla1Isr1                         
0     00009fce  GPIO_setDirectionMode            
0     00009fff  C2000Ware_libraries_init         
0     0000a040  SysCtl_selectXTAL                
0     0000a0be  Interrupt_initModule             
0     0000a135  GPIO_setAnalogMode               
0     0000a16f  MemCfg_setLSRAMControllerSel     
0     0000a1a8  GPIO_setPinConfig                
0     0000a1df  GPIO_setQualificationMode        
0     0000a216  Interrupt_enable                 
0     0000a24d  __TI_decompress_lzss             
0     0000a330  __TI_auto_init_nobinit_nopinit   
0     0000a35b  C$$EXIT                          
0     0000a35b  abort                            
0     0000a35d  exit                             
0     0000a384  ADC_setOffsetTrimAll             
0     0000a3d3  CLA_setTriggerSource             
0     0000a3f9  SysCtl_selectXTALSingleEnded     
0     0000a466  myCLA0_init                      
0     0000a566  Interrupt_initVectorTable        
0     0000a584  PinMux_init                      
0     0000a5a2  SYNC_init                        
0     0000a5c0  memcpy                           
0     0000a64d  SysCtl_getLowSpeedClock          
0     0000a722  _c_int00                         
0     0000a7bd  EPWM_setEmulationMode            
0     0000a7d3  Interrupt_defaultHandler         
0     0000a7fe  _system_pre_init                 
0     0000b946  Board_init                       
0     0000b99e  Device_initGPIO                  
0     0000b9db  main                             
0     0000b9ea  INTERRUPT_init                   
0     0000ba2a  _args_main                       
0     0000ba57  Interrupt_illegalOperationHandler
0     0000ba61  Interrupt_nmiHandler             
0     0000ba74  _register_unlock                 
0     0000ba78  _register_lock                   
0     0000ba7c  _nop                             
0     0000ba7d  __TI_decompress_none             
0     0000ba9b  __error__                        
0     0000baa2  memset                           
0     0000baa9  ASYSCTL_init                     
0     0000bab5  __TI_zero_init                   
0     0000babb  ADC_init                         
0     0000babe  CLA_init                         
0     0000bac1  _system_post_cinit               
1     00000400  __stack                          
1     000007f8  __TI_STACK_END                   
1     00001480  filterOut                        
1     00001482  filterIn                         
1     00008808  lastY                            
1     0000a800  AdcBuf                           
1     0000b4a8  __TI_enable_exit_profile_output  
1     0000b4aa  __TI_cleanup_ptr                 
1     0000b4ac  __TI_dtors_ptr                   
1     0000b4ae  _lock                            
1     0000b4b0  _unlock                          
1     0000b4b2  AdcBufPtr                        
abs   000003f8  __TI_STACK_SIZE                  
abs   ffffffff  __TI_pprof_out_hndl              
abs   ffffffff  __TI_prof_data_size              
abs   ffffffff  __TI_prof_data_start             
n/a   UNDEFED   __c_args__                       

[84 symbols]
