<?xml version="1.0" encoding="ISO-8859-1" ?>
<link_info>
   <banner>TMS320C2000 Linker Unix v22.6.1.LTS</banner>
   <copyright>Copyright (c) 1996-2018 Texas Instruments Incorporated</copyright>
   <link_time>0x68651d11</link_time>
   <link_errors>0x0</link_errors>
   <output_file>F280049_CLA_SPLL.out</output_file>
   <entry_point>
      <name>code_start</name>
      <address>0x0</address>
   </entry_point>
   <input_file_list>
      <input_file id="fl-2">
         <path>./syscfg/</path>
         <kind>object</kind>
         <file>board.obj</file>
         <name>board.obj</name>
      </input_file>
      <input_file id="fl-3">
         <path>./syscfg/</path>
         <kind>object</kind>
         <file>c2000ware_libraries.obj</file>
         <name>c2000ware_libraries.obj</name>
      </input_file>
      <input_file id="fl-4">
         <path>./</path>
         <kind>object</kind>
         <file>main.obj</file>
         <name>main.obj</name>
      </input_file>
      <input_file id="fl-5">
         <path>./</path>
         <kind>object</kind>
         <file>task.obj</file>
         <name>task.obj</name>
      </input_file>
      <input_file id="fl-6">
         <path>./device/</path>
         <kind>object</kind>
         <file>device.obj</file>
         <name>device.obj</name>
      </input_file>
      <input_file id="fl-7">
         <path>./device/</path>
         <kind>object</kind>
         <file>f28004x_codestartbranch.obj</file>
         <name>f28004x_codestartbranch.obj</name>
      </input_file>
      <input_file id="fl-11">
         <kind>object</kind>
         <file>&lt;internal&gt;</file>
         <name>&lt;internal&gt;</name>
      </input_file>
      <input_file id="fl-20">
         <path>/Applications/ti/c2000/C2000Ware_5_04_00_00/driverlib/f28004x/driverlib/ccs/Debug/</path>
         <kind>archive</kind>
         <file>driverlib_coff.lib</file>
         <name>adc.obj</name>
      </input_file>
      <input_file id="fl-21">
         <path>/Applications/ti/c2000/C2000Ware_5_04_00_00/driverlib/f28004x/driverlib/ccs/Debug/</path>
         <kind>archive</kind>
         <file>driverlib_coff.lib</file>
         <name>cla.obj</name>
      </input_file>
      <input_file id="fl-22">
         <path>/Applications/ti/c2000/C2000Ware_5_04_00_00/libraries/math/CLAmath/c28/lib/</path>
         <kind>archive</kind>
         <file>cla2_math_library_fpu32.lib</file>
         <name>CLAcos.obj</name>
      </input_file>
      <input_file id="fl-23">
         <path>/Applications/ti/c2000/C2000Ware_5_04_00_00/libraries/math/CLAmath/c28/lib/</path>
         <kind>archive</kind>
         <file>cla2_math_library_fpu32.lib</file>
         <name>CLAsin.obj</name>
      </input_file>
      <input_file id="fl-24">
         <path>/Applications/ti/c2000/C2000Ware_5_04_00_00/libraries/boot_rom/f28004x/revB/rom_symbol_libs/CLA_Data_ROM/</path>
         <kind>archive</kind>
         <file>F28004x_CLADATROM_Symbols_fpu32.lib</file>
         <name>F28004x_ROM_out__CLAsincosTable_Coef0_tmp.obj</name>
      </input_file>
      <input_file id="fl-25">
         <path>/Applications/ti/c2000/C2000Ware_5_04_00_00/libraries/boot_rom/f28004x/revB/rom_symbol_libs/CLA_Data_ROM/</path>
         <kind>archive</kind>
         <file>F28004x_CLADATROM_Symbols_fpu32.lib</file>
         <name>F28004x_ROM_out__CLAsincosTable_Coef1_tmp.obj</name>
      </input_file>
      <input_file id="fl-26">
         <path>/Applications/ti/c2000/C2000Ware_5_04_00_00/libraries/boot_rom/f28004x/revB/rom_symbol_libs/CLA_Data_ROM/</path>
         <kind>archive</kind>
         <file>F28004x_CLADATROM_Symbols_fpu32.lib</file>
         <name>F28004x_ROM_out__CLAsincosTable_Coef1_pos_tmp.obj</name>
      </input_file>
      <input_file id="fl-27">
         <path>/Applications/ti/c2000/C2000Ware_5_04_00_00/libraries/boot_rom/f28004x/revB/rom_symbol_libs/CLA_Data_ROM/</path>
         <kind>archive</kind>
         <file>F28004x_CLADATROM_Symbols_fpu32.lib</file>
         <name>F28004x_ROM_out__CLAsincosTable_Coef2_tmp.obj</name>
      </input_file>
      <input_file id="fl-28">
         <path>/Applications/ti/c2000/C2000Ware_5_04_00_00/libraries/boot_rom/f28004x/revB/rom_symbol_libs/CLA_Data_ROM/</path>
         <kind>archive</kind>
         <file>F28004x_CLADATROM_Symbols_fpu32.lib</file>
         <name>F28004x_ROM_out__CLAsincosTable_Coef3_tmp.obj</name>
      </input_file>
      <input_file id="fl-29">
         <path>/Applications/ti/c2000/C2000Ware_5_04_00_00/libraries/boot_rom/f28004x/revB/rom_symbol_libs/CLA_Data_ROM/</path>
         <kind>archive</kind>
         <file>F28004x_CLADATROM_Symbols_fpu32.lib</file>
         <name>F28004x_ROM_out__CLAsincosTable_Coef3_neg_tmp.obj</name>
      </input_file>
      <input_file id="fl-2a">
         <path>/Applications/ti/c2000/C2000Ware_5_04_00_00/libraries/boot_rom/f28004x/revB/rom_symbol_libs/CLA_Data_ROM/</path>
         <kind>archive</kind>
         <file>F28004x_CLADATROM_Symbols_fpu32.lib</file>
         <name>F28004x_ROM_out__CLAsincosTable_Cos0_tmp.obj</name>
      </input_file>
      <input_file id="fl-2b">
         <path>/Applications/ti/c2000/C2000Ware_5_04_00_00/libraries/boot_rom/f28004x/revB/rom_symbol_libs/CLA_Data_ROM/</path>
         <kind>archive</kind>
         <file>F28004x_CLADATROM_Symbols_fpu32.lib</file>
         <name>F28004x_ROM_out__CLAsincosTable_Sin0_tmp.obj</name>
      </input_file>
      <input_file id="fl-2c">
         <path>/Applications/ti/c2000/C2000Ware_5_04_00_00/libraries/boot_rom/f28004x/revB/rom_symbol_libs/CLA_Data_ROM/</path>
         <kind>archive</kind>
         <file>F28004x_CLADATROM_Symbols_fpu32.lib</file>
         <name>F28004x_ROM_out__CLAsincosTable_TABLE_MASK_tmp.obj</name>
      </input_file>
      <input_file id="fl-2d">
         <path>/Applications/ti/c2000/C2000Ware_5_04_00_00/libraries/boot_rom/f28004x/revB/rom_symbol_libs/CLA_Data_ROM/</path>
         <kind>archive</kind>
         <file>F28004x_CLADATROM_Symbols_fpu32.lib</file>
         <name>F28004x_ROM_out__CLAsincosTable_TABLE_SIZEDivTwoPi_tmp.obj</name>
      </input_file>
      <input_file id="fl-2e">
         <path>/Applications/ti/c2000/C2000Ware_5_04_00_00/libraries/boot_rom/f28004x/revB/rom_symbol_libs/CLA_Data_ROM/</path>
         <kind>archive</kind>
         <file>F28004x_CLADATROM_Symbols_fpu32.lib</file>
         <name>F28004x_ROM_out__CLAsincosTable_TwoPiDivTABLE_SIZE_tmp.obj</name>
      </input_file>
      <input_file id="fl-2f">
         <path>/Applications/ti/c2000/C2000Ware_5_04_00_00/driverlib/f28004x/driverlib/ccs/Debug/</path>
         <kind>archive</kind>
         <file>driverlib_coff.lib</file>
         <name>cputimer.obj</name>
      </input_file>
      <input_file id="fl-30">
         <path>/Applications/ti/c2000/C2000Ware_5_04_00_00/driverlib/f28004x/driverlib/ccs/Debug/</path>
         <kind>archive</kind>
         <file>driverlib_coff.lib</file>
         <name>dcc.obj</name>
      </input_file>
      <input_file id="fl-31">
         <path>/Applications/ti/ccs2011/ccs/tools/compiler/ti-cgt-c2000_22.6.1.LTS/lib/</path>
         <kind>archive</kind>
         <file>rts2800_fpu32.lib</file>
         <name>fs_div28.asm.obj</name>
      </input_file>
      <input_file id="fl-32">
         <path>/Applications/ti/c2000/C2000Ware_5_04_00_00/driverlib/f28004x/driverlib/ccs/Debug/</path>
         <kind>archive</kind>
         <file>driverlib_coff.lib</file>
         <name>epwm.obj</name>
      </input_file>
      <input_file id="fl-33">
         <path>/Applications/ti/c2000/C2000Ware_5_04_00_00/driverlib/f28004x/driverlib/ccs/Debug/</path>
         <kind>archive</kind>
         <file>driverlib_coff.lib</file>
         <name>gpio.obj</name>
      </input_file>
      <input_file id="fl-34">
         <path>/Applications/ti/c2000/C2000Ware_5_04_00_00/driverlib/f28004x/driverlib/ccs/Debug/</path>
         <kind>archive</kind>
         <file>driverlib_coff.lib</file>
         <name>interrupt.obj</name>
      </input_file>
      <input_file id="fl-35">
         <path>/Applications/ti/c2000/C2000Ware_5_04_00_00/driverlib/f28004x/driverlib/ccs/Debug/</path>
         <kind>archive</kind>
         <file>driverlib_coff.lib</file>
         <name>memcfg.obj</name>
      </input_file>
      <input_file id="fl-36">
         <path>/Applications/ti/c2000/C2000Ware_5_04_00_00/driverlib/f28004x/driverlib/ccs/Debug/</path>
         <kind>archive</kind>
         <file>driverlib_coff.lib</file>
         <name>sysctl.obj</name>
      </input_file>
      <input_file id="fl-37">
         <path>/Applications/ti/ccs2011/ccs/tools/compiler/ti-cgt-c2000_22.6.1.LTS/lib/</path>
         <kind>archive</kind>
         <file>rts2800_fpu32.lib</file>
         <name>boot28.asm.obj</name>
      </input_file>
      <input_file id="fl-38">
         <path>/Applications/ti/ccs2011/ccs/tools/compiler/ti-cgt-c2000_22.6.1.LTS/lib/</path>
         <kind>archive</kind>
         <file>rts2800_fpu32.lib</file>
         <name>args_main.c.obj</name>
      </input_file>
      <input_file id="fl-39">
         <path>/Applications/ti/ccs2011/ccs/tools/compiler/ti-cgt-c2000_22.6.1.LTS/lib/</path>
         <kind>archive</kind>
         <file>rts2800_fpu32.lib</file>
         <name>startup.c.obj</name>
      </input_file>
      <input_file id="fl-3a">
         <path>/Applications/ti/ccs2011/ccs/tools/compiler/ti-cgt-c2000_22.6.1.LTS/lib/</path>
         <kind>archive</kind>
         <file>rts2800_fpu32.lib</file>
         <name>pre_init.c.obj</name>
      </input_file>
      <input_file id="fl-3b">
         <path>/Applications/ti/ccs2011/ccs/tools/compiler/ti-cgt-c2000_22.6.1.LTS/lib/</path>
         <kind>archive</kind>
         <file>rts2800_fpu32.lib</file>
         <name>cpy_tbl.c.obj</name>
      </input_file>
      <input_file id="fl-3c">
         <path>/Applications/ti/ccs2011/ccs/tools/compiler/ti-cgt-c2000_22.6.1.LTS/lib/</path>
         <kind>archive</kind>
         <file>rts2800_fpu32.lib</file>
         <name>exit.c.obj</name>
      </input_file>
      <input_file id="fl-3d">
         <path>/Applications/ti/ccs2011/ccs/tools/compiler/ti-cgt-c2000_22.6.1.LTS/lib/</path>
         <kind>archive</kind>
         <file>rts2800_fpu32.lib</file>
         <name>_lock.c.obj</name>
      </input_file>
      <input_file id="fl-3e">
         <path>/Applications/ti/ccs2011/ccs/tools/compiler/ti-cgt-c2000_22.6.1.LTS/lib/</path>
         <kind>archive</kind>
         <file>rts2800_fpu32.lib</file>
         <name>memcpy.c.obj</name>
      </input_file>
   </input_file_list>
   <object_component_list>
      <object_component id="oc-1b">
         <name>codestart</name>
         <load_address>0x0</load_address>
         <run_address>0x0</run_address>
         <size>0x2</size>
         <input_file_ref idref="fl-7"/>
      </object_component>
      <object_component id="oc-99">
         <name>.TI.ramfunc</name>
         <load_address>0x124</load_address>
         <run_address>0x124</run_address>
         <size>0x4</size>
         <input_file_ref idref="fl-36"/>
      </object_component>
      <object_component id="oc-f9">
         <name>.text:_EPWM_init</name>
         <load_address>0x9800</load_address>
         <run_address>0x9800</run_address>
         <size>0x241</size>
         <input_file_ref idref="fl-2"/>
      </object_component>
      <object_component id="oc-eb">
         <name>.text:_Device_enableAllPeripherals</name>
         <load_address>0x9a41</load_address>
         <run_address>0x9a41</run_address>
         <size>0xe0</size>
         <input_file_ref idref="fl-6"/>
      </object_component>
      <object_component id="oc-e6">
         <name>.text:_SysCtl_setClock</name>
         <load_address>0x9b21</load_address>
         <run_address>0x9b21</run_address>
         <size>0xc8</size>
         <input_file_ref idref="fl-36"/>
      </object_component>
      <object_component id="oc-100">
         <name>.text:_SysCtl_isPLLValid</name>
         <load_address>0x9be9</load_address>
         <run_address>0x9be9</run_address>
         <size>0xbd</size>
         <input_file_ref idref="fl-36"/>
      </object_component>
      <object_component id="oc-f6">
         <name>.text:_MEMCFG_init</name>
         <load_address>0x9ca6</load_address>
         <run_address>0x9ca6</run_address>
         <size>0x99</size>
         <input_file_ref idref="fl-2"/>
      </object_component>
      <object_component id="oc-78">
         <name>.text</name>
         <load_address>0x9d3f</load_address>
         <run_address>0x9d3f</run_address>
         <size>0x88</size>
         <input_file_ref idref="fl-31"/>
      </object_component>
      <object_component id="oc-122">
         <name>.text:_EPWM_setADCTriggerSource</name>
         <load_address>0x9dc7</load_address>
         <run_address>0x9dc7</run_address>
         <size>0x75</size>
         <input_file_ref idref="fl-2"/>
      </object_component>
      <object_component id="oc-132">
         <name>.text:_DCC_setCounterSeeds</name>
         <load_address>0x9e3c</load_address>
         <run_address>0x9e3c</run_address>
         <size>0x73</size>
         <input_file_ref idref="fl-36"/>
      </object_component>
      <object_component id="oc-10d">
         <name>.text:_MemCfg_setProtection</name>
         <load_address>0x9eaf</load_address>
         <run_address>0x9eaf</run_address>
         <size>0x72</size>
         <input_file_ref idref="fl-35"/>
      </object_component>
      <object_component id="oc-37">
         <name>.text:_cla1Isr1</name>
         <load_address>0x9f21</load_address>
         <run_address>0x9f21</run_address>
         <size>0x5f</size>
         <input_file_ref idref="fl-4"/>
      </object_component>
      <object_component id="oc-e8">
         <name>.text:_SysCtl_getClock</name>
         <load_address>0x9f80</load_address>
         <run_address>0x9f80</run_address>
         <size>0x5e</size>
         <input_file_ref idref="fl-36"/>
      </object_component>
      <object_component id="oc-11a">
         <name>.text:_EPWM_setCounterCompareValue</name>
         <load_address>0x9fde</load_address>
         <run_address>0x9fde</run_address>
         <size>0x22</size>
         <input_file_ref idref="fl-2"/>
      </object_component>
      <object_component id="oc-f2">
         <name>.text:_PinMux_init</name>
         <load_address>0xa000</load_address>
         <run_address>0xa000</run_address>
         <size>0x5a</size>
         <input_file_ref idref="fl-2"/>
      </object_component>
      <object_component id="oc-9f">
         <name>.text</name>
         <load_address>0xa05a</load_address>
         <run_address>0xa05a</run_address>
         <size>0x56</size>
         <input_file_ref idref="fl-37"/>
      </object_component>
      <object_component id="oc-ed">
         <name>.text:_GPIO_setPadConfig</name>
         <load_address>0xa0b0</load_address>
         <run_address>0xa0b0</run_address>
         <size>0x52</size>
         <input_file_ref idref="fl-33"/>
      </object_component>
      <object_component id="oc-dc">
         <name>.text:_Device_init</name>
         <load_address>0xa102</load_address>
         <run_address>0xa102</run_address>
         <size>0x51</size>
         <input_file_ref idref="fl-6"/>
      </object_component>
      <object_component id="oc-ff">
         <name>.text:_SysCtl_selectOscSource</name>
         <load_address>0xa153</load_address>
         <run_address>0xa153</run_address>
         <size>0x4d</size>
         <input_file_ref idref="fl-36"/>
      </object_component>
      <object_component id="oc-13e">
         <name>.text:_ADC_setVREF</name>
         <load_address>0xa1a0</load_address>
         <run_address>0xa1a0</run_address>
         <size>0x4c</size>
         <input_file_ref idref="fl-20"/>
      </object_component>
      <object_component id="oc-110">
         <name>.text:_myADCA_init</name>
         <load_address>0xa1ec</load_address>
         <run_address>0xa1ec</run_address>
         <size>0x49</size>
         <input_file_ref idref="fl-2"/>
      </object_component>
      <object_component id="oc-144">
         <name>.text:_ADC_setupSOC</name>
         <load_address>0xa235</load_address>
         <run_address>0xa235</run_address>
         <size>0x46</size>
         <input_file_ref idref="fl-2"/>
      </object_component>
      <object_component id="oc-155">
         <name>.text:_SysCtl_pollX1Counter</name>
         <load_address>0xa27b</load_address>
         <run_address>0xa27b</run_address>
         <size>0x45</size>
         <input_file_ref idref="fl-36"/>
      </object_component>
      <object_component id="oc-11c">
         <name>.text:_EPWM_setActionQualifierAction</name>
         <load_address>0xa2c0</load_address>
         <run_address>0xa2c0</run_address>
         <size>0x40</size>
         <input_file_ref idref="fl-2"/>
      </object_component>
      <object_component id="oc-128">
         <name>.text:_SysCtl_selectXTAL</name>
         <load_address>0xa300</load_address>
         <run_address>0xa300</run_address>
         <size>0x40</size>
         <input_file_ref idref="fl-36"/>
      </object_component>
      <object_component id="oc-11b">
         <name>.text:_EPWM_setCounterCompareShadowLoadMode</name>
         <load_address>0xa340</load_address>
         <run_address>0xa340</run_address>
         <size>0x3e</size>
         <input_file_ref idref="fl-2"/>
      </object_component>
      <object_component id="oc-de">
         <name>.text:_Interrupt_initModule</name>
         <load_address>0xa37e</load_address>
         <run_address>0xa37e</run_address>
         <size>0x3d</size>
         <input_file_ref idref="fl-34"/>
      </object_component>
      <object_component id="oc-123">
         <name>.text:_EPWM_setADCTriggerEventPrescale</name>
         <load_address>0xa3bb</load_address>
         <run_address>0xa3bb</run_address>
         <size>0x3a</size>
         <input_file_ref idref="fl-2"/>
      </object_component>
      <object_component id="oc-ef">
         <name>.text:_GPIO_setAnalogMode</name>
         <load_address>0xa3f5</load_address>
         <run_address>0xa3f5</run_address>
         <size>0x3a</size>
         <input_file_ref idref="fl-33"/>
      </object_component>
      <object_component id="oc-10b">
         <name>.text:_MemCfg_setLSRAMControllerSel</name>
         <load_address>0xa42f</load_address>
         <run_address>0xa42f</run_address>
         <size>0x39</size>
         <input_file_ref idref="fl-35"/>
      </object_component>
      <object_component id="oc-153">
         <name>.text:_GPIO_setControllerCore</name>
         <load_address>0xa468</load_address>
         <run_address>0xa468</run_address>
         <size>0x37</size>
         <input_file_ref idref="fl-33"/>
      </object_component>
      <object_component id="oc-103">
         <name>.text:_GPIO_setPinConfig</name>
         <load_address>0xa49f</load_address>
         <run_address>0xa49f</run_address>
         <size>0x37</size>
         <input_file_ref idref="fl-33"/>
      </object_component>
      <object_component id="oc-104">
         <name>.text:_GPIO_setQualificationMode</name>
         <load_address>0xa4d6</load_address>
         <run_address>0xa4d6</run_address>
         <size>0x37</size>
         <input_file_ref idref="fl-33"/>
      </object_component>
      <object_component id="oc-127">
         <name>.text:_Interrupt_enable</name>
         <load_address>0xa50d</load_address>
         <run_address>0xa50d</run_address>
         <size>0x37</size>
         <input_file_ref idref="fl-34"/>
      </object_component>
      <object_component id="oc-ee">
         <name>.text:_GPIO_setDirectionMode</name>
         <load_address>0xa544</load_address>
         <run_address>0xa544</run_address>
         <size>0x31</size>
         <input_file_ref idref="fl-33"/>
      </object_component>
      <object_component id="oc-146">
         <name>.text:_ADC_setInterruptSource</name>
         <load_address>0xa575</load_address>
         <run_address>0xa575</run_address>
         <size>0x2f</size>
         <input_file_ref idref="fl-2"/>
      </object_component>
      <object_component id="oc-145">
         <name>.text:_ADC_setInterruptSOCTrigger</name>
         <load_address>0xa5a4</load_address>
         <run_address>0xa5a4</run_address>
         <size>0x2e</size>
         <input_file_ref idref="fl-2"/>
      </object_component>
      <object_component id="oc-36">
         <name>.text:_INT_myCPUTIMER0_ISR</name>
         <load_address>0xa5d2</load_address>
         <run_address>0xa5d2</run_address>
         <size>0x2e</size>
         <input_file_ref idref="fl-4"/>
      </object_component>
      <object_component id="oc-152">
         <name>.text:_EPWM_isBaseValid</name>
         <load_address>0xa600</load_address>
         <run_address>0xa600</run_address>
         <size>0x2b</size>
         <input_file_ref idref="fl-2"/>
      </object_component>
      <object_component id="oc-151">
         <name>.text:_EPWM_isBaseValid</name>
         <load_address>0xa62b</load_address>
         <run_address>0xa62b</run_address>
         <size>0x2b</size>
         <input_file_ref idref="fl-32"/>
      </object_component>
      <object_component id="oc-d4">
         <name>.text</name>
         <load_address>0xa656</load_address>
         <run_address>0xa656</run_address>
         <size>0x29</size>
         <input_file_ref idref="fl-3c"/>
      </object_component>
      <object_component id="oc-15c">
         <name>.text:_ADC_setOffsetTrimAll</name>
         <load_address>0xa67f</load_address>
         <run_address>0xa67f</run_address>
         <size>0x28</size>
         <input_file_ref idref="fl-20"/>
      </object_component>
      <object_component id="oc-119">
         <name>.text:_EPWM_setSyncOutPulseMode</name>
         <load_address>0xa6a7</load_address>
         <run_address>0xa6a7</run_address>
         <size>0x27</size>
         <input_file_ref idref="fl-2"/>
      </object_component>
      <object_component id="oc-106">
         <name>.text:_SysCtl_setSyncInputConfig</name>
         <load_address>0xa6ce</load_address>
         <run_address>0xa6ce</run_address>
         <size>0x27</size>
         <input_file_ref idref="fl-2"/>
      </object_component>
      <object_component id="oc-139">
         <name>.text:_CLA_setTriggerSource</name>
         <load_address>0xa6f5</load_address>
         <run_address>0xa6f5</run_address>
         <size>0x26</size>
         <input_file_ref idref="fl-21"/>
      </object_component>
      <object_component id="oc-129">
         <name>.text:_SysCtl_selectXTALSingleEnded</name>
         <load_address>0xa71b</load_address>
         <run_address>0xa71b</run_address>
         <size>0x25</size>
         <input_file_ref idref="fl-36"/>
      </object_component>
      <object_component id="oc-133">
         <name>.text:_DCC_enableSingleShotMode</name>
         <load_address>0xa740</load_address>
         <run_address>0xa740</run_address>
         <size>0x24</size>
         <input_file_ref idref="fl-36"/>
      </object_component>
      <object_component id="oc-10c">
         <name>.text:_MemCfg_setCLAMemType</name>
         <load_address>0xa764</load_address>
         <run_address>0xa764</run_address>
         <size>0x24</size>
         <input_file_ref idref="fl-2"/>
      </object_component>
      <object_component id="oc-10a">
         <name>.text:_myCLA0_init</name>
         <load_address>0xa788</load_address>
         <run_address>0xa788</run_address>
         <size>0x24</size>
         <input_file_ref idref="fl-2"/>
      </object_component>
      <object_component id="oc-111">
         <name>.text:_myCPUTIMER0_init</name>
         <load_address>0xa7ac</load_address>
         <run_address>0xa7ac</run_address>
         <size>0x24</size>
         <input_file_ref idref="fl-2"/>
      </object_component>
      <object_component id="oc-d1">
         <name>.text</name>
         <load_address>0xa7d0</load_address>
         <run_address>0xa7d0</run_address>
         <size>0x24</size>
         <input_file_ref idref="fl-3b"/>
      </object_component>
      <object_component id="oc-107">
         <name>.text:_SysCtl_enableExtADCSOCSource</name>
         <load_address>0xa7f4</load_address>
         <run_address>0xa7f4</run_address>
         <size>0xc</size>
         <input_file_ref idref="fl-2"/>
      </object_component>
      <object_component id="oc-148">
         <name>.text:_ADC_enableContinuousMode</name>
         <load_address>0xb800</load_address>
         <run_address>0xb800</run_address>
         <size>0x20</size>
         <input_file_ref idref="fl-2"/>
      </object_component>
      <object_component id="oc-149">
         <name>.text:_ADC_enableInterrupt</name>
         <load_address>0xb820</load_address>
         <run_address>0xb820</run_address>
         <size>0x20</size>
         <input_file_ref idref="fl-2"/>
      </object_component>
      <object_component id="oc-11f">
         <name>.text:_EPWM_setFallingEdgeDelayCountShadowLoadMode</name>
         <load_address>0xb840</load_address>
         <run_address>0xb840</run_address>
         <size>0x1f</size>
         <input_file_ref idref="fl-2"/>
      </object_component>
      <object_component id="oc-11d">
         <name>.text:_EPWM_setRisingEdgeDelayCountShadowLoadMode</name>
         <load_address>0xb85f</load_address>
         <run_address>0xb85f</run_address>
         <size>0x1f</size>
         <input_file_ref idref="fl-2"/>
      </object_component>
      <object_component id="oc-cf">
         <name>.text:_GPIO_togglePin</name>
         <load_address>0xb87e</load_address>
         <run_address>0xb87e</run_address>
         <size>0x1f</size>
         <input_file_ref idref="fl-4"/>
      </object_component>
      <object_component id="oc-131">
         <name>.text:_DCC_setCounter1ClkSource</name>
         <load_address>0xb89d</load_address>
         <run_address>0xb89d</run_address>
         <size>0x1e</size>
         <input_file_ref idref="fl-36"/>
      </object_component>
      <object_component id="oc-118">
         <name>.text:_EPWM_setPhaseShift</name>
         <load_address>0xb8bb</load_address>
         <run_address>0xb8bb</run_address>
         <size>0x1e</size>
         <input_file_ref idref="fl-2"/>
      </object_component>
      <object_component id="oc-df">
         <name>.text:_Interrupt_initVectorTable</name>
         <load_address>0xb8d9</load_address>
         <run_address>0xb8d9</run_address>
         <size>0x1e</size>
         <input_file_ref idref="fl-34"/>
      </object_component>
      <object_component id="oc-f3">
         <name>.text:_SYNC_init</name>
         <load_address>0xb8f7</load_address>
         <run_address>0xb8f7</run_address>
         <size>0x1e</size>
         <input_file_ref idref="fl-2"/>
      </object_component>
      <object_component id="oc-d8">
         <name>.text</name>
         <load_address>0xb915</load_address>
         <run_address>0xb915</run_address>
         <size>0x1d</size>
         <input_file_ref idref="fl-3e"/>
      </object_component>
      <object_component id="oc-143">
         <name>.text:_ADC_setSOCPriority</name>
         <load_address>0xb932</load_address>
         <run_address>0xb932</run_address>
         <size>0x1c</size>
         <input_file_ref idref="fl-2"/>
      </object_component>
      <object_component id="oc-130">
         <name>.text:_DCC_setCounter0ClkSource</name>
         <load_address>0xb94e</load_address>
         <run_address>0xb94e</run_address>
         <size>0x1c</size>
         <input_file_ref idref="fl-36"/>
      </object_component>
      <object_component id="oc-121">
         <name>.text:_EPWM_enableADCTrigger</name>
         <load_address>0xb96a</load_address>
         <run_address>0xb96a</run_address>
         <size>0x1c</size>
         <input_file_ref idref="fl-2"/>
      </object_component>
      <object_component id="oc-113">
         <name>.text:_EPWM_setClockPrescaler</name>
         <load_address>0xb986</load_address>
         <run_address>0xb986</run_address>
         <size>0x1c</size>
         <input_file_ref idref="fl-2"/>
      </object_component>
      <object_component id="oc-150">
         <name>.text:_CPUTimer_startTimer</name>
         <load_address>0xb9a2</load_address>
         <run_address>0xb9a2</run_address>
         <size>0x1a</size>
         <input_file_ref idref="fl-2"/>
      </object_component>
      <object_component id="oc-e9">
         <name>.text:_SysCtl_getLowSpeedClock</name>
         <load_address>0xb9bc</load_address>
         <run_address>0xb9bc</run_address>
         <size>0x1a</size>
         <input_file_ref idref="fl-36"/>
      </object_component>
      <object_component id="oc-fb">
         <name>.text:_INTERRUPT_init</name>
         <load_address>0xb9d6</load_address>
         <run_address>0xb9d6</run_address>
         <size>0x19</size>
         <input_file_ref idref="fl-2"/>
      </object_component>
      <object_component id="oc-109">
         <name>.text:_ASysCtl_setAnalogReferenceExternal</name>
         <load_address>0xb9ef</load_address>
         <run_address>0xb9ef</run_address>
         <size>0x18</size>
         <input_file_ref idref="fl-2"/>
      </object_component>
      <object_component id="oc-120">
         <name>.text:_EPWM_disableFallingEdgeDelayCountShadowLoadMode</name>
         <load_address>0xba07</load_address>
         <run_address>0xba07</run_address>
         <size>0x18</size>
         <input_file_ref idref="fl-2"/>
      </object_component>
      <object_component id="oc-11e">
         <name>.text:_EPWM_disableRisingEdgeDelayCountShadowLoadMode</name>
         <load_address>0xba1f</load_address>
         <run_address>0xba1f</run_address>
         <size>0x18</size>
         <input_file_ref idref="fl-2"/>
      </object_component>
      <object_component id="oc-15d">
         <name>.text:_ADC_isBaseValid</name>
         <load_address>0xba37</load_address>
         <run_address>0xba37</run_address>
         <size>0x17</size>
         <input_file_ref idref="fl-2"/>
      </object_component>
      <object_component id="oc-15b">
         <name>.text:_ADC_isBaseValid</name>
         <load_address>0xba4e</load_address>
         <run_address>0xba4e</run_address>
         <size>0x17</size>
         <input_file_ref idref="fl-20"/>
      </object_component>
      <object_component id="oc-d5">
         <name>.text:_ADC_isBaseValid</name>
         <load_address>0xba65</load_address>
         <run_address>0xba65</run_address>
         <size>0x17</size>
         <input_file_ref idref="fl-4"/>
      </object_component>
      <object_component id="oc-e0">
         <name>.text:_Board_init</name>
         <load_address>0xba7c</load_address>
         <run_address>0xba7c</run_address>
         <size>0x17</size>
         <input_file_ref idref="fl-2"/>
      </object_component>
      <object_component id="oc-15f">
         <name>.text:_CPUTimer_isBaseValid</name>
         <load_address>0xba93</load_address>
         <run_address>0xba93</run_address>
         <size>0x17</size>
         <input_file_ref idref="fl-2"/>
      </object_component>
      <object_component id="oc-15e">
         <name>.text:_CPUTimer_isBaseValid</name>
         <load_address>0xbaaa</load_address>
         <run_address>0xbaaa</run_address>
         <size>0x17</size>
         <input_file_ref idref="fl-2f"/>
      </object_component>
      <object_component id="oc-14b">
         <name>.text:_CPUTimer_setPreScaler</name>
         <load_address>0xbac1</load_address>
         <run_address>0xbac1</run_address>
         <size>0x17</size>
         <input_file_ref idref="fl-2"/>
      </object_component>
      <object_component id="oc-101">
         <name>.text:_SysCtl_enablePeripheral</name>
         <load_address>0xbad8</load_address>
         <run_address>0xbad8</run_address>
         <size>0x17</size>
         <input_file_ref idref="fl-6"/>
      </object_component>
      <object_component id="oc-12a">
         <name>.text:_SysCtl_enablePeripheral</name>
         <load_address>0xbaef</load_address>
         <run_address>0xbaef</run_address>
         <size>0x17</size>
         <input_file_ref idref="fl-36"/>
      </object_component>
      <object_component id="oc-140">
         <name>.text:_ADC_setInterruptPulseMode</name>
         <load_address>0xbb06</load_address>
         <run_address>0xbb06</run_address>
         <size>0x16</size>
         <input_file_ref idref="fl-2"/>
      </object_component>
      <object_component id="oc-13f">
         <name>.text:_ADC_setPrescaler</name>
         <load_address>0xbb1c</load_address>
         <run_address>0xbb1c</run_address>
         <size>0x16</size>
         <input_file_ref idref="fl-2"/>
      </object_component>
      <object_component id="oc-13d">
         <name>.text:_CLA_enableTasks</name>
         <load_address>0xbb32</load_address>
         <run_address>0xbb32</run_address>
         <size>0x16</size>
         <input_file_ref idref="fl-2"/>
      </object_component>
      <object_component id="oc-e2">
         <name>.text:_CLA_forceTasks</name>
         <load_address>0xbb48</load_address>
         <run_address>0xbb48</run_address>
         <size>0x16</size>
         <input_file_ref idref="fl-4"/>
      </object_component>
      <object_component id="oc-138">
         <name>.text:_CLA_mapTaskVector</name>
         <load_address>0xbb5e</load_address>
         <run_address>0xbb5e</run_address>
         <size>0x16</size>
         <input_file_ref idref="fl-2"/>
      </object_component>
      <object_component id="oc-12f">
         <name>.text:_DCC_disableDoneSignal</name>
         <load_address>0xbb74</load_address>
         <run_address>0xbb74</run_address>
         <size>0x16</size>
         <input_file_ref idref="fl-36"/>
      </object_component>
      <object_component id="oc-135">
         <name>.text:_DCC_enableDoneSignal</name>
         <load_address>0xbb8a</load_address>
         <run_address>0xbb8a</run_address>
         <size>0x16</size>
         <input_file_ref idref="fl-36"/>
      </object_component>
      <object_component id="oc-112">
         <name>.text:_EPWM_setEmulationMode</name>
         <load_address>0xbba0</load_address>
         <run_address>0xbba0</run_address>
         <size>0x16</size>
         <input_file_ref idref="fl-32"/>
      </object_component>
      <object_component id="oc-8a">
         <name>.text:_Interrupt_defaultHandler</name>
         <load_address>0xbbb6</load_address>
         <run_address>0xbbb6</run_address>
         <size>0x16</size>
         <input_file_ref idref="fl-34"/>
      </object_component>
      <object_component id="oc-142">
         <name>.text:_ADC_disableBurstMode</name>
         <load_address>0xbbcc</load_address>
         <run_address>0xbbcc</run_address>
         <size>0x15</size>
         <input_file_ref idref="fl-2"/>
      </object_component>
      <object_component id="oc-13b">
         <name>.text:_CLA_disableBackgroundTask</name>
         <load_address>0xbbe1</load_address>
         <run_address>0xbbe1</run_address>
         <size>0x15</size>
         <input_file_ref idref="fl-2"/>
      </object_component>
      <object_component id="oc-13c">
         <name>.text:_CLA_enableIACK</name>
         <load_address>0xbbf6</load_address>
         <run_address>0xbbf6</run_address>
         <size>0x15</size>
         <input_file_ref idref="fl-2"/>
      </object_component>
      <object_component id="oc-14d">
         <name>.text:_CPUTimer_enableInterrupt</name>
         <load_address>0xbc0b</load_address>
         <run_address>0xbc0b</run_address>
         <size>0x15</size>
         <input_file_ref idref="fl-2"/>
      </object_component>
      <object_component id="oc-12c">
         <name>.text:_DCC_clearDoneFlag</name>
         <load_address>0xbc20</load_address>
         <run_address>0xbc20</run_address>
         <size>0x15</size>
         <input_file_ref idref="fl-36"/>
      </object_component>
      <object_component id="oc-12b">
         <name>.text:_DCC_clearErrorFlag</name>
         <load_address>0xbc35</load_address>
         <run_address>0xbc35</run_address>
         <size>0x15</size>
         <input_file_ref idref="fl-36"/>
      </object_component>
      <object_component id="oc-12e">
         <name>.text:_DCC_disableErrorSignal</name>
         <load_address>0xbc4a</load_address>
         <run_address>0xbc4a</run_address>
         <size>0x15</size>
         <input_file_ref idref="fl-36"/>
      </object_component>
      <object_component id="oc-134">
         <name>.text:_DCC_enableErrorSignal</name>
         <load_address>0xbc5f</load_address>
         <run_address>0xbc5f</run_address>
         <size>0x15</size>
         <input_file_ref idref="fl-36"/>
      </object_component>
      <object_component id="oc-f0">
         <name>.text:_GPIO_unlockPortConfig</name>
         <load_address>0xbc74</load_address>
         <run_address>0xbc74</run_address>
         <size>0x15</size>
         <input_file_ref idref="fl-6"/>
      </object_component>
      <object_component id="oc-d9">
         <name>.text:_main</name>
         <load_address>0xbc89</load_address>
         <run_address>0xbc89</run_address>
         <size>0x15</size>
         <input_file_ref idref="fl-4"/>
      </object_component>
      <object_component id="oc-147">
         <name>.text:_ADC_clearInterruptStatus</name>
         <load_address>0xbc9e</load_address>
         <run_address>0xbc9e</run_address>
         <size>0x14</size>
         <input_file_ref idref="fl-2"/>
      </object_component>
      <object_component id="oc-ce">
         <name>.text:_ADC_clearInterruptStatus</name>
         <load_address>0xbcb2</load_address>
         <run_address>0xbcb2</run_address>
         <size>0x14</size>
         <input_file_ref idref="fl-4"/>
      </object_component>
      <object_component id="oc-14f">
         <name>.text:_CPUTimer_reloadTimerCounter</name>
         <load_address>0xbcc6</load_address>
         <run_address>0xbcc6</run_address>
         <size>0x14</size>
         <input_file_ref idref="fl-2"/>
      </object_component>
      <object_component id="oc-14e">
         <name>.text:_CPUTimer_stopTimer</name>
         <load_address>0xbcda</load_address>
         <run_address>0xbcda</run_address>
         <size>0x14</size>
         <input_file_ref idref="fl-2"/>
      </object_component>
      <object_component id="oc-12d">
         <name>.text:_DCC_disableModule</name>
         <load_address>0xbcee</load_address>
         <run_address>0xbcee</run_address>
         <size>0x14</size>
         <input_file_ref idref="fl-36"/>
      </object_component>
      <object_component id="oc-136">
         <name>.text:_DCC_enableModule</name>
         <load_address>0xbd02</load_address>
         <run_address>0xbd02</run_address>
         <size>0x14</size>
         <input_file_ref idref="fl-36"/>
      </object_component>
      <object_component id="oc-116">
         <name>.text:_EPWM_setTimeBaseCounterMode</name>
         <load_address>0xbd16</load_address>
         <run_address>0xbd16</run_address>
         <size>0x14</size>
         <input_file_ref idref="fl-2"/>
      </object_component>
      <object_component id="oc-114">
         <name>.text:_EPWM_setTimeBasePeriod</name>
         <load_address>0xbd2a</load_address>
         <run_address>0xbd2a</run_address>
         <size>0x14</size>
         <input_file_ref idref="fl-2"/>
      </object_component>
      <object_component id="oc-102">
         <name>.text:_GPIO_isPinValid</name>
         <load_address>0xbd3e</load_address>
         <run_address>0xbd3e</run_address>
         <size>0x14</size>
         <input_file_ref idref="fl-33"/>
      </object_component>
      <object_component id="oc-d7">
         <name>.text:_GPIO_isPinValid</name>
         <load_address>0xbd52</load_address>
         <run_address>0xbd52</run_address>
         <size>0x14</size>
         <input_file_ref idref="fl-4"/>
      </object_component>
      <object_component id="oc-ea">
         <name>.text:_SysCtl_deviceCal</name>
         <load_address>0xbd66</load_address>
         <run_address>0xbd66</run_address>
         <size>0x14</size>
         <input_file_ref idref="fl-6"/>
      </object_component>
      <object_component id="oc-125">
         <name>.text:_ZC_OUOT_init</name>
         <load_address>0xbd7a</load_address>
         <run_address>0xbd7a</run_address>
         <size>0x14</size>
         <input_file_ref idref="fl-2"/>
      </object_component>
      <object_component id="oc-141">
         <name>.text:_ADC_enableConverter</name>
         <load_address>0xbd8e</load_address>
         <run_address>0xbd8e</run_address>
         <size>0x13</size>
         <input_file_ref idref="fl-2"/>
      </object_component>
      <object_component id="oc-14a">
         <name>.text:_CPUTimer_setEmulationMode</name>
         <load_address>0xbda1</load_address>
         <run_address>0xbda1</run_address>
         <size>0x13</size>
         <input_file_ref idref="fl-2f"/>
      </object_component>
      <object_component id="oc-115">
         <name>.text:_EPWM_setTimeBaseCounter</name>
         <load_address>0xbdb4</load_address>
         <run_address>0xbdb4</run_address>
         <size>0x12</size>
         <input_file_ref idref="fl-2"/>
      </object_component>
      <object_component id="oc-105">
         <name>.text:_SysCtl_setSyncOutputConfig</name>
         <load_address>0xbdc6</load_address>
         <run_address>0xbdc6</run_address>
         <size>0x12</size>
         <input_file_ref idref="fl-2"/>
      </object_component>
      <object_component id="oc-d3">
         <name>.text</name>
         <load_address>0xbdd8</load_address>
         <run_address>0xbdd8</run_address>
         <size>0x12</size>
         <input_file_ref idref="fl-38"/>
      </object_component>
      <object_component id="oc-14c">
         <name>.text:_CPUTimer_setPeriod</name>
         <load_address>0xbdea</load_address>
         <run_address>0xbdea</run_address>
         <size>0x11</size>
         <input_file_ref idref="fl-2"/>
      </object_component>
      <object_component id="oc-117">
         <name>.text:_EPWM_disablePhaseShiftLoad</name>
         <load_address>0xbdfb</load_address>
         <run_address>0xbdfb</run_address>
         <size>0x11</size>
         <input_file_ref idref="fl-2"/>
      </object_component>
      <object_component id="oc-124">
         <name>.text:_EPWM_enablePhaseShiftLoad</name>
         <load_address>0xbe0c</load_address>
         <run_address>0xbe0c</run_address>
         <size>0x11</size>
         <input_file_ref idref="fl-2"/>
      </object_component>
      <object_component id="oc-157">
         <name>.text:_DCC_isBaseValid</name>
         <load_address>0xbe1d</load_address>
         <run_address>0xbe1d</run_address>
         <size>0x10</size>
         <input_file_ref idref="fl-36"/>
      </object_component>
      <object_component id="oc-dd">
         <name>.text:_Device_initGPIO</name>
         <load_address>0xbe2d</load_address>
         <run_address>0xbe2d</run_address>
         <size>0x10</size>
         <input_file_ref idref="fl-6"/>
      </object_component>
      <object_component id="oc-ec">
         <name>.text:_ASysCtl_disableDCDC</name>
         <load_address>0xbe3d</load_address>
         <run_address>0xbe3d</run_address>
         <size>0xf</size>
         <input_file_ref idref="fl-6"/>
      </object_component>
      <object_component id="oc-15a">
         <name>.text:_CLA_isBaseValid</name>
         <load_address>0xbe4c</load_address>
         <run_address>0xbe4c</run_address>
         <size>0xf</size>
         <input_file_ref idref="fl-2"/>
      </object_component>
      <object_component id="oc-fc">
         <name>.text:_CLA_isBaseValid</name>
         <load_address>0xbe5b</load_address>
         <run_address>0xbe5b</run_address>
         <size>0xf</size>
         <input_file_ref idref="fl-4"/>
      </object_component>
      <object_component id="oc-126">
         <name>.text:_Interrupt_register</name>
         <load_address>0xbe6a</load_address>
         <run_address>0xbe6a</run_address>
         <size>0xf</size>
         <input_file_ref idref="fl-2"/>
      </object_component>
      <object_component id="oc-f1">
         <name>.text:_Interrupt_disableGlobal</name>
         <load_address>0xbe79</load_address>
         <run_address>0xbe79</run_address>
         <size>0xd</size>
         <input_file_ref idref="fl-34"/>
      </object_component>
      <object_component id="oc-154">
         <name>.text:_Interrupt_enableGlobal</name>
         <load_address>0xbe86</load_address>
         <run_address>0xbe86</run_address>
         <size>0xd</size>
         <input_file_ref idref="fl-34"/>
      </object_component>
      <object_component id="oc-e7">
         <name>.text:_SysCtl_setLowSpeedClock</name>
         <load_address>0xbe93</load_address>
         <run_address>0xbe93</run_address>
         <size>0xd</size>
         <input_file_ref idref="fl-6"/>
      </object_component>
      <object_component id="oc-10f">
         <name>.text:_MemCfg_disableCorrErrorInterrupt</name>
         <load_address>0xbea0</load_address>
         <run_address>0xbea0</run_address>
         <size>0xb</size>
         <input_file_ref idref="fl-2"/>
      </object_component>
      <object_component id="oc-e5">
         <name>.text:_SysCtl_disableWatchdog</name>
         <load_address>0xbeab</load_address>
         <run_address>0xbeab</run_address>
         <size>0xb</size>
         <input_file_ref idref="fl-6"/>
      </object_component>
      <object_component id="oc-fe">
         <name>.text:_SysCtl_isMCDClockFailureDetected</name>
         <load_address>0xbeb6</load_address>
         <run_address>0xbeb6</run_address>
         <size>0xb</size>
         <input_file_ref idref="fl-36"/>
      </object_component>
      <object_component id="oc-8b">
         <name>.text:_Interrupt_illegalOperationHandler</name>
         <load_address>0xbec1</load_address>
         <run_address>0xbec1</run_address>
         <size>0xa</size>
         <input_file_ref idref="fl-34"/>
      </object_component>
      <object_component id="oc-8c">
         <name>.text:_Interrupt_nmiHandler</name>
         <load_address>0xbecb</load_address>
         <run_address>0xbecb</run_address>
         <size>0xa</size>
         <input_file_ref idref="fl-34"/>
      </object_component>
      <object_component id="oc-10e">
         <name>.text:_MemCfg_setCorrErrorThreshold</name>
         <load_address>0xbed5</load_address>
         <run_address>0xbed5</run_address>
         <size>0x9</size>
         <input_file_ref idref="fl-2"/>
      </object_component>
      <object_component id="oc-e3">
         <name>.text</name>
         <load_address>0xbede</load_address>
         <run_address>0xbede</run_address>
         <size>0x9</size>
         <input_file_ref idref="fl-3d"/>
      </object_component>
      <object_component id="oc-50">
         <name>.text</name>
         <load_address>0xbee7</load_address>
         <run_address>0xbee7</run_address>
         <size>0x8</size>
         <input_file_ref idref="fl-7"/>
      </object_component>
      <object_component id="oc-108">
         <name>.text:_ASysCtl_disableTemperatureSensor</name>
         <load_address>0xbeef</load_address>
         <run_address>0xbeef</run_address>
         <size>0x7</size>
         <input_file_ref idref="fl-2"/>
      </object_component>
      <object_component id="oc-156">
         <name>.text:_SysCtl_resetMCD</name>
         <load_address>0xbef6</load_address>
         <run_address>0xbef6</run_address>
         <size>0x7</size>
         <input_file_ref idref="fl-36"/>
      </object_component>
      <object_component id="oc-d6">
         <name>.text:___error__</name>
         <load_address>0xbefd</load_address>
         <run_address>0xbefd</run_address>
         <size>0x7</size>
         <input_file_ref idref="fl-6"/>
      </object_component>
      <object_component id="oc-f4">
         <name>.text:_ASYSCTL_init</name>
         <load_address>0xbf04</load_address>
         <run_address>0xbf04</run_address>
         <size>0x6</size>
         <input_file_ref idref="fl-2"/>
      </object_component>
      <object_component id="oc-cd">
         <name>.text:_Interrupt_clearACKGroup</name>
         <load_address>0xbf0a</load_address>
         <run_address>0xbf0a</run_address>
         <size>0x6</size>
         <input_file_ref idref="fl-4"/>
      </object_component>
      <object_component id="oc-f7">
         <name>.text:_ADC_init</name>
         <load_address>0xbf10</load_address>
         <run_address>0xbf10</run_address>
         <size>0x3</size>
         <input_file_ref idref="fl-2"/>
      </object_component>
      <object_component id="oc-f5">
         <name>.text:_CLA_init</name>
         <load_address>0xbf13</load_address>
         <run_address>0xbf13</run_address>
         <size>0x3</size>
         <input_file_ref idref="fl-2"/>
      </object_component>
      <object_component id="oc-f8">
         <name>.text:_CPUTIMER_init</name>
         <load_address>0xbf16</load_address>
         <run_address>0xbf16</run_address>
         <size>0x3</size>
         <input_file_ref idref="fl-2"/>
      </object_component>
      <object_component id="oc-fa">
         <name>.text:_GPIO_init</name>
         <load_address>0xbf19</load_address>
         <run_address>0xbf19</run_address>
         <size>0x3</size>
         <input_file_ref idref="fl-2"/>
      </object_component>
      <object_component id="oc-d0">
         <name>.text</name>
         <load_address>0xbf1c</load_address>
         <run_address>0xbf1c</run_address>
         <size>0x2</size>
         <input_file_ref idref="fl-3a"/>
      </object_component>
      <object_component id="oc-e1">
         <name>.text:_C2000Ware_libraries_init</name>
         <load_address>0xbf1e</load_address>
         <run_address>0xbf1e</run_address>
         <size>0x1</size>
         <input_file_ref idref="fl-3"/>
      </object_component>
      <object_component id="oc-d2">
         <name>.text</name>
         <load_address>0xbf1f</load_address>
         <run_address>0xbf1f</run_address>
         <size>0x1</size>
         <input_file_ref idref="fl-39"/>
      </object_component>
      <object_component id="oc-bb">
         <name>.cinit</name>
         <load_address>0xf6</load_address>
         <run_address>0xf6</run_address>
         <size>0xe</size>
         <input_file_ref idref="fl-3c"/>
      </object_component>
      <object_component id="oc-49">
         <name>.cinit</name>
         <load_address>0x104</load_address>
         <run_address>0x104</run_address>
         <size>0xa</size>
         <input_file_ref idref="fl-6"/>
      </object_component>
      <object_component id="oc-33">
         <name>.cinit</name>
         <load_address>0x10e</load_address>
         <run_address>0x10e</run_address>
         <size>0xa</size>
         <input_file_ref idref="fl-4"/>
      </object_component>
      <object_component id="oc-db">
         <name>.cinit:__lock</name>
         <load_address>0x118</load_address>
         <run_address>0x118</run_address>
         <size>0x5</size>
         <input_file_ref idref="fl-3d"/>
      </object_component>
      <object_component id="oc-e4">
         <name>.cinit:__unlock</name>
         <load_address>0x11d</load_address>
         <run_address>0x11d</run_address>
         <size>0x5</size>
         <input_file_ref idref="fl-3d"/>
      </object_component>
      <object_component id="oc-a1">
         <name>.reset</name>
         <load_address>0x3fffc0</load_address>
         <run_address>0x3fffc0</run_address>
         <size>0x2</size>
         <input_file_ref idref="fl-37"/>
      </object_component>
      <object_component id="oc-a0">
         <name>.stack</name>
         <uninitialized>true</uninitialized>
         <run_address>0x400</run_address>
         <size>0x0</size>
         <input_file_ref idref="fl-37"/>
      </object_component>
      <object_component id="oc-185">
         <name>.stack</name>
         <uninitialized>true</uninitialized>
         <run_address>0x400</run_address>
         <size>0x0</size>
      </object_component>
      <object_component id="oc-cb">
         <name>.ebss:_AdcBuf</name>
         <uninitialized>true</uninitialized>
         <run_address>0xa800</run_address>
         <size>0x3e8</size>
         <input_file_ref idref="fl-4"/>
      </object_component>
      <object_component id="oc-bc">
         <name>.ebss</name>
         <uninitialized>true</uninitialized>
         <run_address>0xabe8</run_address>
         <size>0x6</size>
         <input_file_ref idref="fl-3c"/>
      </object_component>
      <object_component id="oc-4a">
         <name>.ebss</name>
         <uninitialized>true</uninitialized>
         <run_address>0xabee</run_address>
         <size>0x4</size>
         <input_file_ref idref="fl-6"/>
      </object_component>
      <object_component id="oc-34">
         <name>.ebss</name>
         <uninitialized>true</uninitialized>
         <run_address>0xabf2</run_address>
         <size>0x4</size>
         <input_file_ref idref="fl-4"/>
      </object_component>
      <object_component id="oc-da">
         <name>.ebss:__lock</name>
         <uninitialized>true</uninitialized>
         <run_address>0xabf6</run_address>
         <size>0x2</size>
         <input_file_ref idref="fl-3d"/>
      </object_component>
      <object_component id="oc-fd">
         <name>.ebss:__unlock</name>
         <uninitialized>true</uninitialized>
         <run_address>0xabf8</run_address>
         <size>0x2</size>
         <input_file_ref idref="fl-3d"/>
      </object_component>
      <object_component id="oc-cc">
         <name>.ebss:_spllBuf</name>
         <uninitialized>true</uninitialized>
         <run_address>0xac00</run_address>
         <size>0x3e8</size>
         <input_file_ref idref="fl-4"/>
      </object_component>
      <object_component id="oc-28">
         <name>.econst:.string</name>
         <load_address>0xb000</load_address>
         <run_address>0xb000</run_address>
         <size>0x1e3</size>
         <input_file_ref idref="fl-2"/>
      </object_component>
      <object_component id="oc-38">
         <name>.econst:.string</name>
         <load_address>0xb1e4</load_address>
         <run_address>0xb1e4</run_address>
         <size>0xeb</size>
         <input_file_ref idref="fl-4"/>
      </object_component>
      <object_component id="oc-9a">
         <name>.econst:.string</name>
         <load_address>0xb2d0</load_address>
         <run_address>0xb2d0</run_address>
         <size>0x9a</size>
         <input_file_ref idref="fl-36"/>
      </object_component>
      <object_component id="oc-7e">
         <name>.econst:.string</name>
         <load_address>0xb36a</load_address>
         <run_address>0xb36a</run_address>
         <size>0x98</size>
         <input_file_ref idref="fl-32"/>
      </object_component>
      <object_component id="oc-84">
         <name>.econst:.string</name>
         <load_address>0xb402</load_address>
         <run_address>0xb402</run_address>
         <size>0x98</size>
         <input_file_ref idref="fl-33"/>
      </object_component>
      <object_component id="oc-73">
         <name>.econst:.string</name>
         <load_address>0xb49a</load_address>
         <run_address>0xb49a</run_address>
         <size>0x97</size>
         <input_file_ref idref="fl-30"/>
      </object_component>
      <object_component id="oc-4b">
         <name>.econst:.string</name>
         <load_address>0xb532</load_address>
         <run_address>0xb532</run_address>
         <size>0x65</size>
         <input_file_ref idref="fl-6"/>
      </object_component>
      <object_component id="oc-8d">
         <name>.econst:.string</name>
         <load_address>0xb598</load_address>
         <run_address>0xb598</run_address>
         <size>0x51</size>
         <input_file_ref idref="fl-34"/>
      </object_component>
      <object_component id="oc-6d">
         <name>.econst:.string</name>
         <load_address>0xb5ea</load_address>
         <run_address>0xb5ea</run_address>
         <size>0x50</size>
         <input_file_ref idref="fl-2f"/>
      </object_component>
      <object_component id="oc-93">
         <name>.econst:.string</name>
         <load_address>0xb63a</load_address>
         <run_address>0xb63a</run_address>
         <size>0x4e</size>
         <input_file_ref idref="fl-35"/>
      </object_component>
      <object_component id="oc-56">
         <name>.econst:.string</name>
         <load_address>0xb688</load_address>
         <run_address>0xb688</run_address>
         <size>0x4b</size>
         <input_file_ref idref="fl-20"/>
      </object_component>
      <object_component id="oc-137">
         <name>Cla1Prog:_Cla1Task1</name>
         <load_address>0x8000</load_address>
         <run_address>0x8000</run_address>
         <size>0x152</size>
         <input_file_ref idref="fl-5"/>
      </object_component>
      <object_component id="oc-13a">
         <name>Cla1Prog:_Cla1Task8</name>
         <load_address>0x8152</load_address>
         <run_address>0x8152</run_address>
         <size>0xdc</size>
         <input_file_ref idref="fl-5"/>
      </object_component>
      <object_component id="oc-160">
         <name>Cla1Prog:_EPWM_isBaseValid</name>
         <load_address>0x822e</load_address>
         <run_address>0x822e</run_address>
         <size>0xc8</size>
         <input_file_ref idref="fl-5"/>
      </object_component>
      <object_component id="oc-159">
         <name>Cla1Prog:_EPWM_setCounterCompareValue</name>
         <load_address>0x82f6</load_address>
         <run_address>0x82f6</run_address>
         <size>0xa0</size>
         <input_file_ref idref="fl-5"/>
      </object_component>
      <object_component id="oc-158">
         <name>Cla1Prog:_ADC_readResult</name>
         <load_address>0x8396</load_address>
         <run_address>0x8396</run_address>
         <size>0x68</size>
         <input_file_ref idref="fl-5"/>
      </object_component>
      <object_component id="oc-60">
         <name>Cla1Prog:_CLAcos</name>
         <load_address>0x83fe</load_address>
         <run_address>0x83fe</run_address>
         <size>0x38</size>
         <input_file_ref idref="fl-22"/>
      </object_component>
      <object_component id="oc-66">
         <name>Cla1Prog:_CLAsin</name>
         <load_address>0x8436</load_address>
         <run_address>0x8436</run_address>
         <size>0x38</size>
         <input_file_ref idref="fl-23"/>
      </object_component>
      <object_component id="oc-3f">
         <name>.scratchpad:Cla1Prog:_ADC_readResult</name>
         <uninitialized>true</uninitialized>
         <run_address>0x8890</run_address>
         <size>0x4</size>
         <input_file_ref idref="fl-5"/>
      </object_component>
      <object_component id="oc-40">
         <name>.scratchpad:Cla1Prog:_EPWM_isBaseValid</name>
         <uninitialized>true</uninitialized>
         <run_address>0x889a</run_address>
         <size>0x4</size>
         <input_file_ref idref="fl-5"/>
      </object_component>
      <object_component id="oc-41">
         <name>.scratchpad:Cla1Prog:_EPWM_setCounterCompareValue</name>
         <uninitialized>true</uninitialized>
         <run_address>0x8890</run_address>
         <size>0xa</size>
         <input_file_ref idref="fl-5"/>
      </object_component>
      <object_component id="oc-42">
         <name>.scratchpad:Cla1Prog:_Cla1Task1</name>
         <uninitialized>true</uninitialized>
         <run_address>0x8886</run_address>
         <size>0xa</size>
         <input_file_ref idref="fl-5"/>
      </object_component>
      <object_component id="oc-43">
         <name>.scratchpad:Cla1Prog:_Cla1Task8</name>
         <uninitialized>true</uninitialized>
         <run_address>0x8886</run_address>
         <size>0x6</size>
         <input_file_ref idref="fl-5"/>
      </object_component>
      <object_component id="oc-61">
         <name>.scratchpad:Cla1Prog:_CLAcos</name>
         <uninitialized>true</uninitialized>
         <run_address>0x8890</run_address>
         <size>0x2</size>
         <input_file_ref idref="fl-22"/>
      </object_component>
      <object_component id="oc-67">
         <name>.scratchpad:Cla1Prog:_CLAsin</name>
         <uninitialized>true</uninitialized>
         <run_address>0x8890</run_address>
         <size>0x2</size>
         <input_file_ref idref="fl-23"/>
      </object_component>
      <object_component id="oc-3e">
         <name>.bss_cla</name>
         <uninitialized>true</uninitialized>
         <run_address>0x889e</run_address>
         <size>0x2</size>
         <input_file_ref idref="fl-5"/>
      </object_component>
      <object_component id="oc-35">
         <name>cla_shared</name>
         <uninitialized>true</uninitialized>
         <run_address>0x8800</run_address>
         <size>0x86</size>
         <input_file_ref idref="fl-4"/>
      </object_component>
      <object_component id="oc-27">
         <name>.debug_info</name>
         <load_address>0x0</load_address>
         <run_address>0x0</run_address>
         <size>0x8eb6</size>
         <input_file_ref idref="fl-2"/>
      </object_component>
      <object_component id="oc-2d">
         <name>.debug_info</name>
         <load_address>0x8eb6</load_address>
         <run_address>0x8eb6</run_address>
         <size>0x3d3</size>
         <input_file_ref idref="fl-3"/>
      </object_component>
      <object_component id="oc-32">
         <name>.debug_info</name>
         <load_address>0x9289</load_address>
         <run_address>0x9289</run_address>
         <size>0x131d</size>
         <input_file_ref idref="fl-4"/>
      </object_component>
      <object_component id="oc-3d">
         <name>.debug_info</name>
         <load_address>0xa5a6</load_address>
         <run_address>0xa5a6</run_address>
         <size>0xdd5</size>
         <input_file_ref idref="fl-5"/>
      </object_component>
      <object_component id="oc-48">
         <name>.debug_info</name>
         <load_address>0xb37b</load_address>
         <run_address>0xb37b</run_address>
         <size>0x20ce</size>
         <input_file_ref idref="fl-6"/>
      </object_component>
      <object_component id="oc-52">
         <name>.debug_info</name>
         <load_address>0xd449</load_address>
         <run_address>0xd449</run_address>
         <size>0x146</size>
         <input_file_ref idref="fl-7"/>
      </object_component>
      <object_component id="oc-55">
         <name>.debug_info</name>
         <load_address>0xd58f</load_address>
         <run_address>0xd58f</run_address>
         <size>0x982</size>
         <input_file_ref idref="fl-20"/>
      </object_component>
      <object_component id="oc-5b">
         <name>.debug_info</name>
         <load_address>0xdf11</load_address>
         <run_address>0xdf11</run_address>
         <size>0xb4d</size>
         <input_file_ref idref="fl-21"/>
      </object_component>
      <object_component id="oc-62">
         <name>.debug_info</name>
         <load_address>0xea5e</load_address>
         <run_address>0xea5e</run_address>
         <size>0x132</size>
         <input_file_ref idref="fl-22"/>
      </object_component>
      <object_component id="oc-68">
         <name>.debug_info</name>
         <load_address>0xeb90</load_address>
         <run_address>0xeb90</run_address>
         <size>0x132</size>
         <input_file_ref idref="fl-23"/>
      </object_component>
      <object_component id="oc-6c">
         <name>.debug_info</name>
         <load_address>0xecc2</load_address>
         <run_address>0xecc2</run_address>
         <size>0x70f</size>
         <input_file_ref idref="fl-2f"/>
      </object_component>
      <object_component id="oc-72">
         <name>.debug_info</name>
         <load_address>0xf3d1</load_address>
         <run_address>0xf3d1</run_address>
         <size>0x576</size>
         <input_file_ref idref="fl-30"/>
      </object_component>
      <object_component id="oc-79">
         <name>.debug_info</name>
         <load_address>0xf947</load_address>
         <run_address>0xf947</run_address>
         <size>0x114</size>
         <input_file_ref idref="fl-31"/>
      </object_component>
      <object_component id="oc-7d">
         <name>.debug_info</name>
         <load_address>0xfa5b</load_address>
         <run_address>0xfa5b</run_address>
         <size>0xeaa</size>
         <input_file_ref idref="fl-32"/>
      </object_component>
      <object_component id="oc-83">
         <name>.debug_info</name>
         <load_address>0x10905</load_address>
         <run_address>0x10905</run_address>
         <size>0x1113</size>
         <input_file_ref idref="fl-33"/>
      </object_component>
      <object_component id="oc-89">
         <name>.debug_info</name>
         <load_address>0x11a18</load_address>
         <run_address>0x11a18</run_address>
         <size>0xcb5</size>
         <input_file_ref idref="fl-34"/>
      </object_component>
      <object_component id="oc-92">
         <name>.debug_info</name>
         <load_address>0x126cd</load_address>
         <run_address>0x126cd</run_address>
         <size>0x85d</size>
         <input_file_ref idref="fl-35"/>
      </object_component>
      <object_component id="oc-98">
         <name>.debug_info</name>
         <load_address>0x12f2a</load_address>
         <run_address>0x12f2a</run_address>
         <size>0x2e83</size>
         <input_file_ref idref="fl-36"/>
      </object_component>
      <object_component id="oc-a2">
         <name>.debug_info</name>
         <load_address>0x15dad</load_address>
         <run_address>0x15dad</run_address>
         <size>0x173</size>
         <input_file_ref idref="fl-37"/>
      </object_component>
      <object_component id="oc-a6">
         <name>.debug_info</name>
         <load_address>0x15f20</load_address>
         <run_address>0x15f20</run_address>
         <size>0x467</size>
         <input_file_ref idref="fl-38"/>
      </object_component>
      <object_component id="oc-ab">
         <name>.debug_info</name>
         <load_address>0x16387</load_address>
         <run_address>0x16387</run_address>
         <size>0x3aa</size>
         <input_file_ref idref="fl-39"/>
      </object_component>
      <object_component id="oc-b0">
         <name>.debug_info</name>
         <load_address>0x16731</load_address>
         <run_address>0x16731</run_address>
         <size>0x3ad</size>
         <input_file_ref idref="fl-3a"/>
      </object_component>
      <object_component id="oc-b5">
         <name>.debug_info</name>
         <load_address>0x16ade</load_address>
         <run_address>0x16ade</run_address>
         <size>0x561</size>
         <input_file_ref idref="fl-3b"/>
      </object_component>
      <object_component id="oc-ba">
         <name>.debug_info</name>
         <load_address>0x1703f</load_address>
         <run_address>0x1703f</run_address>
         <size>0x544</size>
         <input_file_ref idref="fl-3c"/>
      </object_component>
      <object_component id="oc-c1">
         <name>.debug_info</name>
         <load_address>0x17583</load_address>
         <run_address>0x17583</run_address>
         <size>0x4cc</size>
         <input_file_ref idref="fl-3d"/>
      </object_component>
      <object_component id="oc-c6">
         <name>.debug_info</name>
         <load_address>0x17a4f</load_address>
         <run_address>0x17a4f</run_address>
         <size>0x43a</size>
         <input_file_ref idref="fl-3e"/>
      </object_component>
      <object_component id="oc-18b">
         <name>.debug_info</name>
         <load_address>0x17e89</load_address>
         <run_address>0x17e89</run_address>
         <size>0xb5</size>
      </object_component>
      <object_component id="oc-29">
         <name>.debug_frame</name>
         <load_address>0x0</load_address>
         <run_address>0x0</run_address>
         <size>0x758</size>
         <input_file_ref idref="fl-2"/>
      </object_component>
      <object_component id="oc-2e">
         <name>.debug_frame</name>
         <load_address>0x758</load_address>
         <run_address>0x758</run_address>
         <size>0x40</size>
         <input_file_ref idref="fl-3"/>
      </object_component>
      <object_component id="oc-39">
         <name>.debug_frame</name>
         <load_address>0x798</load_address>
         <run_address>0x798</run_address>
         <size>0x20c</size>
         <input_file_ref idref="fl-4"/>
      </object_component>
      <object_component id="oc-44">
         <name>.debug_frame</name>
         <load_address>0x9a4</load_address>
         <run_address>0x9a4</run_address>
         <size>0x64</size>
         <input_file_ref idref="fl-5"/>
      </object_component>
      <object_component id="oc-4c">
         <name>.debug_frame</name>
         <load_address>0xa08</load_address>
         <run_address>0xa08</run_address>
         <size>0x12c</size>
         <input_file_ref idref="fl-6"/>
      </object_component>
      <object_component id="oc-57">
         <name>.debug_frame</name>
         <load_address>0xb34</load_address>
         <run_address>0xb34</run_address>
         <size>0x7c</size>
         <input_file_ref idref="fl-20"/>
      </object_component>
      <object_component id="oc-5c">
         <name>.debug_frame</name>
         <load_address>0xbb0</load_address>
         <run_address>0xbb0</run_address>
         <size>0x44</size>
         <input_file_ref idref="fl-21"/>
      </object_component>
      <object_component id="oc-6e">
         <name>.debug_frame</name>
         <load_address>0xbf4</load_address>
         <run_address>0xbf4</run_address>
         <size>0x60</size>
         <input_file_ref idref="fl-2f"/>
      </object_component>
      <object_component id="oc-74">
         <name>.debug_frame</name>
         <load_address>0xc54</load_address>
         <run_address>0xc54</run_address>
         <size>0x28</size>
         <input_file_ref idref="fl-30"/>
      </object_component>
      <object_component id="oc-7f">
         <name>.debug_frame</name>
         <load_address>0xc7c</load_address>
         <run_address>0xc7c</run_address>
         <size>0x60</size>
         <input_file_ref idref="fl-32"/>
      </object_component>
      <object_component id="oc-85">
         <name>.debug_frame</name>
         <load_address>0xcdc</load_address>
         <run_address>0xcdc</run_address>
         <size>0xec</size>
         <input_file_ref idref="fl-33"/>
      </object_component>
      <object_component id="oc-8e">
         <name>.debug_frame</name>
         <load_address>0xdc8</load_address>
         <run_address>0xdc8</run_address>
         <size>0x10c</size>
         <input_file_ref idref="fl-34"/>
      </object_component>
      <object_component id="oc-94">
         <name>.debug_frame</name>
         <load_address>0xed4</load_address>
         <run_address>0xed4</run_address>
         <size>0x60</size>
         <input_file_ref idref="fl-35"/>
      </object_component>
      <object_component id="oc-9b">
         <name>.debug_frame</name>
         <load_address>0xf34</load_address>
         <run_address>0xf34</run_address>
         <size>0x2c0</size>
         <input_file_ref idref="fl-36"/>
      </object_component>
      <object_component id="oc-a7">
         <name>.debug_frame</name>
         <load_address>0x11f4</load_address>
         <run_address>0x11f4</run_address>
         <size>0x40</size>
         <input_file_ref idref="fl-38"/>
      </object_component>
      <object_component id="oc-ac">
         <name>.debug_frame</name>
         <load_address>0x1234</load_address>
         <run_address>0x1234</run_address>
         <size>0x40</size>
         <input_file_ref idref="fl-39"/>
      </object_component>
      <object_component id="oc-b1">
         <name>.debug_frame</name>
         <load_address>0x1274</load_address>
         <run_address>0x1274</run_address>
         <size>0x40</size>
         <input_file_ref idref="fl-3a"/>
      </object_component>
      <object_component id="oc-b6">
         <name>.debug_frame</name>
         <load_address>0x12b4</load_address>
         <run_address>0x12b4</run_address>
         <size>0x60</size>
         <input_file_ref idref="fl-3b"/>
      </object_component>
      <object_component id="oc-bd">
         <name>.debug_frame</name>
         <load_address>0x1314</load_address>
         <run_address>0x1314</run_address>
         <size>0x60</size>
         <input_file_ref idref="fl-3c"/>
      </object_component>
      <object_component id="oc-c2">
         <name>.debug_frame</name>
         <load_address>0x1374</load_address>
         <run_address>0x1374</run_address>
         <size>0x70</size>
         <input_file_ref idref="fl-3d"/>
      </object_component>
      <object_component id="oc-c7">
         <name>.debug_frame</name>
         <load_address>0x13e4</load_address>
         <run_address>0x13e4</run_address>
         <size>0x40</size>
         <input_file_ref idref="fl-3e"/>
      </object_component>
      <object_component id="oc-2a">
         <name>.debug_line</name>
         <load_address>0x0</load_address>
         <run_address>0x0</run_address>
         <size>0xb57</size>
         <input_file_ref idref="fl-2"/>
      </object_component>
      <object_component id="oc-2f">
         <name>.debug_line</name>
         <load_address>0xb57</load_address>
         <run_address>0xb57</run_address>
         <size>0x4e</size>
         <input_file_ref idref="fl-3"/>
      </object_component>
      <object_component id="oc-3a">
         <name>.debug_line</name>
         <load_address>0xba5</load_address>
         <run_address>0xba5</run_address>
         <size>0x29b</size>
         <input_file_ref idref="fl-4"/>
      </object_component>
      <object_component id="oc-45">
         <name>.debug_line</name>
         <load_address>0xe40</load_address>
         <run_address>0xe40</run_address>
         <size>0x188</size>
         <input_file_ref idref="fl-5"/>
      </object_component>
      <object_component id="oc-4d">
         <name>.debug_line</name>
         <load_address>0xfc8</load_address>
         <run_address>0xfc8</run_address>
         <size>0x299</size>
         <input_file_ref idref="fl-6"/>
      </object_component>
      <object_component id="oc-51">
         <name>.debug_line</name>
         <load_address>0x1261</load_address>
         <run_address>0x1261</run_address>
         <size>0x6a</size>
         <input_file_ref idref="fl-7"/>
      </object_component>
      <object_component id="oc-58">
         <name>.debug_line</name>
         <load_address>0x12cb</load_address>
         <run_address>0x12cb</run_address>
         <size>0x13d</size>
         <input_file_ref idref="fl-20"/>
      </object_component>
      <object_component id="oc-5d">
         <name>.debug_line</name>
         <load_address>0x1408</load_address>
         <run_address>0x1408</run_address>
         <size>0x8e</size>
         <input_file_ref idref="fl-21"/>
      </object_component>
      <object_component id="oc-63">
         <name>.debug_line</name>
         <load_address>0x1496</load_address>
         <run_address>0x1496</run_address>
         <size>0x93</size>
         <input_file_ref idref="fl-22"/>
      </object_component>
      <object_component id="oc-69">
         <name>.debug_line</name>
         <load_address>0x1529</load_address>
         <run_address>0x1529</run_address>
         <size>0x93</size>
         <input_file_ref idref="fl-23"/>
      </object_component>
      <object_component id="oc-6f">
         <name>.debug_line</name>
         <load_address>0x15bc</load_address>
         <run_address>0x15bc</run_address>
         <size>0xf9</size>
         <input_file_ref idref="fl-2f"/>
      </object_component>
      <object_component id="oc-75">
         <name>.debug_line</name>
         <load_address>0x16b5</load_address>
         <run_address>0x16b5</run_address>
         <size>0xb9</size>
         <input_file_ref idref="fl-30"/>
      </object_component>
      <object_component id="oc-7a">
         <name>.debug_line</name>
         <load_address>0x176e</load_address>
         <run_address>0x176e</run_address>
         <size>0xad</size>
         <input_file_ref idref="fl-31"/>
      </object_component>
      <object_component id="oc-80">
         <name>.debug_line</name>
         <load_address>0x181b</load_address>
         <run_address>0x181b</run_address>
         <size>0xf3</size>
         <input_file_ref idref="fl-32"/>
      </object_component>
      <object_component id="oc-86">
         <name>.debug_line</name>
         <load_address>0x190e</load_address>
         <run_address>0x190e</run_address>
         <size>0x244</size>
         <input_file_ref idref="fl-33"/>
      </object_component>
      <object_component id="oc-8f">
         <name>.debug_line</name>
         <load_address>0x1b52</load_address>
         <run_address>0x1b52</run_address>
         <size>0x1f0</size>
         <input_file_ref idref="fl-34"/>
      </object_component>
      <object_component id="oc-95">
         <name>.debug_line</name>
         <load_address>0x1d42</load_address>
         <run_address>0x1d42</run_address>
         <size>0xeb</size>
         <input_file_ref idref="fl-35"/>
      </object_component>
      <object_component id="oc-9c">
         <name>.debug_line</name>
         <load_address>0x1e2d</load_address>
         <run_address>0x1e2d</run_address>
         <size>0x5f6</size>
         <input_file_ref idref="fl-36"/>
      </object_component>
      <object_component id="oc-a3">
         <name>.debug_line</name>
         <load_address>0x2423</load_address>
         <run_address>0x2423</run_address>
         <size>0x7e</size>
         <input_file_ref idref="fl-37"/>
      </object_component>
      <object_component id="oc-a8">
         <name>.debug_line</name>
         <load_address>0x24a1</load_address>
         <run_address>0x24a1</run_address>
         <size>0x4f</size>
         <input_file_ref idref="fl-38"/>
      </object_component>
      <object_component id="oc-ad">
         <name>.debug_line</name>
         <load_address>0x24f0</load_address>
         <run_address>0x24f0</run_address>
         <size>0x3a</size>
         <input_file_ref idref="fl-39"/>
      </object_component>
      <object_component id="oc-b2">
         <name>.debug_line</name>
         <load_address>0x252a</load_address>
         <run_address>0x252a</run_address>
         <size>0x3e</size>
         <input_file_ref idref="fl-3a"/>
      </object_component>
      <object_component id="oc-b7">
         <name>.debug_line</name>
         <load_address>0x2568</load_address>
         <run_address>0x2568</run_address>
         <size>0x50</size>
         <input_file_ref idref="fl-3b"/>
      </object_component>
      <object_component id="oc-be">
         <name>.debug_line</name>
         <load_address>0x25b8</load_address>
         <run_address>0x25b8</run_address>
         <size>0x65</size>
         <input_file_ref idref="fl-3c"/>
      </object_component>
      <object_component id="oc-c3">
         <name>.debug_line</name>
         <load_address>0x261d</load_address>
         <run_address>0x261d</run_address>
         <size>0x5e</size>
         <input_file_ref idref="fl-3d"/>
      </object_component>
      <object_component id="oc-c8">
         <name>.debug_line</name>
         <load_address>0x267b</load_address>
         <run_address>0x267b</run_address>
         <size>0x62</size>
         <input_file_ref idref="fl-3e"/>
      </object_component>
      <object_component id="oc-2b">
         <name>.debug_abbrev</name>
         <load_address>0x0</load_address>
         <run_address>0x0</run_address>
         <size>0x203</size>
         <input_file_ref idref="fl-2"/>
      </object_component>
      <object_component id="oc-30">
         <name>.debug_abbrev</name>
         <load_address>0x203</load_address>
[...]
         </usage_details>
      </memory_area>
      <memory_area display="yes" color="green">
         <name>RAMLS5</name>
         <page_id>0x1</page_id>
         <origin>0xa800</origin>
         <length>0x800</length>
         <used_space>0x7e2</used_space>
         <unused_space>0x1e</unused_space>
         <attributes>RWIX</attributes>
         <usage_details>
            <allocated_space>
               <start_address>0xa800</start_address>
               <size>0x3fa</size>
               <logical_group_ref idref="lg-189"/>
            </allocated_space>
            <available_space>
               <start_address>0xabfa</start_address>
               <size>0x6</size>
            </available_space>
            <allocated_space>
               <start_address>0xac00</start_address>
               <size>0x3e8</size>
               <logical_group_ref idref="lg-18a"/>
            </allocated_space>
            <available_space>
               <start_address>0xafe8</start_address>
               <size>0x18</size>
            </available_space>
         </usage_details>
      </memory_area>
      <memory_area display="yes" color="green">
         <name>RAMLS6</name>
         <page_id>0x1</page_id>
         <origin>0xb000</origin>
         <length>0x800</length>
         <used_space>0x6d3</used_space>
         <unused_space>0x12d</unused_space>
         <attributes>RWIX</attributes>
         <usage_details>
            <allocated_space>
               <start_address>0xb000</start_address>
               <size>0x6d3</size>
               <logical_group_ref idref="lg-b"/>
            </allocated_space>
            <available_space>
               <start_address>0xb6d3</start_address>
               <size>0x12d</size>
            </available_space>
         </usage_details>
      </memory_area>
      <memory_area display="yes" color="green">
         <name>RAMGS0</name>
         <page_id>0x1</page_id>
         <origin>0xc000</origin>
         <length>0x2000</length>
         <used_space>0x0</used_space>
         <unused_space>0x2000</unused_space>
         <attributes>RWIX</attributes>
         <usage_details>
         </usage_details>
      </memory_area>
      <memory_area display="yes" color="green">
         <name>RAMGS1</name>
         <page_id>0x1</page_id>
         <origin>0xe000</origin>
         <length>0x2000</length>
         <used_space>0x0</used_space>
         <unused_space>0x2000</unused_space>
         <attributes>RWIX</attributes>
         <usage_details>
         </usage_details>
      </memory_area>
      <memory_area display="yes" color="green">
         <name>RAMGS2</name>
         <page_id>0x1</page_id>
         <origin>0x10000</origin>
         <length>0x2000</length>
         <used_space>0x0</used_space>
         <unused_space>0x2000</unused_space>
         <attributes>RWIX</attributes>
         <usage_details>
         </usage_details>
      </memory_area>
      <memory_area display="yes" color="green">
         <name>RAMGS3</name>
         <page_id>0x1</page_id>
         <origin>0x12000</origin>
         <length>0x1ff8</length>
         <used_space>0x0</used_space>
         <unused_space>0x1ff8</unused_space>
         <attributes>RWIX</attributes>
         <usage_details>
         </usage_details>
      </memory_area>
   </placement_map>
   <symbol_table>
      <symbol id="sm-0">
         <name>cinit</name>
         <value>0xf6</value>
      </symbol>
      <symbol id="sm-1">
         <name>___cinit__</name>
         <value>0xf6</value>
      </symbol>
      <symbol id="sm-2">
         <name>pinit</name>
         <value>0xffffffff</value>
      </symbol>
      <symbol id="sm-3">
         <name>___pinit__</name>
         <value>0xffffffff</value>
      </symbol>
      <symbol id="sm-4">
         <name>binit</name>
         <value>0xffffffff</value>
      </symbol>
      <symbol id="sm-5">
         <name>___binit__</name>
         <value>0xffffffff</value>
      </symbol>
      <symbol id="sm-6">
         <name>__STACK_SIZE</name>
         <value>0x3f8</value>
      </symbol>
      <symbol id="sm-7">
         <name>__STACK_END</name>
         <value>0x7f8</value>
      </symbol>
      <symbol id="sm-8">
         <name>___c_args__</name>
         <value>0xffffffff</value>
      </symbol>
      <symbol id="sm-9">
         <name>.text</name>
         <value>0xffffffff</value>
      </symbol>
      <symbol id="sm-a">
         <name>___text__</name>
         <value>0xffffffff</value>
      </symbol>
      <symbol id="sm-b">
         <name>etext</name>
         <value>0xffffffff</value>
      </symbol>
      <symbol id="sm-c">
         <name>___etext__</name>
         <value>0xffffffff</value>
      </symbol>
      <symbol id="sm-d">
         <name>___TI_pprof_out_hndl</name>
         <value>0xffffffff</value>
      </symbol>
      <symbol id="sm-e">
         <name>___TI_prof_data_start</name>
         <value>0xffffffff</value>
      </symbol>
      <symbol id="sm-f">
         <name>___TI_prof_data_size</name>
         <value>0xffffffff</value>
      </symbol>
      <symbol id="sm-16d">
         <name>_myCLA0_init</name>
         <value>0xa788</value>
         <object_component_ref idref="oc-10a"/>
      </symbol>
      <symbol id="sm-16f">
         <name>_INTERRUPT_init</name>
         <value>0xb9d6</value>
         <object_component_ref idref="oc-fb"/>
      </symbol>
      <symbol id="sm-171">
         <name>_ASYSCTL_init</name>
         <value>0xbf04</value>
         <object_component_ref idref="oc-f4"/>
      </symbol>
      <symbol id="sm-173">
         <name>_Board_init</name>
         <value>0xba7c</value>
         <object_component_ref idref="oc-e0"/>
      </symbol>
      <symbol id="sm-175">
         <name>_PinMux_init</name>
         <value>0xa000</value>
         <object_component_ref idref="oc-f2"/>
      </symbol>
      <symbol id="sm-177">
         <name>_GPIO_init</name>
         <value>0xbf19</value>
         <object_component_ref idref="oc-fa"/>
      </symbol>
      <symbol id="sm-179">
         <name>_myCPUTIMER0_init</name>
         <value>0xa7ac</value>
         <object_component_ref idref="oc-111"/>
      </symbol>
      <symbol id="sm-17b">
         <name>_CPUTIMER_init</name>
         <value>0xbf16</value>
         <object_component_ref idref="oc-f8"/>
      </symbol>
      <symbol id="sm-17d">
         <name>_MEMCFG_init</name>
         <value>0x9ca6</value>
         <object_component_ref idref="oc-f6"/>
      </symbol>
      <symbol id="sm-17f">
         <name>_ADC_init</name>
         <value>0xbf10</value>
         <object_component_ref idref="oc-f7"/>
      </symbol>
      <symbol id="sm-181">
         <name>_SYNC_init</name>
         <value>0xb8f7</value>
         <object_component_ref idref="oc-f3"/>
      </symbol>
      <symbol id="sm-183">
         <name>_myADCA_init</name>
         <value>0xa1ec</value>
         <object_component_ref idref="oc-110"/>
      </symbol>
      <symbol id="sm-185">
         <name>_ZC_OUOT_init</name>
         <value>0xbd7a</value>
         <object_component_ref idref="oc-125"/>
      </symbol>
      <symbol id="sm-187">
         <name>_EPWM_init</name>
         <value>0x9800</value>
         <object_component_ref idref="oc-f9"/>
      </symbol>
      <symbol id="sm-189">
         <name>_CLA_init</name>
         <value>0xbf13</value>
         <object_component_ref idref="oc-f5"/>
      </symbol>
      <symbol id="sm-196">
         <name>_C2000Ware_libraries_init</name>
         <value>0xbf1e</value>
         <object_component_ref idref="oc-e1"/>
      </symbol>
      <symbol id="sm-1d9">
         <name>_main</name>
         <value>0xbc89</value>
         <object_component_ref idref="oc-d9"/>
      </symbol>
      <symbol id="sm-1db">
         <name>_spll1</name>
         <value>0x8840</value>
         <object_component_ref idref="oc-35"/>
      </symbol>
      <symbol id="sm-1dc">
         <name>_AdcBuf</name>
         <value>0xa800</value>
         <object_component_ref idref="oc-cb"/>
      </symbol>
      <symbol id="sm-1dd">
         <name>_spllBuf</name>
         <value>0xac00</value>
         <object_component_ref idref="oc-cc"/>
      </symbol>
      <symbol id="sm-1de">
         <name>_cla1Isr1</name>
         <value>0x9f21</value>
         <object_component_ref idref="oc-37"/>
      </symbol>
      <symbol id="sm-1e0">
         <name>_filterOut</name>
         <value>0x8800</value>
         <object_component_ref idref="oc-35"/>
      </symbol>
      <symbol id="sm-1e1">
         <name>_AdcBufPtr</name>
         <value>0xabf2</value>
         <object_component_ref idref="oc-34"/>
      </symbol>
      <symbol id="sm-1e2">
         <name>_filterIn</name>
         <value>0x8802</value>
         <object_component_ref idref="oc-35"/>
      </symbol>
      <symbol id="sm-1e3">
         <name>_INT_myCPUTIMER0_ISR</name>
         <value>0xa5d2</value>
         <object_component_ref idref="oc-36"/>
      </symbol>
      <symbol id="sm-219">
         <name>_Cla1Task8</name>
         <value>0x8152</value>
         <object_component_ref idref="oc-13a"/>
      </symbol>
      <symbol id="sm-21b">
         <name>_Cla1Task1</name>
         <value>0x8000</value>
         <object_component_ref idref="oc-137"/>
      </symbol>
      <symbol id="sm-21d">
         <name>_lastY</name>
         <value>0x889e</value>
         <object_component_ref idref="oc-3e"/>
      </symbol>
      <symbol id="sm-24b">
         <name>_Example_Fail</name>
         <value>0xabf0</value>
         <object_component_ref idref="oc-4a"/>
      </symbol>
      <symbol id="sm-24c">
         <name>_Device_initGPIO</name>
         <value>0xbe2d</value>
         <object_component_ref idref="oc-dd"/>
      </symbol>
      <symbol id="sm-24e">
         <name>___error__</name>
         <value>0xbefd</value>
         <object_component_ref idref="oc-d6"/>
      </symbol>
      <symbol id="sm-250">
         <name>_Device_init</name>
         <value>0xa102</value>
         <object_component_ref idref="oc-dc"/>
      </symbol>
      <symbol id="sm-252">
         <name>_Example_PassCount</name>
         <value>0xabee</value>
         <object_component_ref idref="oc-4a"/>
      </symbol>
      <symbol id="sm-253">
         <name>_Device_enableAllPeripherals</name>
         <value>0x9a41</value>
         <object_component_ref idref="oc-eb"/>
      </symbol>
      <symbol id="sm-264">
         <name>code_start</name>
         <value>0x0</value>
         <object_component_ref idref="oc-1b"/>
      </symbol>
      <symbol id="sm-286">
         <name>_ADC_setOffsetTrimAll</name>
         <value>0xa67f</value>
         <object_component_ref idref="oc-15c"/>
      </symbol>
      <symbol id="sm-288">
         <name>_ADC_setVREF</name>
         <value>0xa1a0</value>
         <object_component_ref idref="oc-13e"/>
      </symbol>
      <symbol id="sm-297">
         <name>_CLA_setTriggerSource</name>
         <value>0xa6f5</value>
         <object_component_ref idref="oc-139"/>
      </symbol>
      <symbol id="sm-2aa">
         <name>__cla_CLAcos_sp</name>
         <value>0x8890</value>
         <object_component_ref idref="oc-61"/>
      </symbol>
      <symbol id="sm-2ab">
         <name>_CLAcos</name>
         <value>0x83fe</value>
         <object_component_ref idref="oc-60"/>
      </symbol>
      <symbol id="sm-2bd">
         <name>__cla_CLAsin_sp</name>
         <value>0x8890</value>
         <object_component_ref idref="oc-67"/>
      </symbol>
      <symbol id="sm-2be">
         <name>_CLAsin</name>
         <value>0x8436</value>
         <object_component_ref idref="oc-66"/>
      </symbol>
      <symbol id="sm-2c0">
         <name>_CLAsincosTable_Coef0</name>
         <value>0xfe54</value>
      </symbol>
      <symbol id="sm-2c2">
         <name>_CLAsincosTable_Coef1</name>
         <value>0xfe56</value>
      </symbol>
      <symbol id="sm-2c4">
         <name>_CLAsincosTable_Coef1_pos</name>
         <value>0xfe58</value>
      </symbol>
      <symbol id="sm-2c6">
         <name>_CLAsincosTable_Coef2</name>
         <value>0xfe5a</value>
      </symbol>
      <symbol id="sm-2c8">
         <name>_CLAsincosTable_Coef3</name>
         <value>0xfe5c</value>
      </symbol>
      <symbol id="sm-2ca">
         <name>_CLAsincosTable_Coef3_neg</name>
         <value>0xfe5e</value>
      </symbol>
      <symbol id="sm-2cc">
         <name>_CLAsincosTable_Cos0</name>
         <value>0xfd4a</value>
      </symbol>
      <symbol id="sm-2ce">
         <name>_CLAsincosTable_Sin0</name>
         <value>0xfd0a</value>
      </symbol>
      <symbol id="sm-2d0">
         <name>_CLAsincosTable_TABLE_MASK</name>
         <value>0xfe52</value>
      </symbol>
      <symbol id="sm-2d2">
         <name>_CLAsincosTable_TABLE_SIZEDivTwoPi</name>
         <value>0xfe4e</value>
      </symbol>
      <symbol id="sm-2d4">
         <name>_CLAsincosTable_TwoPiDivTABLE_SIZE</name>
         <value>0xfe50</value>
      </symbol>
      <symbol id="sm-2e9">
         <name>_CPUTimer_setEmulationMode</name>
         <value>0xbda1</value>
         <object_component_ref idref="oc-14a"/>
      </symbol>
      <symbol id="sm-308">
         <name>FS$$DIV</name>
         <value>0x9d3f</value>
         <object_component_ref idref="oc-78"/>
      </symbol>
      <symbol id="sm-31e">
         <name>_EPWM_setEmulationMode</name>
         <value>0xbba0</value>
         <object_component_ref idref="oc-112"/>
      </symbol>
      <symbol id="sm-34f">
         <name>_GPIO_setAnalogMode</name>
         <value>0xa3f5</value>
         <object_component_ref idref="oc-ef"/>
      </symbol>
      <symbol id="sm-351">
         <name>_GPIO_setControllerCore</name>
         <value>0xa468</value>
         <object_component_ref idref="oc-153"/>
      </symbol>
      <symbol id="sm-353">
         <name>_GPIO_setPinConfig</name>
         <value>0xa49f</value>
         <object_component_ref idref="oc-103"/>
      </symbol>
      <symbol id="sm-355">
         <name>_GPIO_setDirectionMode</name>
         <value>0xa544</value>
         <object_component_ref idref="oc-ee"/>
      </symbol>
      <symbol id="sm-357">
         <name>_GPIO_setQualificationMode</name>
         <value>0xa4d6</value>
         <object_component_ref idref="oc-104"/>
      </symbol>
      <symbol id="sm-359">
         <name>_GPIO_setPadConfig</name>
         <value>0xa0b0</value>
         <object_component_ref idref="oc-ed"/>
      </symbol>
      <symbol id="sm-388">
         <name>_Interrupt_illegalOperationHandler</name>
         <value>0xbec1</value>
         <object_component_ref idref="oc-8b"/>
      </symbol>
      <symbol id="sm-38a">
         <name>_Interrupt_enable</name>
         <value>0xa50d</value>
         <object_component_ref idref="oc-127"/>
      </symbol>
      <symbol id="sm-38c">
         <name>_Interrupt_initVectorTable</name>
         <value>0xb8d9</value>
         <object_component_ref idref="oc-df"/>
      </symbol>
      <symbol id="sm-38e">
         <name>_Interrupt_initModule</name>
         <value>0xa37e</value>
         <object_component_ref idref="oc-de"/>
      </symbol>
      <symbol id="sm-390">
         <name>_Interrupt_nmiHandler</name>
         <value>0xbecb</value>
         <object_component_ref idref="oc-8c"/>
      </symbol>
      <symbol id="sm-392">
         <name>_Interrupt_defaultHandler</name>
         <value>0xbbb6</value>
         <object_component_ref idref="oc-8a"/>
      </symbol>
      <symbol id="sm-3ae">
         <name>_MemCfg_setProtection</name>
         <value>0x9eaf</value>
         <object_component_ref idref="oc-10d"/>
      </symbol>
      <symbol id="sm-3b0">
         <name>_MemCfg_setLSRAMControllerSel</name>
         <value>0xa42f</value>
         <object_component_ref idref="oc-10b"/>
      </symbol>
      <symbol id="sm-453">
         <name>_SysCtl_selectXTALSingleEnded</name>
         <value>0xa71b</value>
         <object_component_ref idref="oc-129"/>
      </symbol>
      <symbol id="sm-455">
         <name>_SysCtl_selectXTAL</name>
         <value>0xa300</value>
         <object_component_ref idref="oc-128"/>
      </symbol>
      <symbol id="sm-457">
         <name>_SysCtl_delay</name>
         <value>0x124</value>
         <object_component_ref idref="oc-99"/>
      </symbol>
      <symbol id="sm-458">
         <name>_SysCtl_selectOscSource</name>
         <value>0xa153</value>
         <object_component_ref idref="oc-ff"/>
      </symbol>
      <symbol id="sm-45a">
         <name>_SysCtl_isPLLValid</name>
         <value>0x9be9</value>
         <object_component_ref idref="oc-100"/>
      </symbol>
      <symbol id="sm-45c">
         <name>_SysCtl_setClock</name>
         <value>0x9b21</value>
         <object_component_ref idref="oc-e6"/>
      </symbol>
      <symbol id="sm-45e">
         <name>_SysCtl_getLowSpeedClock</name>
         <value>0xb9bc</value>
         <object_component_ref idref="oc-e9"/>
      </symbol>
      <symbol id="sm-460">
         <name>_SysCtl_getClock</name>
         <value>0x9f80</value>
         <object_component_ref idref="oc-e8"/>
      </symbol>
      <symbol id="sm-47c">
         <name>_c_int00</name>
         <value>0xa05a</value>
         <object_component_ref idref="oc-9f"/>
      </symbol>
      <symbol id="sm-47d">
         <name>__stack</name>
         <value>0x400</value>
         <object_component_ref idref="oc-a0"/>
      </symbol>
      <symbol id="sm-48c">
         <name>__args_main</name>
         <value>0xbdd8</value>
         <object_component_ref idref="oc-d3"/>
      </symbol>
      <symbol id="sm-49a">
         <name>__system_post_cinit</name>
         <value>0xbf1f</value>
         <object_component_ref idref="oc-d2"/>
      </symbol>
      <symbol id="sm-4a7">
         <name>__system_pre_init</name>
         <value>0xbf1c</value>
         <object_component_ref idref="oc-d0"/>
      </symbol>
      <symbol id="sm-4b7">
         <name>_copy_in</name>
         <value>0xa7d0</value>
         <object_component_ref idref="oc-d1"/>
      </symbol>
      <symbol id="sm-4cc">
         <name>C$$EXIT</name>
         <value>0xa656</value>
         <object_component_ref idref="oc-d4"/>
      </symbol>
      <symbol id="sm-4cd">
         <name>_exit</name>
         <value>0xa658</value>
         <object_component_ref idref="oc-d4"/>
      </symbol>
      <symbol id="sm-4cf">
         <name>___TI_cleanup_ptr</name>
         <value>0xabea</value>
         <object_component_ref idref="oc-bc"/>
      </symbol>
      <symbol id="sm-4d0">
         <name>___TI_enable_exit_profile_output</name>
         <value>0xabe8</value>
         <object_component_ref idref="oc-bc"/>
      </symbol>
      <symbol id="sm-4d1">
         <name>_abort</name>
         <value>0xa656</value>
         <object_component_ref idref="oc-d4"/>
      </symbol>
      <symbol id="sm-4d3">
         <name>___TI_dtors_ptr</name>
         <value>0xabec</value>
         <object_component_ref idref="oc-bc"/>
      </symbol>
      <symbol id="sm-4e7">
         <name>__unlock</name>
         <value>0xabf8</value>
         <object_component_ref idref="oc-fd"/>
      </symbol>
      <symbol id="sm-4e8">
         <name>__lock</name>
         <value>0xabf6</value>
         <object_component_ref idref="oc-da"/>
      </symbol>
      <symbol id="sm-4e9">
         <name>__register_lock</name>
         <value>0xbee2</value>
         <object_component_ref idref="oc-e3"/>
      </symbol>
      <symbol id="sm-4eb">
         <name>__nop</name>
         <value>0xbee6</value>
         <object_component_ref idref="oc-e3"/>
      </symbol>
      <symbol id="sm-4ed">
         <name>__register_unlock</name>
         <value>0xbede</value>
         <object_component_ref idref="oc-e3"/>
      </symbol>
      <symbol id="sm-4ff">
         <name>_memcpy</name>
         <value>0xb915</value>
         <object_component_ref idref="oc-d8"/>
      </symbol>
   </symbol_table>
   <title>Link successful</title>
</link_info>
