******************************************************************************
             TMS320C2000 Linker Unix v22.6.1                   
******************************************************************************
>> Linked Wed Jul  2 11:12:48 2025

OUTPUT FILE NAME:   <F280049_CLA_ADC.out>
ENTRY POINT SYMBOL: "code_start"  address: 00000000


MEMORY CONFIGURATION

         name            origin    length      used     unused   attr    fill
----------------------  --------  ---------  --------  --------  ----  --------
PAGE 0:
  BEGIN                 00000000   00000002  00000002  00000000  RWIX
  RAMM0                 000000f6   0000030a  000000f6  00000214  RWIX
  RAMLS0                00008000   00000800  00000800  00000000  RWIX
  RAMLS1                00008800   00000800  00000800  00000000  RWIX
  RAMLS2                00009000   00000800  000002c2  0000053e  RWIX
  RAMLS3                00009800   00000800  00000000  00000800  RWIX
  RAMLS4                0000a000   00000800  00000000  00000800  RWIX
  FLASH_BANK0_SEC0      00080000   00001000  00000000  00001000  RWIX
  FLASH_BANK0_SEC1      00081000   00001000  00000000  00001000  RWIX
  FLASH_BANK0_SEC2      00082000   00001000  00000000  00001000  RWIX
  FLASH_BANK0_SEC3      00083000   00001000  00000000  00001000  RWIX
  FLASH_BANK0_SEC4      00084000   00001000  00000000  00001000  RWIX
  FLASH_BANK0_SEC5      00085000   00001000  00000000  00001000  RWIX
  FLASH_BANK0_SEC6      00086000   00001000  00000000  00001000  RWIX
  FLASH_BANK0_SEC7      00087000   00001000  00000000  00001000  RWIX
  FLASH_BANK0_SEC8      00088000   00001000  00000000  00001000  RWIX
  FLASH_BANK0_SEC9      00089000   00001000  00000000  00001000  RWIX
  FLASH_BANK0_SEC10     0008a000   00001000  00000000  00001000  RWIX
  FLASH_BANK0_SEC11     0008b000   00001000  00000000  00001000  RWIX
  FLASH_BANK0_SEC12     0008c000   00001000  00000000  00001000  RWIX
  FLASH_BANK0_SEC13     0008d000   00001000  00000000  00001000  RWIX
  FLASH_BANK0_SEC14     0008e000   00001000  00000000  00001000  RWIX
  FLASH_BANK0_SEC15     0008f000   00001000  00000000  00001000  RWIX
  FLASH_BANK1_SEC0      00090000   00001000  00000000  00001000  RWIX
  FLASH_BANK1_SEC1      00091000   00001000  00000000  00001000  RWIX
  FLASH_BANK1_SEC2      00092000   00001000  00000000  00001000  RWIX
  FLASH_BANK1_SEC3      00093000   00001000  00000000  00001000  RWIX
  FLASH_BANK1_SEC4      00094000   00001000  00000000  00001000  RWIX
  FLASH_BANK1_SEC5      00095000   00001000  00000000  00001000  RWIX
  FLASH_BANK1_SEC6      00096000   00001000  00000000  00001000  RWIX
  FLASH_BANK1_SEC7      00097000   00001000  00000000  00001000  RWIX
  FLASH_BANK1_SEC8      00098000   00001000  00000000  00001000  RWIX
  FLASH_BANK1_SEC9      00099000   00001000  00000000  00001000  RWIX
  FLASH_BANK1_SEC10     0009a000   00001000  00000000  00001000  RWIX
  FLASH_BANK1_SEC11     0009b000   00001000  00000000  00001000  RWIX
  FLASH_BANK1_SEC12     0009c000   00001000  00000000  00001000  RWIX
  FLASH_BANK1_SEC13     0009d000   00001000  00000000  00001000  RWIX
  FLASH_BANK1_SEC14     0009e000   00001000  00000000  00001000  RWIX
  FLASH_BANK1_SEC15     0009f000   00001000  00000000  00001000  RWIX
  RESET                 003fffc0   00000002  00000000  00000002  RWIX

PAGE 1:
  BOOT_RSVD             00000002   000000f1  0000000e  000000e3  RWIX
  RAMM1                 00000400   000003f8  000003f8  00000000  RWIX
  RAMLS5                0000a800   00000800  000006a7  00000159  RWIX
  RAMLS6                0000b000   00000800  00000000  00000800  RWIX
  RAMLS7                0000b800   00000800  00000000  00000800  RWIX
  RAMGS0                0000c000   00002000  00000000  00002000  RWIX
  RAMGS1                0000e000   00002000  00000000  00002000  RWIX
  RAMGS2                00010000   00002000  00000000  00002000  RWIX
  RAMGS3                00012000   00001ff8  00000000  00001ff8  RWIX


SECTION ALLOCATION MAP

 output                                  attributes/
section   page    origin      length       input sections
--------  ----  ----------  ----------   ----------------
codestart 
*          0    00000000    00000002     
                  00000000    00000002     f28004x_codestartbranch.obj (codestart)

.TI.ramfunc 
*          0    000000f6    00000004     
                  000000f6    00000004     driverlib_eabi.lib : sysctl.obj (.TI.ramfunc)

.cinit     0    000001b8    00000034     
                  000001b8    0000000a     (.cinit..data.load) [load image, compression = lzss]
                  000001c2    00000006     (__TI_handler_table)
                  000001c8    00000004     (.cinit..bss.load) [load image, compression = zero_init]
                  000001cc    00000004     (.cinit..bss_cla.load) [load image, compression = zero_init]
                  000001d0    00000004     (.cinit..scratchpad.load) [load image, compression = zero_init]
                  000001d4    00000004     (.cinit.Cla1ToCpuMsgRAM.load) [load image, compression = zero_init]
                  000001d8    00000014     (__TI_cinit_table)

.reset     0    003fffc0    00000000     DSECT

.stack     1    00000400    000003f8     UNINITIALIZED
                  00000400    000003f8     --HOLE--

.bss       1    0000aca8    000001f4     UNINITIALIZED
                  0000aca8    000001f4     main.obj (.bss:AdcBuf)

.init_array 
*          0    000000f6    00000000     UNINITIALIZED

.const     1    0000a800    000004a7     
                  0000a800    0000018f     board.obj (.const:.string)
                  0000a98f    00000001     --HOLE-- [fill = 0]
                  0000a990    0000009a     driverlib_eabi.lib : sysctl.obj (.const:.string)
                  0000aa2a    00000098                        : epwm.obj (.const:.string)
                  0000aac2    00000098                        : gpio.obj (.const:.string)
                  0000ab5a    00000065     device.obj (.const:.string)
                  0000abbf    00000001     --HOLE-- [fill = 0]
                  0000abc0    0000004e     driverlib_eabi.lib : memcfg.obj (.const:.string)
                  0000ac0e    0000004e     main.obj (.const:.string)
                  0000ac5c    0000004b     driverlib_eabi.lib : adc.obj (.const:.string)

.data      1    0000ae9c    0000000c     UNINITIALIZED
                  0000ae9c    00000006     rts2800_fpu32_eabi.lib : exit.c.obj (.data)
                  0000aea2    00000002                            : _lock.c.obj (.data:_lock)
                  0000aea4    00000002                            : _lock.c.obj (.data:_unlock)
                  0000aea6    00000002     main.obj (.data)

Cla1Prog   0    000000fa    000000be     
                  000000fa    00000068     task.obj (Cla1Prog:ADC_readResult)
                  00000162    0000004a     task.obj (Cla1Prog:Cla1Task1)
                  000001ac    0000000c     task.obj (Cla1Prog:Cla1Task8)

.text.1    0    00008000    00000800     
                  00008000    000000e0     device.obj (.text:Device_enableAllPeripherals)
                  000080e0    000000c8     driverlib_eabi.lib : sysctl.obj (.text:SysCtl_setClock)
                  000081a8    000000c0     board.obj (.text:EPWM_init)
                  00008268    000000bd     driverlib_eabi.lib : sysctl.obj (.text:SysCtl_isPLLValid)
                  00008325    00000099     board.obj (.text:MEMCFG_init)
                  000083be    00000075     board.obj (.text:EPWM_setADCTriggerSource)
                  00008433    00000073     driverlib_eabi.lib : sysctl.obj (.text:DCC_setCounterSeeds)
                  000084a6    00000072                        : memcfg.obj (.text:MemCfg_setProtection)
                  00008518    0000005e                        : sysctl.obj (.text:SysCtl_getClock)
                  00008576    00000052                        : gpio.obj (.text:GPIO_setPadConfig)
                  000085c8    00000051     device.obj (.text:Device_init)
                  00008619    0000004d     driverlib_eabi.lib : sysctl.obj (.text:SysCtl_selectOscSource)
                  00008666    0000004c                        : adc.obj (.text:ADC_setVREF)
                  000086b2    00000049     board.obj (.text:myADCA_init)
                  000086fb    00000048     main.obj (.text:cla1Isr1)
                  00008743    00000046     board.obj (.text:ADC_setupSOC)
                  00008789    00000045     driverlib_eabi.lib : sysctl.obj (.text:SysCtl_pollX1Counter)
                  000087ce    00000031                        : gpio.obj (.text:GPIO_setDirectionMode)
                  000087ff    00000001     c2000ware_libraries.obj (.text:C2000Ware_libraries_init)

.text.2    0    00008800    00000800     
                  00008800    00000040     board.obj (.text:EPWM_setActionQualifierAction)
                  00008840    00000040     driverlib_eabi.lib : sysctl.obj (.text:SysCtl_selectXTAL)
                  00008880    0000003e     board.obj (.text:EPWM_setCounterCompareShadowLoadMode)
                  000088be    0000003d     driverlib_eabi.lib : interrupt.obj (.text:Interrupt_initModule)
                  000088fb    0000003a     board.obj (.text:EPWM_setADCTriggerEventPrescale)
                  00008935    0000003a     driverlib_eabi.lib : gpio.obj (.text:GPIO_setAnalogMode)
                  0000896f    00000039                        : memcfg.obj (.text:MemCfg_setLSRAMControllerSel)
                  000089a8    00000037                        : gpio.obj (.text:GPIO_setPinConfig)
                  000089df    00000037                        : gpio.obj (.text:GPIO_setQualificationMode)
                  00008a16    00000037                        : interrupt.obj (.text:Interrupt_enable)
                  00008a4d    00000030     rts2800_fpu32_eabi.lib : copy_decompress_lzss.c.obj (.text:decompress:lzss)
                  00008a7d    0000002f     board.obj (.text:ADC_setInterruptSource)
                  00008aac    0000002e     board.obj (.text:ADC_setInterruptSOCTrigger)
                  00008ada    0000002b     board.obj (.text:EPWM_isBaseValid)
                  00008b05    0000002b     driverlib_eabi.lib : epwm.obj (.text:EPWM_isBaseValid)
                  00008b30    0000002b     rts2800_fpu32_eabi.lib : autoinit.c.obj (.text:__TI_auto_init_nobinit_nopinit)
                  00008b5b    00000029                            : exit.c.obj (.text)
                  00008b84    00000028     driverlib_eabi.lib : adc.obj (.text:ADC_setOffsetTrimAll)
                  00008bac    00000027     board.obj (.text:SysCtl_setSyncInputConfig)
                  00008bd3    00000026     driverlib_eabi.lib : cla.obj (.text:CLA_setTriggerSource)
                  00008bf9    00000025                        : sysctl.obj (.text:SysCtl_selectXTALSingleEnded)
                  00008c1e    00000024                        : sysctl.obj (.text:DCC_enableSingleShotMode)
                  00008c42    00000024     board.obj (.text:MemCfg_setCLAMemType)
                  00008c66    00000024     board.obj (.text:myCLA0_init)
                  00008c8a    00000022     board.obj (.text:EPWM_setCounterCompareValue)
                  00008cac    00000020     board.obj (.text:ADC_enableContinuousMode)
                  00008ccc    00000020     board.obj (.text:ADC_enableInterrupt)
                  00008cec    0000001f     board.obj (.text:EPWM_setFallingEdgeDelayCountShadowLoadMode)
                  00008d0b    0000001f     board.obj (.text:EPWM_setRisingEdgeDelayCountShadowLoadMode)
                  00008d2a    0000001e     driverlib_eabi.lib : sysctl.obj (.text:DCC_setCounter1ClkSource)
                  00008d48    0000001e     board.obj (.text:EPWM_setPhaseShift)
                  00008d66    0000001e     driverlib_eabi.lib : interrupt.obj (.text:Interrupt_initVectorTable)
                  00008d84    0000001e     board.obj (.text:PinMux_init)
                  00008da2    0000001e     board.obj (.text:SYNC_init)
                  00008dc0    0000001d     rts2800_fpu32_eabi.lib : memcpy.c.obj (.text)
                  00008ddd    0000001c     board.obj (.text:ADC_setSOCPriority)
                  00008df9    0000001c     driverlib_eabi.lib : sysctl.obj (.text:DCC_setCounter0ClkSource)
                  00008e15    0000001c     board.obj (.text:EPWM_enableADCTrigger)
                  00008e31    0000001c     board.obj (.text:EPWM_setClockPrescaler)
                  00008e4d    0000001a     driverlib_eabi.lib : sysctl.obj (.text:SysCtl_getLowSpeedClock)
                  00008e67    00000018     board.obj (.text:ASysCtl_setAnalogReferenceExternal)
                  00008e7f    00000018     board.obj (.text:EPWM_disableFallingEdgeDelayCountShadowLoadMode)
                  00008e97    00000018     board.obj (.text:EPWM_disableRisingEdgeDelayCountShadowLoadMode)
                  00008eaf    00000017     board.obj (.text:ADC_isBaseValid)
                  00008ec6    00000017     driverlib_eabi.lib : adc.obj (.text:ADC_isBaseValid)
                  00008edd    00000017     main.obj (.text:ADC_isBaseValid)
                  00008ef4    00000017     device.obj (.text:SysCtl_enablePeripheral)
                  00008f0b    00000017     driverlib_eabi.lib : sysctl.obj (.text:SysCtl_enablePeripheral)
                  00008f22    00000017     rts2800_fpu32_eabi.lib : boot28.asm.obj (.text)
                  00008f39    00000016     board.obj (.text:ADC_setInterruptPulseMode)
                  00008f4f    00000016     board.obj (.text:ADC_setPrescaler)
                  00008f65    00000016     board.obj (.text:CLA_enableTasks)
                  00008f7b    00000016     board.obj (.text:CLA_mapTaskVector)
                  00008f91    00000016     driverlib_eabi.lib : sysctl.obj (.text:DCC_disableDoneSignal)
                  00008fa7    00000016                        : sysctl.obj (.text:DCC_enableDoneSignal)
                  00008fbd    00000016                        : epwm.obj (.text:EPWM_setEmulationMode)
                  00008fd3    00000016                        : interrupt.obj (.text:Interrupt_defaultHandler)
                  00008fe9    00000015     board.obj (.text:ADC_disableBurstMode)
                  00008ffe    00000002     rts2800_fpu32_eabi.lib : pre_init.c.obj (.text)

.text.3    0    00009000    000002c2     
                  00009000    00000015     board.obj (.text:CLA_disableBackgroundTask)
                  00009015    00000015     board.obj (.text:CLA_enableIACK)
                  0000902a    00000015     driverlib_eabi.lib : sysctl.obj (.text:DCC_clearDoneFlag)
                  0000903f    00000015                        : sysctl.obj (.text:DCC_clearErrorFlag)
                  00009054    00000015                        : sysctl.obj (.text:DCC_disableErrorSignal)
                  00009069    00000015                        : sysctl.obj (.text:DCC_enableErrorSignal)
                  0000907e    00000015     device.obj (.text:GPIO_unlockPortConfig)
                  00009093    00000014     board.obj (.text:ADC_clearInterruptStatus)
                  000090a7    00000014     main.obj (.text:ADC_clearInterruptStatus)
                  000090bb    00000014     driverlib_eabi.lib : sysctl.obj (.text:DCC_disableModule)
                  000090cf    00000014                        : sysctl.obj (.text:DCC_enableModule)
                  000090e3    00000014     board.obj (.text:EPWM_setTimeBaseCounterMode)
                  000090f7    00000014     board.obj (.text:EPWM_setTimeBasePeriod)
                  0000910b    00000014     driverlib_eabi.lib : gpio.obj (.text:GPIO_isPinValid)
                  0000911f    00000014     device.obj (.text:SysCtl_deviceCal)
                  00009133    00000013     board.obj (.text:ADC_enableConverter)
                  00009146    00000013     board.obj (.text:Board_init)
                  00009159    00000012     board.obj (.text:EPWM_setTimeBaseCounter)
                  0000916b    00000012     board.obj (.text:SysCtl_setSyncOutputConfig)
                  0000917d    00000011     board.obj (.text:EPWM_disablePhaseShiftLoad)
                  0000918e    00000010     driverlib_eabi.lib : sysctl.obj (.text:DCC_isBaseValid)
                  0000919e    00000010     device.obj (.text:Device_initGPIO)
                  000091ae    0000000f     device.obj (.text:ASysCtl_disableDCDC)
                  000091bd    0000000f     board.obj (.text:CLA_isBaseValid)
                  000091cc    0000000f     board.obj (.text:Interrupt_register)
                  000091db    0000000f     main.obj (.text:main)
                  000091ea    0000000d     board.obj (.text:INTERRUPT_init)
                  000091f7    0000000d     driverlib_eabi.lib : interrupt.obj (.text:Interrupt_disableGlobal)
                  00009204    0000000d                        : interrupt.obj (.text:Interrupt_enableGlobal)
                  00009211    0000000d     device.obj (.text:SysCtl_setLowSpeedClock)
                  0000921e    0000000d     rts2800_fpu32_eabi.lib : copy_zero_init.c.obj (.text:decompress:ZI:__TI_zero_init_nomemset)
                  0000922b    0000000c     board.obj (.text:SysCtl_enableExtADCSOCSource)
                  00009237    0000000c     rts2800_fpu32_eabi.lib : args_main.c.obj (.text)
                  00009243    0000000b     board.obj (.text:MemCfg_disableCorrErrorInterrupt)
                  0000924e    0000000b     device.obj (.text:SysCtl_disableWatchdog)
                  00009259    0000000b     driverlib_eabi.lib : sysctl.obj (.text:SysCtl_isMCDClockFailureDetected)
                  00009264    0000000a                        : interrupt.obj (.text:Interrupt_illegalOperationHandler)
                  0000926e    0000000a                        : interrupt.obj (.text:Interrupt_nmiHandler)
                  00009278    00000009     board.obj (.text:MemCfg_setCorrErrorThreshold)
                  00009281    00000009     rts2800_fpu32_eabi.lib : _lock.c.obj (.text)
                  0000928a    00000008                            : copy_decompress_none.c.obj (.text:decompress:none)
                  00009292    00000008     f28004x_codestartbranch.obj (.text)
                  0000929a    00000007     board.obj (.text:ASysCtl_disableTemperatureSensor)
                  000092a1    00000007     driverlib_eabi.lib : sysctl.obj (.text:SysCtl_resetMCD)
                  000092a8    00000007     device.obj (.text:__error__)
                  000092af    00000006     board.obj (.text:ASYSCTL_init)
                  000092b5    00000006     main.obj (.text:Interrupt_clearACKGroup)
                  000092bb    00000003     board.obj (.text:ADC_init)
                  000092be    00000003     board.obj (.text:CLA_init)
                  000092c1    00000001     rts2800_fpu32_eabi.lib : startup.c.obj (.text)

.scratchpad 
*          1    00000002    00000008     UNINITIALIZED
                  00000002    00000004     task.obj (.scratchpad:Cla1Prog:ADC_readResult)
                  00000006    00000004     task.obj (.scratchpad:Cla1Prog:Cla1Task1)

Cla1ToCpuMsgRAM 
*          1    0000000a    00000004     UNINITIALIZED
                  0000000a    00000004     main.obj (Cla1ToCpuMsgRAM)

.bss_cla   1    0000000e    00000002     UNINITIALIZED
                  0000000e    00000002     task.obj (.bss_cla)

MODULE SUMMARY

       Module                        code   ro data   rw data
       ------                        ----   -------   -------
    ./
       main.obj                      136    78        506    
       task.obj                      190    0         10     
    +--+-----------------------------+------+---------+---------+
       Total:                        326    78        516    
                                                             
    ./device/
       device.obj                    431    101       0      
       f28004x_codestartbranch.obj   10     0         0      
    +--+-----------------------------+------+---------+---------+
       Total:                        441    101       0      
                                                             
    ./syscfg/
       board.obj                     1861   399       0      
       c2000ware_libraries.obj       1      0         0      
    +--+-----------------------------+------+---------+---------+
       Total:                        1862   399       0      
                                                             
    /Applications/ti/c2000/C2000Ware_5_04_00_00/driverlib/f28004x/driverlib/ccs/Debug/driverlib_eabi.lib
       sysctl.obj                    1194   154       0      
       gpio.obj                      319    152       0      
       memcfg.obj                    171    78        0      
       epwm.obj                      65     152       0      
       adc.obj                       139    75        0      
       interrupt.obj                 214    0         0      
       cla.obj                       38     0         0      
    +--+-----------------------------+------+---------+---------+
       Total:                        2140   611       0      
                                                             
    /Applications/ti/ccs2011/ccs/tools/compiler/ti-cgt-c2000_22.6.1.LTS/lib/rts2800_fpu32_eabi.lib
       copy_decompress_lzss.c.obj    48     0         0      
       exit.c.obj                    41     0         6      
       autoinit.c.obj                43     0         0      
       memcpy.c.obj                  29     0         0      
       boot28.asm.obj                23     0         0      
       _lock.c.obj                   9      0         4      
       copy_zero_init.c.obj          13     0         0      
       args_main.c.obj               12     0         0      
       copy_decompress_none.c.obj    8      0         0      
       pre_init.c.obj                2      0         0      
       startup.c.obj                 1      0         0      
    +--+-----------------------------+------+---------+---------+
       Total:                        229    0         10     
                                                             
       Stack:                        0      0         1016   
       Linker Generated:             0      52        0      
    +--+-----------------------------+------+---------+---------+
       Grand Total:                  4998   1241      1542   


LINKER GENERATED COPY TABLES

__TI_cinit_table @ 000001d8 records: 5, size/record: 4, table size: 20
	.data: load addr=000001b8, load size=0000000a bytes, run addr=0000ae9c, run size=0000000c bytes, compression=lzss
	.bss: load addr=000001c8, load size=00000004 bytes, run addr=0000aca8, run size=000001f4 bytes, compression=zero_init
	.bss_cla: load addr=000001cc, load size=00000004 bytes, run addr=0000000e, run size=00000002 bytes, compression=zero_init
	.scratchpad: load addr=000001d0, load size=00000004 bytes, run addr=00000002, run size=00000008 bytes, compression=zero_init
	Cla1ToCpuMsgRAM: load addr=000001d4, load size=00000004 bytes, run addr=0000000a, run size=00000004 bytes, compression=zero_init


LINKER GENERATED HANDLER TABLE

__TI_handler_table @ 000001c2 records: 3, size/record: 2, table size: 6
	index: 0, handler: __TI_zero_init
	index: 1, handler: __TI_decompress_lzss
	index: 2, handler: __TI_decompress_none


GLOBAL DATA SYMBOLS: SORTED BY DATA PAGE

address     data page           name
--------    ----------------    ----
0000000a       0 (00000000)     filterOut
0000000c       0 (00000000)     filterIn
0000000e       0 (00000000)     lastY

00000400      10 (00000400)     __stack

0000aca8     2b2 (0000ac80)     AdcBuf

0000ae9c     2ba (0000ae80)     __TI_enable_exit_profile_output
0000ae9e     2ba (0000ae80)     __TI_cleanup_ptr
0000aea0     2ba (0000ae80)     __TI_dtors_ptr
0000aea2     2ba (0000ae80)     _lock
0000aea4     2ba (0000ae80)     _unlock
0000aea6     2ba (0000ae80)     AdcBufPtr


GLOBAL SYMBOLS: SORTED ALPHABETICALLY BY Name 

page  address   name                             
----  -------   ----                             
0     000092bb  ADC_init                         
0     00008b84  ADC_setOffsetTrimAll             
0     00008666  ADC_setVREF                      
0     000092af  ASYSCTL_init                     
1     0000aca8  AdcBuf                           
1     0000aea6  AdcBufPtr                        
0     00009146  Board_init                       
0     00008b5b  C$$EXIT                          
0     000087ff  C2000Ware_libraries_init         
0     000092be  CLA_init                         
0     00008bd3  CLA_setTriggerSource             
0     00000162  Cla1Task1                        
0     000001ac  Cla1Task8                        
0     00008000  Device_enableAllPeripherals      
0     000085c8  Device_init                      
0     0000919e  Device_initGPIO                  
0     000081a8  EPWM_init                        
0     00008fbd  EPWM_setEmulationMode            
0     00008935  GPIO_setAnalogMode               
0     000087ce  GPIO_setDirectionMode            
0     00008576  GPIO_setPadConfig                
0     000089a8  GPIO_setPinConfig                
0     000089df  GPIO_setQualificationMode        
0     000091ea  INTERRUPT_init                   
0     00008fd3  Interrupt_defaultHandler         
0     00008a16  Interrupt_enable                 
0     00009264  Interrupt_illegalOperationHandler
0     000088be  Interrupt_initModule             
0     00008d66  Interrupt_initVectorTable        
0     0000926e  Interrupt_nmiHandler             
0     00008325  MEMCFG_init                      
0     0000896f  MemCfg_setLSRAMControllerSel     
0     000084a6  MemCfg_setProtection             
0     00008d84  PinMux_init                      
0     00008da2  SYNC_init                        
0     000000f6  SysCtl_delay                     
0     00008518  SysCtl_getClock                  
0     00008e4d  SysCtl_getLowSpeedClock          
0     00008268  SysCtl_isPLLValid                
0     00008619  SysCtl_selectOscSource           
0     00008840  SysCtl_selectXTAL                
0     00008bf9  SysCtl_selectXTALSingleEnded     
0     000080e0  SysCtl_setClock                  
0     000001d8  __TI_CINIT_Base                  
0     000001ec  __TI_CINIT_Limit                 
0     000001ec  __TI_CINIT_Warm                  
0     000001c2  __TI_Handler_Table_Base          
0     000001c8  __TI_Handler_Table_Limit         
1     000007f8  __TI_STACK_END                   
abs   000003f8  __TI_STACK_SIZE                  
0     00008b30  __TI_auto_init_nobinit_nopinit   
1     0000ae9e  __TI_cleanup_ptr                 
0     00008a4d  __TI_decompress_lzss             
0     0000928a  __TI_decompress_none             
1     0000aea0  __TI_dtors_ptr                   
1     0000ae9c  __TI_enable_exit_profile_output  
abs   ffffffff  __TI_pprof_out_hndl              
abs   ffffffff  __TI_prof_data_size              
abs   ffffffff  __TI_prof_data_start             
0     0000921e  __TI_zero_init_nomemset          
n/a   UNDEFED   __c_args__                       
0     000092a8  __error__                        
1     00000400  __stack                          
0     00009237  _args_main                       
0     00008f22  _c_int00                         
1     0000aea2  _lock                            
0     00009289  _nop                             
0     00009285  _register_lock                   
0     00009281  _register_unlock                 
0     000092c1  _system_post_cinit               
0     00008ffe  _system_pre_init                 
1     0000aea4  _unlock                          
0     00008b5b  abort                            
0     000086fb  cla1Isr1                         
0     00000000  code_start                       
0     00008b5d  exit                             
1     0000000c  filterIn                         
1     0000000a  filterOut                        
1     0000000e  lastY                            
0     000091db  main                             
0     00008dc0  memcpy                           
0     000086b2  myADCA_init                      
0     00008c66  myCLA0_init                      


GLOBAL SYMBOLS: SORTED BY Symbol Address 

page  address   name                             
----  -------   ----                             
0     00000000  code_start                       
0     000000f6  SysCtl_delay                     
0     00000162  Cla1Task1                        
0     000001ac  Cla1Task8                        
0     000001c2  __TI_Handler_Table_Base          
0     000001c8  __TI_Handler_Table_Limit         
0     000001d8  __TI_CINIT_Base                  
0     000001ec  __TI_CINIT_Limit                 
0     000001ec  __TI_CINIT_Warm                  
0     00008000  Device_enableAllPeripherals      
0     000080e0  SysCtl_setClock                  
0     000081a8  EPWM_init                        
0     00008268  SysCtl_isPLLValid                
0     00008325  MEMCFG_init                      
0     000084a6  MemCfg_setProtection             
0     00008518  SysCtl_getClock                  
0     00008576  GPIO_setPadConfig                
0     000085c8  Device_init                      
0     00008619  SysCtl_selectOscSource           
0     00008666  ADC_setVREF                      
0     000086b2  myADCA_init                      
0     000086fb  cla1Isr1                         
0     000087ce  GPIO_setDirectionMode            
0     000087ff  C2000Ware_libraries_init         
0     00008840  SysCtl_selectXTAL                
0     000088be  Interrupt_initModule             
0     00008935  GPIO_setAnalogMode               
0     0000896f  MemCfg_setLSRAMControllerSel     
0     000089a8  GPIO_setPinConfig                
0     000089df  GPIO_setQualificationMode        
0     00008a16  Interrupt_enable                 
0     00008a4d  __TI_decompress_lzss             
0     00008b30  __TI_auto_init_nobinit_nopinit   
0     00008b5b  C$$EXIT                          
0     00008b5b  abort                            
0     00008b5d  exit                             
0     00008b84  ADC_setOffsetTrimAll             
0     00008bd3  CLA_setTriggerSource             
0     00008bf9  SysCtl_selectXTALSingleEnded     
0     00008c66  myCLA0_init                      
0     00008d66  Interrupt_initVectorTable        
0     00008d84  PinMux_init                      
0     00008da2  SYNC_init                        
0     00008dc0  memcpy                           
0     00008e4d  SysCtl_getLowSpeedClock          
0     00008f22  _c_int00                         
0     00008fbd  EPWM_setEmulationMode            
0     00008fd3  Interrupt_defaultHandler         
0     00008ffe  _system_pre_init                 
0     00009146  Board_init                       
0     0000919e  Device_initGPIO                  
0     000091db  main                             
0     000091ea  INTERRUPT_init                   
0     0000921e  __TI_zero_init_nomemset          
0     00009237  _args_main                       
0     00009264  Interrupt_illegalOperationHandler
0     0000926e  Interrupt_nmiHandler             
0     00009281  _register_unlock                 
0     00009285  _register_lock                   
0     00009289  _nop                             
0     0000928a  __TI_decompress_none             
0     000092a8  __error__                        
0     000092af  ASYSCTL_init                     
0     000092bb  ADC_init                         
0     000092be  CLA_init                         
0     000092c1  _system_post_cinit               
1     0000000a  filterOut                        
1     0000000c  filterIn                         
1     0000000e  lastY                            
1     00000400  __stack                          
1     000007f8  __TI_STACK_END                   
1     0000aca8  AdcBuf                           
1     0000ae9c  __TI_enable_exit_profile_output  
1     0000ae9e  __TI_cleanup_ptr                 
1     0000aea0  __TI_dtors_ptr                   
1     0000aea2  _lock                            
1     0000aea4  _unlock                          
1     0000aea6  AdcBufPtr                        
abs   000003f8  __TI_STACK_SIZE                  
abs   ffffffff  __TI_pprof_out_hndl              
abs   ffffffff  __TI_prof_data_size              
abs   ffffffff  __TI_prof_data_start             
n/a   UNDEFED   __c_args__                       

[83 symbols]
